{"Time":"2026-09-05T09:08:19.046662-04:00","Action":"start","Package":"github.com/davidadel66/evie/cmd/evie"}
{"Time":"2026-09-05T09:08:19.43003-04:00","Action":"run","Package":"github.com/davidadel66/evie/cmd/evie","Test":"TestStage4ForegroundRestartClosedReviewReplay"}
{"Time":"2026-09-05T09:08:19.430082-04:00","Action":"output","Package":"github.com/davidadel66/evie/cmd/evie","Test":"TestStage4ForegroundRestartClosedReviewReplay","Output":"=== RUN   TestStage4ForegroundRestartClosedReviewReplay\n"}
{"Time":"2026-09-05T09:08:21.161462-04:00","Action":"start","Package":"github.com/davidadel66/evie/internal/eviedb"}
{"Time":"2026-09-05T09:08:21.463646-04:00","Action":"run","Package":"github.com/davidadel66/evie/internal/eviedb","Test":"TestStage4StartupRetryBoundaries"}
{"Time":"2026-09-05T09:08:21.463701-04:00","Action":"output","Package":"github.com/davidadel66/evie/internal/eviedb","Test":"TestStage4StartupRetryBoundaries","Output":"=== RUN   TestStage4StartupRetryBoundaries\n"}
{"Time":"2026-09-05T09:08:21.463715-04:00","Action":"run","Package":"github.com/davidadel66/evie/internal/eviedb","Test":"TestStage4StartupRetryBoundaries/only_typed_BUSY_retries"}
{"Time":"2026-09-05T09:08:21.46372-04:00","Action":"output","Package":"github.com/davidadel66/evie/internal/eviedb","Test":"TestStage4StartupRetryBoundaries/only_typed_BUSY_retries","Output":"=== RUN   TestStage4StartupRetryBoundaries/only_typed_BUSY_retries\n"}
{"Time":"2026-09-05T09:08:21.466172-04:00","Action":"output","Package":"github.com/davidadel66/evie/internal/eviedb","Test":"TestStage4StartupRetryBoundaries/only_typed_BUSY_retries","Output":"--- PASS: TestStage4StartupRetryBoundaries/only_typed_BUSY_retries (0.00s)\n"}
{"Time":"2026-09-05T09:08:21.466194-04:00","Action":"pass","Package":"github.com/davidadel66/evie/internal/eviedb","Test":"TestStage4StartupRetryBoundaries/only_typed_BUSY_retries","Elapsed":0}
{"Time":"2026-09-05T09:08:21.466251-04:00","Action":"run","Package":"github.com/davidadel66/evie/internal/eviedb","Test":"TestStage4StartupRetryBoundaries/cancelled_before_connection"}
{"Time":"2026-09-05T09:08:21.46626-04:00","Action":"output","Package":"github.com/davidadel66/evie/internal/eviedb","Test":"TestStage4StartupRetryBoundaries/cancelled_before_connection","Output":"=== RUN   TestStage4StartupRetryBoundaries/cancelled_before_connection\n"}
{"Time":"2026-09-05T09:08:21.466309-04:00","Action":"output","Package":"github.com/davidadel66/evie/internal/eviedb","Test":"TestStage4StartupRetryBoundaries/cancelled_before_connection","Output":"--- PASS: TestStage4StartupRetryBoundaries/cancelled_before_connection (0.00s)\n"}
{"Time":"2026-09-05T09:08:21.466316-04:00","Action":"pass","Package":"github.com/davidadel66/evie/internal/eviedb","Test":"TestStage4StartupRetryBoundaries/cancelled_before_connection","Elapsed":0}
{"Time":"2026-09-05T09:08:21.466338-04:00","Action":"run","Package":"github.com/davidadel66/evie/internal/eviedb","Test":"TestStage4StartupRetryBoundaries/cancelled_between_attempts_retains_code"}
{"Time":"2026-09-05T09:08:21.466342-04:00","Action":"output","Package":"github.com/davidadel66/evie/internal/eviedb","Test":"TestStage4StartupRetryBoundaries/cancelled_between_attempts_retains_code","Output":"=== RUN   TestStage4StartupRetryBoundaries/cancelled_between_attempts_retains_code\n"}
{"Time":"2026-09-05T09:08:21.466385-04:00","Action":"output","Package":"github.com/davidadel66/evie/internal/eviedb","Test":"TestStage4StartupRetryBoundaries/cancelled_between_attempts_retains_code","Output":"--- PASS: TestStage4StartupRetryBoundaries/cancelled_between_attempts_retains_code (0.00s)\n"}
{"Time":"2026-09-05T09:08:21.466392-04:00","Action":"pass","Package":"github.com/davidadel66/evie/internal/eviedb","Test":"TestStage4StartupRetryBoundaries/cancelled_between_attempts_retains_code","Elapsed":0}
{"Time":"2026-09-05T09:08:21.466411-04:00","Action":"run","Package":"github.com/davidadel66/evie/internal/eviedb","Test":"TestStage4StartupRetryBoundaries/retry_deadline_preserves_last_BUSY"}
{"Time":"2026-09-05T09:08:21.466415-04:00","Action":"output","Package":"github.com/davidadel66/evie/internal/eviedb","Test":"TestStage4StartupRetryBoundaries/retry_deadline_preserves_last_BUSY","Output":"=== RUN   TestStage4StartupRetryBoundaries/retry_deadline_preserves_last_BUSY\n"}
{"Time":"2026-09-05T09:08:21.476717-04:00","Action":"output","Package":"github.com/davidadel66/evie/internal/eviedb","Test":"TestStage4StartupRetryBoundaries/retry_deadline_preserves_last_BUSY","Output":"--- PASS: TestStage4StartupRetryBoundaries/retry_deadline_preserves_last_BUSY (0.01s)\n"}
{"Time":"2026-09-05T09:08:21.476732-04:00","Action":"pass","Package":"github.com/davidadel66/evie/internal/eviedb","Test":"TestStage4StartupRetryBoundaries/retry_deadline_preserves_last_BUSY","Elapsed":0.01}
{"Time":"2026-09-05T09:08:21.476745-04:00","Action":"run","Package":"github.com/davidadel66/evie/internal/eviedb","Test":"TestStage4StartupRetryBoundaries/late_successful_connection_cannot_erase_cancellation"}
{"Time":"2026-09-05T09:08:21.476748-04:00","Action":"output","Package":"github.com/davidadel66/evie/internal/eviedb","Test":"TestStage4StartupRetryBoundaries/late_successful_connection_cannot_erase_cancellation","Output":"=== RUN   TestStage4StartupRetryBoundaries/late_successful_connection_cannot_erase_cancellation\n"}
{"Time":"2026-09-05T09:08:21.476792-04:00","Action":"output","Package":"github.com/davidadel66/evie/internal/eviedb","Test":"TestStage4StartupRetryBoundaries/late_successful_connection_cannot_erase_cancellation","Output":"--- PASS: TestStage4StartupRetryBoundaries/late_successful_connection_cannot_erase_cancellation (0.00s)\n"}
{"Time":"2026-09-05T09:08:21.476796-04:00","Action":"pass","Package":"github.com/davidadel66/evie/internal/eviedb","Test":"TestStage4StartupRetryBoundaries/late_successful_connection_cannot_erase_cancellation","Elapsed":0}
{"Time":"2026-09-05T09:08:21.476809-04:00","Action":"output","Package":"github.com/davidadel66/evie/internal/eviedb","Test":"TestStage4StartupRetryBoundaries","Output":"--- PASS: TestStage4StartupRetryBoundaries (0.01s)\n"}
{"Time":"2026-09-05T09:08:21.476821-04:00","Action":"pass","Package":"github.com/davidadel66/evie/internal/eviedb","Test":"TestStage4StartupRetryBoundaries","Elapsed":0.01}
{"Time":"2026-09-05T09:08:21.476841-04:00","Action":"run","Package":"github.com/davidadel66/evie/internal/eviedb","Test":"TestStage4StartupIndependentProcesses"}
{"Time":"2026-09-05T09:08:21.476844-04:00","Action":"output","Package":"github.com/davidadel66/evie/internal/eviedb","Test":"TestStage4StartupIndependentProcesses","Output":"=== RUN   TestStage4StartupIndependentProcesses\n"}
{"Time":"2026-09-05T09:08:21.477119-04:00","Action":"run","Package":"github.com/davidadel66/evie/internal/eviedb","Test":"TestStage4StartupIndependentProcesses/fresh_0"}
{"Time":"2026-09-05T09:08:21.477123-04:00","Action":"output","Package":"github.com/davidadel66/evie/internal/eviedb","Test":"TestStage4StartupIndependentProcesses/fresh_0","Output":"=== RUN   TestStage4StartupIndependentProcesses/fresh_0\n"}
{"Time":"2026-09-05T09:08:22.711459-04:00","Action":"output","Package":"github.com/davidadel66/evie/internal/eviedb","Test":"TestStage4StartupIndependentProcesses/fresh_0","Output":"--- PASS: TestStage4StartupIndependentProcesses/fresh_0 (1.23s)\n"}
{"Time":"2026-09-05T09:08:22.711483-04:00","Action":"pass","Package":"github.com/davidadel66/evie/internal/eviedb","Test":"TestStage4StartupIndependentProcesses/fresh_0","Elapsed":1.23}
{"Time":"2026-09-05T09:08:22.711581-04:00","Action":"run","Package":"github.com/davidadel66/evie/internal/eviedb","Test":"TestStage4StartupIndependentProcesses/existing_0"}
{"Time":"2026-09-05T09:08:22.711585-04:00","Action":"output","Package":"github.com/davidadel66/evie/internal/eviedb","Test":"TestStage4StartupIndependentProcesses/existing_0","Output":"=== RUN   TestStage4StartupIndependentProcesses/existing_0\n"}
{"Time":"2026-09-05T09:08:23.226585-04:00","Action":"output","Package":"github.com/davidadel66/evie/internal/eviedb","Test":"TestStage4StartupIndependentProcesses/existing_0","Output":"--- PASS: TestStage4StartupIndependentProcesses/existing_0 (0.51s)\n"}
{"Time":"2026-09-05T09:08:23.226612-04:00","Action":"pass","Package":"github.com/davidadel66/evie/internal/eviedb","Test":"TestStage4StartupIndependentProcesses/existing_0","Elapsed":0.51}
{"Time":"2026-09-05T09:08:23.226772-04:00","Action":"run","Package":"github.com/davidadel66/evie/internal/eviedb","Test":"TestStage4StartupIndependentProcesses/fresh_1"}
{"Time":"2026-09-05T09:08:23.226776-04:00","Action":"output","Package":"github.com/davidadel66/evie/internal/eviedb","Test":"TestStage4StartupIndependentProcesses/fresh_1","Output":"=== RUN   TestStage4StartupIndependentProcesses/fresh_1\n"}
{"Time":"2026-09-05T09:08:24.22855-04:00","Action":"output","Package":"github.com/davidadel66/evie/cmd/evie","Test":"TestStage4ForegroundRestartClosedReviewReplay","Output":"    memory_stage4_conformance_test.go:455: STAGE4_EVIDENCE {\"details\":{\"accepted_operation\":\"9f002fd6-97cb-475d-b94b-c8faa36ce60f\",\"adapter_results_equal\":true,\"candidate_id\":\"030c349faa90e4914b4c9cb50513a76a2051f7c72be59edb4dde0a38fcc2cce2\",\"canonical_replay\":true,\"effect_sha256\":\"sha256:ae7315cdf62711c2fe4dcbc7ae42ea5e9e68273319b326bd2ec19d2aafd76a4f\",\"foreground_turns\":2,\"preview_sha256\":\"sha256:6e097eb267e820367320f999929b77c1d97a5ca35669e30a4024ddf963fb5c8b\",\"quarantine_rebuild\":true,\"recovered_attempts\":2,\"replay_external_effects\":0,\"replay_model_calls\":0,\"source_session_closed\":true,\"source_sha256\":\"sha256:42b7e81be79161494a4e8441cdcf300db8d1f6166b28df2bafed03a763d9cb0f\",\"stalled_inferences\":1},\"scenario\":\"foreground_restart_closed_review_replay\",\"version\":\"memory-stage-4-conformance-v1\"}\n"}
{"Time":"2026-09-05T09:08:24.236077-04:00","Action":"output","Package":"github.com/davidadel66/evie/cmd/evie","Test":"TestStage4ForegroundRestartClosedReviewReplay","Output":"--- PASS: TestStage4ForegroundRestartClosedReviewReplay (4.81s)\n"}
{"Time":"2026-09-05T09:08:24.236099-04:00","Action":"pass","Package":"github.com/davidadel66/evie/cmd/evie","Test":"TestStage4ForegroundRestartClosedReviewReplay","Elapsed":4.81}
{"Time":"2026-09-05T09:08:24.236105-04:00","Action":"run","Package":"github.com/davidadel66/evie/cmd/evie","Test":"TestStage4HistoryGapEmptyAndGenerationConformance"}
{"Time":"2026-09-05T09:08:24.236109-04:00","Action":"output","Package":"github.com/davidadel66/evie/cmd/evie","Test":"TestStage4HistoryGapEmptyAndGenerationConformance","Output":"=== RUN   TestStage4HistoryGapEmptyAndGenerationConformance\n"}
{"Time":"2026-09-05T09:08:24.436193-04:00","Action":"output","Package":"github.com/davidadel66/evie/internal/eviedb","Test":"TestStage4StartupIndependentProcesses/fresh_1","Output":"--- PASS: TestStage4StartupIndependentProcesses/fresh_1 (1.21s)\n"}
{"Time":"2026-09-05T09:08:24.436216-04:00","Action":"pass","Package":"github.com/davidadel66/evie/internal/eviedb","Test":"TestStage4StartupIndependentProcesses/fresh_1","Elapsed":1.21}
{"Time":"2026-09-05T09:08:24.436276-04:00","Action":"run","Package":"github.com/davidadel66/evie/internal/eviedb","Test":"TestStage4StartupIndependentProcesses/existing_1"}
{"Time":"2026-09-05T09:08:24.436279-04:00","Action":"output","Package":"github.com/davidadel66/evie/internal/eviedb","Test":"TestStage4StartupIndependentProcesses/existing_1","Output":"=== RUN   TestStage4StartupIndependentProcesses/existing_1\n"}
{"Time":"2026-09-05T09:08:24.951475-04:00","Action":"output","Package":"github.com/davidadel66/evie/internal/eviedb","Test":"TestStage4StartupIndependentProcesses/existing_1","Output":"--- PASS: TestStage4StartupIndependentProcesses/existing_1 (0.52s)\n"}
{"Time":"2026-09-05T09:08:24.951499-04:00","Action":"pass","Package":"github.com/davidadel66/evie/internal/eviedb","Test":"TestStage4StartupIndependentProcesses/existing_1","Elapsed":0.52}
{"Time":"2026-09-05T09:08:24.95174-04:00","Action":"run","Package":"github.com/davidadel66/evie/internal/eviedb","Test":"TestStage4StartupIndependentProcesses/fresh_2"}
{"Time":"2026-09-05T09:08:24.951747-04:00","Action":"output","Package":"github.com/davidadel66/evie/internal/eviedb","Test":"TestStage4StartupIndependentProcesses/fresh_2","Output":"=== RUN   TestStage4StartupIndependentProcesses/fresh_2\n"}
{"Time":"2026-09-05T09:08:26.153184-04:00","Action":"output","Package":"github.com/davidadel66/evie/internal/eviedb","Test":"TestStage4StartupIndependentProcesses/fresh_2","Output":"--- PASS: TestStage4StartupIndependentProcesses/fresh_2 (1.20s)\n"}
{"Time":"2026-09-05T09:08:26.153213-04:00","Action":"pass","Package":"github.com/davidadel66/evie/internal/eviedb","Test":"TestStage4StartupIndependentProcesses/fresh_2","Elapsed":1.2}
{"Time":"2026-09-05T09:08:26.153307-04:00","Action":"run","Package":"github.com/davidadel66/evie/internal/eviedb","Test":"TestStage4StartupIndependentProcesses/existing_2"}
{"Time":"2026-09-05T09:08:26.15332-04:00","Action":"output","Package":"github.com/davidadel66/evie/internal/eviedb","Test":"TestStage4StartupIndependentProcesses/existing_2","Output":"=== RUN   TestStage4StartupIndependentProcesses/existing_2\n"}
{"Time":"2026-09-05T09:08:26.670022-04:00","Action":"output","Package":"github.com/davidadel66/evie/internal/eviedb","Test":"TestStage4StartupIndependentProcesses/existing_2","Output":"--- PASS: TestStage4StartupIndependentProcesses/existing_2 (0.52s)\n"}
{"Time":"2026-09-05T09:08:26.670046-04:00","Action":"pass","Package":"github.com/davidadel66/evie/internal/eviedb","Test":"TestStage4StartupIndependentProcesses/existing_2","Elapsed":0.52}
{"Time":"2026-09-05T09:08:26.670214-04:00","Action":"run","Package":"github.com/davidadel66/evie/internal/eviedb","Test":"TestStage4StartupIndependentProcesses/fresh_3"}
{"Time":"2026-09-05T09:08:26.670218-04:00","Action":"output","Package":"github.com/davidadel66/evie/internal/eviedb","Test":"TestStage4StartupIndependentProcesses/fresh_3","Output":"=== RUN   TestStage4StartupIndependentProcesses/fresh_3\n"}
{"Time":"2026-09-05T09:08:27.241603-04:00","Action":"output","Package":"github.com/davidadel66/evie/cmd/evie","Test":"TestStage4HistoryGapEmptyAndGenerationConformance","Output":"    memory_stage4_history_conformance_test.go:167: STAGE4_EVIDENCE {\"details\":{\"automatic_history_sweep\":false,\"canonical_replay\":true,\"contiguous_frontier\":4,\"edit_sha256\":\"4a829b21556549ff0a2f636ea6f6a3aef77041ce67a1f39965fe32bfe21a3a1c\",\"empty_job_id\":\"fa6f7c405738840f24d4b1256805a1644a536964416255e623e1c8590fe81925\",\"fresh_support_requires_review\":true,\"gap_job_id\":\"434b2218931cb86bcb57477ab4b2d24a66dd06fca59261f83532cc6d7e50c379\",\"outside_events\":7,\"outside_root\":\"fce3bc76-a287-4b9d-ba5c-3b387d906d8d\",\"preserved_rejection\":true,\"receipt_generation\":\"1a59ccdcc35e48534550851fb34df85a7c9752dcfff792d41ef1038dd2dcbf84\",\"repeat_generation\":\"0eecd72b2f83341f692954ffd0090c65a8dad9d3174b8ab6c46f802509f40608\",\"selected_events\":6,\"upgrade_generation\":\"5d3fc8b1a8e4b52384d35ac7046e6d7ee7713a8084937f84f9a14722b4dff2df\"},\"scenario\":\"history_gap_empty_generation_lineage\",\"version\":\"memory-stage-4-conformance-v1\"}\n"}
{"Time":"2026-09-05T09:08:27.243918-04:00","Action":"output","Package":"github.com/davidadel66/evie/cmd/evie","Test":"TestStage4HistoryGapEmptyAndGenerationConformance","Output":"--- PASS: TestStage4HistoryGapEmptyAndGenerationConformance (3.01s)\n"}
{"Time":"2026-09-05T09:08:27.243927-04:00","Action":"pass","Package":"github.com/davidadel66/evie/cmd/evie","Test":"TestStage4HistoryGapEmptyAndGenerationConformance","Elapsed":3.01}
{"Time":"2026-09-05T09:08:27.243964-04:00","Action":"run","Package":"github.com/davidadel66/evie/cmd/evie","Test":"TestStage4AtomicBatchPolicyConformance"}
{"Time":"2026-09-05T09:08:27.243968-04:00","Action":"output","Package":"github.com/davidadel66/evie/cmd/evie","Test":"TestStage4AtomicBatchPolicyConformance","Output":"=== RUN   TestStage4AtomicBatchPolicyConformance\n"}
{"Time":"2026-09-05T09:08:27.897201-04:00","Action":"output","Package":"github.com/davidadel66/evie/internal/eviedb","Test":"TestStage4StartupIndependentProcesses/fresh_3","Output":"--- PASS: TestStage4StartupIndependentProcesses/fresh_3 (1.23s)\n"}
{"Time":"2026-09-05T09:08:27.897219-04:00","Action":"pass","Package":"github.com/davidadel66/evie/internal/eviedb","Test":"TestStage4StartupIndependentProcesses/fresh_3","Elapsed":1.23}
{"Time":"2026-09-05T09:08:27.897296-04:00","Action":"run","Package":"github.com/davidadel66/evie/internal/eviedb","Test":"TestStage4StartupIndependentProcesses/existing_3"}
{"Time":"2026-09-05T09:08:27.897306-04:00","Action":"output","Package":"github.com/davidadel66/evie/internal/eviedb","Test":"TestStage4StartupIndependentProcesses/existing_3","Output":"=== RUN   TestStage4StartupIndependentProcesses/existing_3\n"}
{"Time":"2026-09-05T09:08:28.418218-04:00","Action":"output","Package":"github.com/davidadel66/evie/internal/eviedb","Test":"TestStage4StartupIndependentProcesses/existing_3","Output":"--- PASS: TestStage4StartupIndependentProcesses/existing_3 (0.52s)\n"}
{"Time":"2026-09-05T09:08:28.418252-04:00","Action":"pass","Package":"github.com/davidadel66/evie/internal/eviedb","Test":"TestStage4StartupIndependentProcesses/existing_3","Elapsed":0.52}
{"Time":"2026-09-05T09:08:28.418437-04:00","Action":"run","Package":"github.com/davidadel66/evie/internal/eviedb","Test":"TestStage4StartupIndependentProcesses/fresh_4"}
{"Time":"2026-09-05T09:08:28.418445-04:00","Action":"output","Package":"github.com/davidadel66/evie/internal/eviedb","Test":"TestStage4StartupIndependentProcesses/fresh_4","Output":"=== RUN   TestStage4StartupIndependentProcesses/fresh_4\n"}
{"Time":"2026-09-05T09:08:29.626424-04:00","Action":"output","Package":"github.com/davidadel66/evie/internal/eviedb","Test":"TestStage4StartupIndependentProcesses/fresh_4","Output":"--- PASS: TestStage4StartupIndependentProcesses/fresh_4 (1.21s)\n"}
{"Time":"2026-09-05T09:08:29.626443-04:00","Action":"pass","Package":"github.com/davidadel66/evie/internal/eviedb","Test":"TestStage4StartupIndependentProcesses/fresh_4","Elapsed":1.21}
{"Time":"2026-09-05T09:08:29.626491-04:00","Action":"run","Package":"github.com/davidadel66/evie/internal/eviedb","Test":"TestStage4StartupIndependentProcesses/existing_4"}
{"Time":"2026-09-05T09:08:29.626494-04:00","Action":"output","Package":"github.com/davidadel66/evie/internal/eviedb","Test":"TestStage4StartupIndependentProcesses/existing_4","Output":"=== RUN   TestStage4StartupIndependentProcesses/existing_4\n"}
{"Time":"2026-09-05T09:08:30.144044-04:00","Action":"output","Package":"github.com/davidadel66/evie/internal/eviedb","Test":"TestStage4StartupIndependentProcesses/existing_4","Output":"--- PASS: TestStage4StartupIndependentProcesses/existing_4 (0.52s)\n"}
{"Time":"2026-09-05T09:08:30.144072-04:00","Action":"pass","Package":"github.com/davidadel66/evie/internal/eviedb","Test":"TestStage4StartupIndependentProcesses/existing_4","Elapsed":0.52}
{"Time":"2026-09-05T09:08:30.144215-04:00","Action":"run","Package":"github.com/davidadel66/evie/internal/eviedb","Test":"TestStage4StartupIndependentProcesses/fresh_5"}
{"Time":"2026-09-05T09:08:30.144219-04:00","Action":"output","Package":"github.com/davidadel66/evie/internal/eviedb","Test":"TestStage4StartupIndependentProcesses/fresh_5","Output":"=== RUN   TestStage4StartupIndependentProcesses/fresh_5\n"}
{"Time":"2026-09-05T09:08:30.243365-04:00","Action":"output","Package":"github.com/davidadel66/evie/cmd/evie","Test":"TestStage4AtomicBatchPolicyConformance","Output":"    memory_stage4_review_conformance_test.go:190: STAGE4_EVIDENCE {\"details\":{\"accepted_truth_preserved\":true,\"atomic_claims\":2,\"atomic_effect_sha256\":\"sha256:0ba9a127deebb8f18d39c3275fea8e3e554f141ada30cc9c80b07c13a062bcee\",\"canonical_replay\":true,\"duplicate_adapter_results_equal\":true,\"historical_acceptance_sha256\":\"b54c1aa5bdfa12b8bbebf39bc8329a0a6ce4bd839b6d662154780f46b6dabaa1\",\"original_source_closed\":true,\"outer_rollback\":true,\"permanent_partial_result\":true,\"preview_sha256\":\"sha256:4c3d1cc64e3694ab67bb60f3757779e14e00168d02e5f89c3c150e25c8519060\",\"source_policy_redacts\":true},\"scenario\":\"atomic_batch_source_policy\",\"version\":\"memory-stage-4-conformance-v1\"}\n"}
{"Time":"2026-09-05T09:08:30.250184-04:00","Action":"output","Package":"github.com/davidadel66/evie/cmd/evie","Test":"TestStage4AtomicBatchPolicyConformance","Output":"--- PASS: TestStage4AtomicBatchPolicyConformance (3.01s)\n"}
{"Time":"2026-09-05T09:08:30.250196-04:00","Action":"pass","Package":"github.com/davidadel66/evie/cmd/evie","Test":"TestStage4AtomicBatchPolicyConformance","Elapsed":3.01}
{"Time":"2026-09-05T09:08:30.250278-04:00","Action":"run","Package":"github.com/davidadel66/evie/cmd/evie","Test":"TestStage4ScopeAdapterConformance"}
{"Time":"2026-09-05T09:08:30.250285-04:00","Action":"output","Package":"github.com/davidadel66/evie/cmd/evie","Test":"TestStage4ScopeAdapterConformance","Output":"=== RUN   TestStage4ScopeAdapterConformance\n"}
{"Time":"2026-09-05T09:08:31.398283-04:00","Action":"output","Package":"github.com/davidadel66/evie/internal/eviedb","Test":"TestStage4StartupIndependentProcesses/fresh_5","Output":"--- PASS: TestStage4StartupIndependentProcesses/fresh_5 (1.25s)\n"}
{"Time":"2026-09-05T09:08:31.398337-04:00","Action":"pass","Package":"github.com/davidadel66/evie/internal/eviedb","Test":"TestStage4StartupIndependentProcesses/fresh_5","Elapsed":1.25}
{"Time":"2026-09-05T09:08:31.398436-04:00","Action":"run","Package":"github.com/davidadel66/evie/internal/eviedb","Test":"TestStage4StartupIndependentProcesses/existing_5"}
{"Time":"2026-09-05T09:08:31.39844-04:00","Action":"output","Package":"github.com/davidadel66/evie/internal/eviedb","Test":"TestStage4StartupIndependentProcesses/existing_5","Output":"=== RUN   TestStage4StartupIndependentProcesses/existing_5\n"}
{"Time":"2026-09-05T09:08:31.9184-04:00","Action":"output","Package":"github.com/davidadel66/evie/internal/eviedb","Test":"TestStage4StartupIndependentProcesses/existing_5","Output":"--- PASS: TestStage4StartupIndependentProcesses/existing_5 (0.52s)\n"}
{"Time":"2026-09-05T09:08:31.918427-04:00","Action":"pass","Package":"github.com/davidadel66/evie/internal/eviedb","Test":"TestStage4StartupIndependentProcesses/existing_5","Elapsed":0.52}
{"Time":"2026-09-05T09:08:31.918581-04:00","Action":"run","Package":"github.com/davidadel66/evie/internal/eviedb","Test":"TestStage4StartupIndependentProcesses/fresh_6"}
{"Time":"2026-09-05T09:08:31.918584-04:00","Action":"output","Package":"github.com/davidadel66/evie/internal/eviedb","Test":"TestStage4StartupIndependentProcesses/fresh_6","Output":"=== RUN   TestStage4StartupIndependentProcesses/fresh_6\n"}
{"Time":"2026-09-05T09:08:33.152063-04:00","Action":"output","Package":"github.com/davidadel66/evie/internal/eviedb","Test":"TestStage4StartupIndependentProcesses/fresh_6","Output":"--- PASS: TestStage4StartupIndependentProcesses/fresh_6 (1.23s)\n"}
{"Time":"2026-09-05T09:08:33.152092-04:00","Action":"pass","Package":"github.com/davidadel66/evie/internal/eviedb","Test":"TestStage4StartupIndependentProcesses/fresh_6","Elapsed":1.23}
{"Time":"2026-09-05T09:08:33.152161-04:00","Action":"run","Package":"github.com/davidadel66/evie/internal/eviedb","Test":"TestStage4StartupIndependentProcesses/existing_6"}
{"Time":"2026-09-05T09:08:33.152165-04:00","Action":"output","Package":"github.com/davidadel66/evie/internal/eviedb","Test":"TestStage4StartupIndependentProcesses/existing_6","Output":"=== RUN   TestStage4StartupIndependentProcesses/existing_6\n"}
{"Time":"2026-09-05T09:08:33.67876-04:00","Action":"output","Package":"github.com/davidadel66/evie/internal/eviedb","Test":"TestStage4StartupIndependentProcesses/existing_6","Output":"--- PASS: TestStage4StartupIndependentProcesses/existing_6 (0.53s)\n"}
{"Time":"2026-09-05T09:08:33.678784-04:00","Action":"pass","Package":"github.com/davidadel66/evie/internal/eviedb","Test":"TestStage4StartupIndependentProcesses/existing_6","Elapsed":0.53}
{"Time":"2026-09-05T09:08:33.678929-04:00","Action":"run","Package":"github.com/davidadel66/evie/internal/eviedb","Test":"TestStage4StartupIndependentProcesses/fresh_7"}
{"Time":"2026-09-05T09:08:33.678934-04:00","Action":"output","Package":"github.com/davidadel66/evie/internal/eviedb","Test":"TestStage4StartupIndependentProcesses/fresh_7","Output":"=== RUN   TestStage4StartupIndependentProcesses/fresh_7\n"}
{"Time":"2026-09-05T09:08:34.913284-04:00","Action":"output","Package":"github.com/davidadel66/evie/internal/eviedb","Test":"TestStage4StartupIndependentProcesses/fresh_7","Output":"--- PASS: TestStage4StartupIndependentProcesses/fresh_7 (1.24s)\n"}
{"Time":"2026-09-05T09:08:34.913318-04:00","Action":"pass","Package":"github.com/davidadel66/evie/internal/eviedb","Test":"TestStage4StartupIndependentProcesses/fresh_7","Elapsed":1.24}
{"Time":"2026-09-05T09:08:34.913397-04:00","Action":"run","Package":"github.com/davidadel66/evie/internal/eviedb","Test":"TestStage4StartupIndependentProcesses/existing_7"}
{"Time":"2026-09-05T09:08:34.913401-04:00","Action":"output","Package":"github.com/davidadel66/evie/internal/eviedb","Test":"TestStage4StartupIndependentProcesses/existing_7","Output":"=== RUN   TestStage4StartupIndependentProcesses/existing_7\n"}
{"Time":"2026-09-05T09:08:35.214177-04:00","Action":"output","Package":"github.com/davidadel66/evie/cmd/evie","Test":"TestStage4ScopeAdapterConformance","Output":"    memory_stage4_scope_conformance_test.go:151: STAGE4_EVIDENCE {\"details\":{\"canonical_replay\":true,\"closed_sources\":7,\"cross_scope_denials_per_surface\":42,\"implicit_promotion_denied\":true,\"scope_cases\":[{\"candidate_id\":\"7998b2223d976a1798b5f78b17cba6e4c1b0eabd1b092525af76f49bb99a3da8\",\"effect_sha256\":\"sha256:ad32c647de21d52130dde50eef5cf6124aeef22379af5cfcc2da8992dd15d98e\",\"operation_id\":\"96c5c720-9896-407a-b68f-f447f8ceeaa0\",\"preview_sha256\":\"sha256:57bfa76b5d9735919f81803336639922362f549775790d0d6ad957801785e6a2\",\"scope\":\"global\",\"scope_family\":\"global\"},{\"candidate_id\":\"ff7b7a6c5bcfeeefdb623fa501e1c45a31767cacc46aa017559a1ab6de9a02f6\",\"effect_sha256\":\"sha256:61a99a52068d099d61b7027285afd976bfbfff1c59bad27dd72721133adf1d10\",\"operation_id\":\"9f94967c-5aec-415c-88f2-ee2e5a66f7d0\",\"preview_sha256\":\"sha256:048ad10931dedc6fba8b60932c3da9b6235d9ec50d63853c7b2056dbf02c4908\",\"scope\":\"workspace:e2c40e0f-f910-4ff1-a788-c1a175b8daff\",\"scope_family\":\"workspace_0\"},{\"candidate_id\":\"bd9643840b998e51c733c5db8c8102e7989af"}
{"Time":"2026-09-05T09:08:35.214209-04:00","Action":"output","Package":"github.com/davidadel66/evie/cmd/evie","Test":"TestStage4ScopeAdapterConformance","Output":"622d99612477bef4c7bb1699a5c\",\"effect_sha256\":\"sha256:0e1ad8f77993fb73832b44ea0e20d78836b4dafd82cd79326fcf020a0fc93faf\",\"operation_id\":\"cd7cde0e-ecac-4288-8e01-37292faa951a\",\"preview_sha256\":\"sha256:a90c8ae85556818904b11feaa1e95bca33ab73d76c8af79095fe9f3de6eb262f\",\"scope\":\"workspace:bc0d822d-3805-47a9-84b0-c4f7f1597646\",\"scope_family\":\"workspace_1\"},{\"candidate_id\":\"5553bc512cb26c98dfb68721451ec8871affb1a3b27116b16098f916a592bd58\",\"effect_sha256\":\"sha256:a323a30cb7cca760be87b7dfcb6e7d841b14c266980f6d06b8dfa776c6aa23e5\",\"operation_id\":\"d0945e7f-46e2-4c7c-a61a-4cbb1287830f\",\"preview_sha256\":\"sha256:5d818a9eea43b4743ab999e063405e23418ca16b8c55fd62801667d39554be6d\",\"scope\":\"project:4a2b3d58-e182-4078-8b3e-442d689cc774\",\"scope_family\":\"project_0\"},{\"candidate_id\":\"11e4309263a45ac732fbcae27fbfae0d89943fe5e6fc3ac62e2d1cf6fb3d3544\",\"effect_sha256\":\"sha256:4c0f98d3191d33b6f0c99b805a964235cdc0e0d09902e9554ffaa4428c30ac29\",\"operation_id\":\"3290072d-a9d7-40f3-ad3b-e5661dec56a0\",\"preview_sha256\":\"sha256:2ac72d0e1a381cb31c90"}
{"Time":"2026-09-05T09:08:35.21422-04:00","Action":"output","Package":"github.com/davidadel66/evie/cmd/evie","Test":"TestStage4ScopeAdapterConformance","Output":"e687fdc614be0058d08c37477e23bb3eb15950afd83c\",\"scope\":\"project:80df5bb8-bfd9-4563-9a81-4fca84a702a0\",\"scope_family\":\"project_1\"},{\"candidate_id\":\"d6e2ca775624014b04d6caaca6f30ee4d27a9a29bfbe549c32f0d253ff7d40aa\",\"effect_sha256\":\"sha256:4921759a70405c90cb80b9184d93815ef09e911c162ce0062995a69457eb0c07\",\"operation_id\":\"b7e7fe4c-bb3e-4d28-a73c-ab1a1a5e733b\",\"preview_sha256\":\"sha256:a8b9ca0eda7c1904e475c6b007d24ccab149f4bddf51926423941dfafe26c408\",\"scope\":\"session:5f2abd71-8492-4f9c-8ebf-305bceb24816\",\"scope_family\":\"session_0\"},{\"candidate_id\":\"adf766b8b23d8d2b66b4b03f092d1eb02729153dcf016a73d75c6b0c646aa563\",\"effect_sha256\":\"sha256:4b2e68ea48edf09a9bb4ada4758b4f21fb8cdb5e2986815503573d1516670972\",\"operation_id\":\"de46d4f0-89b0-4bc8-bf7b-36ae1370ca81\",\"preview_sha256\":\"sha256:112a7b27d825a71e92a8f774dccc6d39c6564535d4b134b3e5ed31a8604f4d9d\",\"scope\":\"session:e22f7c2f-0d98-4942-a93f-98707209936f\",\"scope_family\":\"session_1\"}]},\"scenario\":\"scope_adapter_matrix\",\"version\":\"memory-stage-4-conformance-v1\"}\n"}
{"Time":"2026-09-05T09:08:35.232601-04:00","Action":"output","Package":"github.com/davidadel66/evie/cmd/evie","Test":"TestStage4ScopeAdapterConformance","Output":"--- PASS: TestStage4ScopeAdapterConformance (4.98s)\n"}
{"Time":"2026-09-05T09:08:35.232619-04:00","Action":"pass","Package":"github.com/davidadel66/evie/cmd/evie","Test":"TestStage4ScopeAdapterConformance","Elapsed":4.98}
{"Time":"2026-09-05T09:08:35.23264-04:00","Action":"run","Package":"github.com/davidadel66/evie/cmd/evie","Test":"TestStage4GenericStorageConformance"}
{"Time":"2026-09-05T09:08:35.232643-04:00","Action":"output","Package":"github.com/davidadel66/evie/cmd/evie","Test":"TestStage4GenericStorageConformance","Output":"=== RUN   TestStage4GenericStorageConformance\n"}
{"Time":"2026-09-05T09:08:35.427523-04:00","Action":"output","Package":"github.com/davidadel66/evie/internal/eviedb","Test":"TestStage4StartupIndependentProcesses/existing_7","Output":"--- PASS: TestStage4StartupIndependentProcesses/existing_7 (0.51s)\n"}
{"Time":"2026-09-05T09:08:35.427552-04:00","Action":"pass","Package":"github.com/davidadel66/evie/internal/eviedb","Test":"TestStage4StartupIndependentProcesses/existing_7","Elapsed":0.51}
{"Time":"2026-09-05T09:08:35.427721-04:00","Action":"output","Package":"github.com/davidadel66/evie/internal/eviedb","Test":"TestStage4StartupIndependentProcesses","Output":"    sqlite_startup_test.go:201: STAGE4_EVIDENCE {\"details\":{\"busy_timeout_ms\":5000,\"file_mode\":\"0600\",\"foreign_keys\":1,\"fresh_and_existing\":true,\"independent_starts\":48,\"journal_mode\":\"wal\",\"sqlite_version\":\"3.53.2\",\"unprimed_connections\":true},\"scenario\":\"public_sqlite_startup\",\"version\":\"memory-stage-4-conformance-v1\"}\n"}
{"Time":"2026-09-05T09:08:35.429329-04:00","Action":"output","Package":"github.com/davidadel66/evie/internal/eviedb","Test":"TestStage4StartupIndependentProcesses","Output":"--- PASS: TestStage4StartupIndependentProcesses (13.95s)\n"}
{"Time":"2026-09-05T09:08:35.42935-04:00","Action":"pass","Package":"github.com/davidadel66/evie/internal/eviedb","Test":"TestStage4StartupIndependentProcesses","Elapsed":13.95}
{"Time":"2026-09-05T09:08:35.429402-04:00","Action":"run","Package":"github.com/davidadel66/evie/internal/eviedb","Test":"TestStage4StartupIncompatibleSchemaFailsWithoutRewrite"}
{"Time":"2026-09-05T09:08:35.429405-04:00","Action":"output","Package":"github.com/davidadel66/evie/internal/eviedb","Test":"TestStage4StartupIncompatibleSchemaFailsWithoutRewrite","Output":"=== RUN   TestStage4StartupIncompatibleSchemaFailsWithoutRewrite\n"}
{"Time":"2026-09-05T09:08:35.980339-04:00","Action":"output","Package":"github.com/davidadel66/evie/internal/eviedb","Test":"TestStage4StartupIncompatibleSchemaFailsWithoutRewrite","Output":"--- PASS: TestStage4StartupIncompatibleSchemaFailsWithoutRewrite (0.55s)\n"}
{"Time":"2026-09-05T09:08:35.980361-04:00","Action":"pass","Package":"github.com/davidadel66/evie/internal/eviedb","Test":"TestStage4StartupIncompatibleSchemaFailsWithoutRewrite","Elapsed":0.55}
{"Time":"2026-09-05T09:08:35.980367-04:00","Action":"run","Package":"github.com/davidadel66/evie/internal/eviedb","Test":"TestStage4ProcessConformanceWorkerRecovery"}
{"Time":"2026-09-05T09:08:35.98037-04:00","Action":"output","Package":"github.com/davidadel66/evie/internal/eviedb","Test":"TestStage4ProcessConformanceWorkerRecovery","Output":"=== RUN   TestStage4ProcessConformanceWorkerRecovery\n"}
{"Time":"2026-09-05T09:08:35.980409-04:00","Action":"run","Package":"github.com/davidadel66/evie/internal/eviedb","Test":"TestStage4ProcessConformanceWorkerRecovery/process_crash"}
{"Time":"2026-09-05T09:08:35.98042-04:00","Action":"output","Package":"github.com/davidadel66/evie/internal/eviedb","Test":"TestStage4ProcessConformanceWorkerRecovery/process_crash","Output":"=== RUN   TestStage4ProcessConformanceWorkerRecovery/process_crash\n"}
{"Time":"2026-09-05T09:08:36.392974-04:00","Action":"output","Package":"github.com/davidadel66/evie/cmd/evie","Test":"TestStage4GenericStorageConformance","Output":"    memory_stage4_scope_conformance_test.go:244: STAGE4_EVIDENCE {\"details\":{\"allowed_fixture_queries\":2,\"blocked_query_db_opens\":0,\"denied_model_queries\":308,\"exact_policy_rejections\":true,\"privileged_shell_claim\":\"unchanged documented limitation\",\"protected_tables_and_views\":77,\"unaccepted_candidate_isolated\":true,\"unquoted_direct_and_nested_queries\":true},\"scenario\":\"generic_storage_containment\",\"version\":\"memory-stage-4-conformance-v1\"}\n"}
{"Time":"2026-09-05T09:08:36.402426-04:00","Action":"output","Package":"github.com/davidadel66/evie/cmd/evie","Test":"TestStage4GenericStorageConformance","Output":"--- PASS: TestStage4GenericStorageConformance (1.17s)\n"}
{"Time":"2026-09-05T09:08:36.402437-04:00","Action":"pass","Package":"github.com/davidadel66/evie/cmd/evie","Test":"TestStage4GenericStorageConformance","Elapsed":1.17}
{"Time":"2026-09-05T09:08:36.402699-04:00","Action":"output","Package":"github.com/davidadel66/evie/cmd/evie","Output":"PASS\n"}
{"Time":"2026-09-05T09:08:37.408186-04:00","Action":"output","Package":"github.com/davidadel66/evie/cmd/evie","Output":"ok  \tgithub.com/davidadel66/evie/cmd/evie\t18.366s\n"}
{"Time":"2026-09-05T09:08:37.408217-04:00","Action":"pass","Package":"github.com/davidadel66/evie/cmd/evie","Elapsed":18.366}
{"Time":"2026-09-05T09:08:42.409768-04:00","Action":"output","Package":"github.com/davidadel66/evie/internal/eviedb","Test":"TestStage4ProcessConformanceWorkerRecovery/process_crash","Output":"    stage4_process_conformance_test.go:141: STAGE4_EVIDENCE {\"assertions\":{\"duplicate_dispatch_absent\":true,\"durable_attempts\":true,\"exact_release_verified\":true,\"exact_source_authority\":true,\"mismatched_ack_blocked\":true,\"real_processes\":true,\"single_candidate_publication\":true,\"unaccepted_graph_unchanged\":true,\"unknown_capacity_blocked\":true},\"scenario\":\"process_crash\",\"version\":\"memory-stage-4-conformance-v1\"}\n"}
{"Time":"2026-09-05T09:08:42.419318-04:00","Action":"output","Package":"github.com/davidadel66/evie/internal/eviedb","Test":"TestStage4ProcessConformanceWorkerRecovery/process_crash","Output":"--- PASS: TestStage4ProcessConformanceWorkerRecovery/process_crash (6.45s)\n"}
{"Time":"2026-09-05T09:08:42.419353-04:00","Action":"pass","Package":"github.com/davidadel66/evie/internal/eviedb","Test":"TestStage4ProcessConformanceWorkerRecovery/process_crash","Elapsed":6.45}
{"Time":"2026-09-05T09:08:42.419378-04:00","Action":"run","Package":"github.com/davidadel66/evie/internal/eviedb","Test":"TestStage4ProcessConformanceWorkerRecovery/expired_late_delivery"}
{"Time":"2026-09-05T09:08:42.419383-04:00","Action":"output","Package":"github.com/davidadel66/evie/internal/eviedb","Test":"TestStage4ProcessConformanceWorkerRecovery/expired_late_delivery","Output":"=== RUN   TestStage4ProcessConformanceWorkerRecovery/expired_late_delivery\n"}
{"Time":"2026-09-05T09:08:49.999475-04:00","Action":"output","Package":"github.com/davidadel66/evie/internal/eviedb","Test":"TestStage4ProcessConformanceWorkerRecovery/expired_late_delivery","Output":"    stage4_process_conformance_test.go:141: STAGE4_EVIDENCE {\"assertions\":{\"duplicate_dispatch_absent\":true,\"durable_attempts\":true,\"exact_release_verified\":true,\"exact_source_authority\":true,\"mismatched_ack_blocked\":true,\"real_processes\":true,\"replacement_capacity_preserved\":true,\"single_candidate_publication\":true,\"stale_delivery_fenced\":true,\"unaccepted_graph_unchanged\":true,\"unknown_capacity_blocked\":true},\"scenario\":\"expired_late_delivery\",\"version\":\"memory-stage-4-conformance-v1\"}\n"}
{"Time":"2026-09-05T09:08:50.00946-04:00","Action":"output","Package":"github.com/davidadel66/evie/internal/eviedb","Test":"TestStage4ProcessConformanceWorkerRecovery/expired_late_delivery","Output":"--- PASS: TestStage4ProcessConformanceWorkerRecovery/expired_late_delivery (7.60s)\n"}
{"Time":"2026-09-05T09:08:50.009502-04:00","Action":"pass","Package":"github.com/davidadel66/evie/internal/eviedb","Test":"TestStage4ProcessConformanceWorkerRecovery/expired_late_delivery","Elapsed":7.6}
{"Time":"2026-09-05T09:08:50.009589-04:00","Action":"run","Package":"github.com/davidadel66/evie/internal/eviedb","Test":"TestStage4ProcessConformanceWorkerRecovery/cancelled_late_delivery"}
{"Time":"2026-09-05T09:08:50.009594-04:00","Action":"output","Package":"github.com/davidadel66/evie/internal/eviedb","Test":"TestStage4ProcessConformanceWorkerRecovery/cancelled_late_delivery","Output":"=== RUN   TestStage4ProcessConformanceWorkerRecovery/cancelled_late_delivery\n"}
{"Time":"2026-09-05T09:08:57.604231-04:00","Action":"output","Package":"github.com/davidadel66/evie/internal/eviedb","Test":"TestStage4ProcessConformanceWorkerRecovery/cancelled_late_delivery","Output":"    stage4_process_conformance_test.go:141: STAGE4_EVIDENCE {\"assertions\":{\"duplicate_dispatch_absent\":true,\"durable_attempts\":true,\"exact_release_verified\":true,\"exact_source_authority\":true,\"mismatched_ack_blocked\":true,\"real_processes\":true,\"replacement_capacity_preserved\":true,\"single_candidate_publication\":true,\"stale_delivery_fenced\":true,\"unaccepted_graph_unchanged\":true,\"unknown_capacity_blocked\":true},\"scenario\":\"cancelled_late_delivery\",\"version\":\"memory-stage-4-conformance-v1\"}\n"}
{"Time":"2026-09-05T09:08:57.614112-04:00","Action":"output","Package":"github.com/davidadel66/evie/internal/eviedb","Test":"TestStage4ProcessConformanceWorkerRecovery/cancelled_late_delivery","Output":"--- PASS: TestStage4ProcessConformanceWorkerRecovery/cancelled_late_delivery (7.61s)\n"}
{"Time":"2026-09-05T09:08:57.614132-04:00","Action":"pass","Package":"github.com/davidadel66/evie/internal/eviedb","Test":"TestStage4ProcessConformanceWorkerRecovery/cancelled_late_delivery","Elapsed":7.61}
{"Time":"2026-09-05T09:08:57.614141-04:00","Action":"output","Package":"github.com/davidadel66/evie/internal/eviedb","Test":"TestStage4ProcessConformanceWorkerRecovery","Output":"--- PASS: TestStage4ProcessConformanceWorkerRecovery (21.65s)\n"}
{"Time":"2026-09-05T09:08:57.614173-04:00","Action":"pass","Package":"github.com/davidadel66/evie/internal/eviedb","Test":"TestStage4ProcessConformanceWorkerRecovery","Elapsed":21.65}
{"Time":"2026-09-05T09:08:57.614238-04:00","Action":"run","Package":"github.com/davidadel66/evie/internal/eviedb","Test":"TestStage4ProcessConformanceReviewCommitRecovery"}
{"Time":"2026-09-05T09:08:57.614242-04:00","Action":"output","Package":"github.com/davidadel66/evie/internal/eviedb","Test":"TestStage4ProcessConformanceReviewCommitRecovery","Output":"=== RUN   TestStage4ProcessConformanceReviewCommitRecovery\n"}
{"Time":"2026-09-05T09:08:57.614314-04:00","Action":"run","Package":"github.com/davidadel66/evie/internal/eviedb","Test":"TestStage4ProcessConformanceReviewCommitRecovery/before_commit"}
{"Time":"2026-09-05T09:08:57.614318-04:00","Action":"output","Package":"github.com/davidadel66/evie/internal/eviedb","Test":"TestStage4ProcessConformanceReviewCommitRecovery/before_commit","Output":"=== RUN   TestStage4ProcessConformanceReviewCommitRecovery/before_commit\n"}
{"Time":"2026-09-05T09:09:02.846482-04:00","Action":"output","Package":"github.com/davidadel66/evie/internal/eviedb","Test":"TestStage4ProcessConformanceReviewCommitRecovery/before_commit","Output":"    stage4_process_conformance_test.go:198: STAGE4_EVIDENCE {\"assertions\":{\"atomic_effects\":true,\"canonical_replay_valid\":true,\"competing_duplicate_receipts_equal\":true,\"prior_resolution_visible\":true,\"real_process_exit_at_review_commit\":true,\"single_canonical_operation\":true},\"scenario\":\"before_commit\",\"version\":\"memory-stage-4-conformance-v1\"}\n"}
{"Time":"2026-09-05T09:09:02.852023-04:00","Action":"output","Package":"github.com/davidadel66/evie/internal/eviedb","Test":"TestStage4ProcessConformanceReviewCommitRecovery/before_commit","Output":"--- PASS: TestStage4ProcessConformanceReviewCommitRecovery/before_commit (5.24s)\n"}
{"Time":"2026-09-05T09:09:02.852057-04:00","Action":"pass","Package":"github.com/davidadel66/evie/internal/eviedb","Test":"TestStage4ProcessConformanceReviewCommitRecovery/before_commit","Elapsed":5.24}
{"Time":"2026-09-05T09:09:02.852096-04:00","Action":"run","Package":"github.com/davidadel66/evie/internal/eviedb","Test":"TestStage4ProcessConformanceReviewCommitRecovery/after_commit"}
{"Time":"2026-09-05T09:09:02.852103-04:00","Action":"output","Package":"github.com/davidadel66/evie/internal/eviedb","Test":"TestStage4ProcessConformanceReviewCommitRecovery/after_commit","Output":"=== RUN   TestStage4ProcessConformanceReviewCommitRecovery/after_commit\n"}
{"Time":"2026-09-05T09:09:07.996839-04:00","Action":"output","Package":"github.com/davidadel66/evie/internal/eviedb","Test":"TestStage4ProcessConformanceReviewCommitRecovery/after_commit","Output":"    stage4_process_conformance_test.go:198: STAGE4_EVIDENCE {\"assertions\":{\"atomic_effects\":true,\"canonical_replay_valid\":true,\"competing_duplicate_receipts_equal\":true,\"prior_resolution_visible\":true,\"real_process_exit_at_review_commit\":true,\"single_canonical_operation\":true},\"scenario\":\"after_commit\",\"version\":\"memory-stage-4-conformance-v1\"}\n"}
{"Time":"2026-09-05T09:09:08.00265-04:00","Action":"output","Package":"github.com/davidadel66/evie/internal/eviedb","Test":"TestStage4ProcessConformanceReviewCommitRecovery/after_commit","Output":"--- PASS: TestStage4ProcessConformanceReviewCommitRecovery/after_commit (5.15s)\n"}
{"Time":"2026-09-05T09:09:08.002669-04:00","Action":"pass","Package":"github.com/davidadel66/evie/internal/eviedb","Test":"TestStage4ProcessConformanceReviewCommitRecovery/after_commit","Elapsed":5.15}
{"Time":"2026-09-05T09:09:08.002755-04:00","Action":"output","Package":"github.com/davidadel66/evie/internal/eviedb","Test":"TestStage4ProcessConformanceReviewCommitRecovery","Output":"--- PASS: TestStage4ProcessConformanceReviewCommitRecovery (10.39s)\n"}
{"Time":"2026-09-05T09:09:08.002767-04:00","Action":"pass","Package":"github.com/davidadel66/evie/internal/eviedb","Test":"TestStage4ProcessConformanceReviewCommitRecovery","Elapsed":10.39}
{"Time":"2026-09-05T09:09:08.003725-04:00","Action":"output","Package":"github.com/davidadel66/evie/internal/eviedb","Output":"PASS\n"}
{"Time":"2026-09-05T09:09:09.006473-04:00","Action":"output","Package":"github.com/davidadel66/evie/internal/eviedb","Output":"ok  \tgithub.com/davidadel66/evie/internal/eviedb\t47.867s\n"}
{"Time":"2026-09-05T09:09:09.006631-04:00","Action":"pass","Package":"github.com/davidadel66/evie/internal/eviedb","Elapsed":47.867}
