{"Time":"2026-09-05T10:09:40.343234-04:00","Action":"start","Package":"github.com/davidadel66/evie/cmd/evie"}
{"Time":"2026-09-05T10:09:40.726771-04:00","Action":"run","Package":"github.com/davidadel66/evie/cmd/evie","Test":"TestStage4ForegroundRestartClosedReviewReplay"}
{"Time":"2026-09-05T10:09:40.726841-04:00","Action":"output","Package":"github.com/davidadel66/evie/cmd/evie","Test":"TestStage4ForegroundRestartClosedReviewReplay","Output":"=== RUN   TestStage4ForegroundRestartClosedReviewReplay\n"}
{"Time":"2026-09-05T10:09:42.1302-04:00","Action":"start","Package":"github.com/davidadel66/evie/internal/eviedb"}
{"Time":"2026-09-05T10:09:42.423758-04:00","Action":"run","Package":"github.com/davidadel66/evie/internal/eviedb","Test":"TestStage4StartupRetryBoundaries"}
{"Time":"2026-09-05T10:09:42.423812-04:00","Action":"output","Package":"github.com/davidadel66/evie/internal/eviedb","Test":"TestStage4StartupRetryBoundaries","Output":"=== RUN   TestStage4StartupRetryBoundaries\n"}
{"Time":"2026-09-05T10:09:42.423828-04:00","Action":"run","Package":"github.com/davidadel66/evie/internal/eviedb","Test":"TestStage4StartupRetryBoundaries/only_typed_BUSY_retries"}
{"Time":"2026-09-05T10:09:42.423837-04:00","Action":"output","Package":"github.com/davidadel66/evie/internal/eviedb","Test":"TestStage4StartupRetryBoundaries/only_typed_BUSY_retries","Output":"=== RUN   TestStage4StartupRetryBoundaries/only_typed_BUSY_retries\n"}
{"Time":"2026-09-05T10:09:42.426584-04:00","Action":"output","Package":"github.com/davidadel66/evie/internal/eviedb","Test":"TestStage4StartupRetryBoundaries/only_typed_BUSY_retries","Output":"--- PASS: TestStage4StartupRetryBoundaries/only_typed_BUSY_retries (0.00s)\n"}
{"Time":"2026-09-05T10:09:42.426602-04:00","Action":"pass","Package":"github.com/davidadel66/evie/internal/eviedb","Test":"TestStage4StartupRetryBoundaries/only_typed_BUSY_retries","Elapsed":0}
{"Time":"2026-09-05T10:09:42.426614-04:00","Action":"run","Package":"github.com/davidadel66/evie/internal/eviedb","Test":"TestStage4StartupRetryBoundaries/cancelled_before_connection"}
{"Time":"2026-09-05T10:09:42.426618-04:00","Action":"output","Package":"github.com/davidadel66/evie/internal/eviedb","Test":"TestStage4StartupRetryBoundaries/cancelled_before_connection","Output":"=== RUN   TestStage4StartupRetryBoundaries/cancelled_before_connection\n"}
{"Time":"2026-09-05T10:09:42.426661-04:00","Action":"output","Package":"github.com/davidadel66/evie/internal/eviedb","Test":"TestStage4StartupRetryBoundaries/cancelled_before_connection","Output":"--- PASS: TestStage4StartupRetryBoundaries/cancelled_before_connection (0.00s)\n"}
{"Time":"2026-09-05T10:09:42.426668-04:00","Action":"pass","Package":"github.com/davidadel66/evie/internal/eviedb","Test":"TestStage4StartupRetryBoundaries/cancelled_before_connection","Elapsed":0}
{"Time":"2026-09-05T10:09:42.426688-04:00","Action":"run","Package":"github.com/davidadel66/evie/internal/eviedb","Test":"TestStage4StartupRetryBoundaries/cancelled_between_attempts_retains_code"}
{"Time":"2026-09-05T10:09:42.426693-04:00","Action":"output","Package":"github.com/davidadel66/evie/internal/eviedb","Test":"TestStage4StartupRetryBoundaries/cancelled_between_attempts_retains_code","Output":"=== RUN   TestStage4StartupRetryBoundaries/cancelled_between_attempts_retains_code\n"}
{"Time":"2026-09-05T10:09:42.426731-04:00","Action":"output","Package":"github.com/davidadel66/evie/internal/eviedb","Test":"TestStage4StartupRetryBoundaries/cancelled_between_attempts_retains_code","Output":"--- PASS: TestStage4StartupRetryBoundaries/cancelled_between_attempts_retains_code (0.00s)\n"}
{"Time":"2026-09-05T10:09:42.426749-04:00","Action":"pass","Package":"github.com/davidadel66/evie/internal/eviedb","Test":"TestStage4StartupRetryBoundaries/cancelled_between_attempts_retains_code","Elapsed":0}
{"Time":"2026-09-05T10:09:42.426754-04:00","Action":"run","Package":"github.com/davidadel66/evie/internal/eviedb","Test":"TestStage4StartupRetryBoundaries/retry_deadline_preserves_last_BUSY"}
{"Time":"2026-09-05T10:09:42.426758-04:00","Action":"output","Package":"github.com/davidadel66/evie/internal/eviedb","Test":"TestStage4StartupRetryBoundaries/retry_deadline_preserves_last_BUSY","Output":"=== RUN   TestStage4StartupRetryBoundaries/retry_deadline_preserves_last_BUSY\n"}
{"Time":"2026-09-05T10:09:42.437871-04:00","Action":"output","Package":"github.com/davidadel66/evie/internal/eviedb","Test":"TestStage4StartupRetryBoundaries/retry_deadline_preserves_last_BUSY","Output":"--- PASS: TestStage4StartupRetryBoundaries/retry_deadline_preserves_last_BUSY (0.01s)\n"}
{"Time":"2026-09-05T10:09:42.437878-04:00","Action":"pass","Package":"github.com/davidadel66/evie/internal/eviedb","Test":"TestStage4StartupRetryBoundaries/retry_deadline_preserves_last_BUSY","Elapsed":0.01}
{"Time":"2026-09-05T10:09:42.437908-04:00","Action":"run","Package":"github.com/davidadel66/evie/internal/eviedb","Test":"TestStage4StartupRetryBoundaries/late_successful_connection_cannot_erase_cancellation"}
{"Time":"2026-09-05T10:09:42.437913-04:00","Action":"output","Package":"github.com/davidadel66/evie/internal/eviedb","Test":"TestStage4StartupRetryBoundaries/late_successful_connection_cannot_erase_cancellation","Output":"=== RUN   TestStage4StartupRetryBoundaries/late_successful_connection_cannot_erase_cancellation\n"}
{"Time":"2026-09-05T10:09:42.437948-04:00","Action":"output","Package":"github.com/davidadel66/evie/internal/eviedb","Test":"TestStage4StartupRetryBoundaries/late_successful_connection_cannot_erase_cancellation","Output":"--- PASS: TestStage4StartupRetryBoundaries/late_successful_connection_cannot_erase_cancellation (0.00s)\n"}
{"Time":"2026-09-05T10:09:42.437958-04:00","Action":"pass","Package":"github.com/davidadel66/evie/internal/eviedb","Test":"TestStage4StartupRetryBoundaries/late_successful_connection_cannot_erase_cancellation","Elapsed":0}
{"Time":"2026-09-05T10:09:42.437968-04:00","Action":"output","Package":"github.com/davidadel66/evie/internal/eviedb","Test":"TestStage4StartupRetryBoundaries","Output":"--- PASS: TestStage4StartupRetryBoundaries (0.01s)\n"}
{"Time":"2026-09-05T10:09:42.437977-04:00","Action":"pass","Package":"github.com/davidadel66/evie/internal/eviedb","Test":"TestStage4StartupRetryBoundaries","Elapsed":0.01}
{"Time":"2026-09-05T10:09:42.437999-04:00","Action":"run","Package":"github.com/davidadel66/evie/internal/eviedb","Test":"TestStage4StartupIndependentProcesses"}
{"Time":"2026-09-05T10:09:42.438007-04:00","Action":"output","Package":"github.com/davidadel66/evie/internal/eviedb","Test":"TestStage4StartupIndependentProcesses","Output":"=== RUN   TestStage4StartupIndependentProcesses\n"}
{"Time":"2026-09-05T10:09:42.438231-04:00","Action":"run","Package":"github.com/davidadel66/evie/internal/eviedb","Test":"TestStage4StartupIndependentProcesses/fresh_0"}
{"Time":"2026-09-05T10:09:42.438235-04:00","Action":"output","Package":"github.com/davidadel66/evie/internal/eviedb","Test":"TestStage4StartupIndependentProcesses/fresh_0","Output":"=== RUN   TestStage4StartupIndependentProcesses/fresh_0\n"}
{"Time":"2026-09-05T10:09:43.680539-04:00","Action":"output","Package":"github.com/davidadel66/evie/internal/eviedb","Test":"TestStage4StartupIndependentProcesses/fresh_0","Output":"--- PASS: TestStage4StartupIndependentProcesses/fresh_0 (1.24s)\n"}
{"Time":"2026-09-05T10:09:43.680573-04:00","Action":"pass","Package":"github.com/davidadel66/evie/internal/eviedb","Test":"TestStage4StartupIndependentProcesses/fresh_0","Elapsed":1.24}
{"Time":"2026-09-05T10:09:43.680661-04:00","Action":"run","Package":"github.com/davidadel66/evie/internal/eviedb","Test":"TestStage4StartupIndependentProcesses/existing_0"}
{"Time":"2026-09-05T10:09:43.680666-04:00","Action":"output","Package":"github.com/davidadel66/evie/internal/eviedb","Test":"TestStage4StartupIndependentProcesses/existing_0","Output":"=== RUN   TestStage4StartupIndependentProcesses/existing_0\n"}
{"Time":"2026-09-05T10:09:44.189776-04:00","Action":"output","Package":"github.com/davidadel66/evie/internal/eviedb","Test":"TestStage4StartupIndependentProcesses/existing_0","Output":"--- PASS: TestStage4StartupIndependentProcesses/existing_0 (0.51s)\n"}
{"Time":"2026-09-05T10:09:44.189811-04:00","Action":"pass","Package":"github.com/davidadel66/evie/internal/eviedb","Test":"TestStage4StartupIndependentProcesses/existing_0","Elapsed":0.51}
{"Time":"2026-09-05T10:09:44.189955-04:00","Action":"run","Package":"github.com/davidadel66/evie/internal/eviedb","Test":"TestStage4StartupIndependentProcesses/fresh_1"}
{"Time":"2026-09-05T10:09:44.18996-04:00","Action":"output","Package":"github.com/davidadel66/evie/internal/eviedb","Test":"TestStage4StartupIndependentProcesses/fresh_1","Output":"=== RUN   TestStage4StartupIndependentProcesses/fresh_1\n"}
{"Time":"2026-09-05T10:09:45.370467-04:00","Action":"output","Package":"github.com/davidadel66/evie/cmd/evie","Test":"TestStage4ForegroundRestartClosedReviewReplay","Output":"    memory_stage4_conformance_test.go:455: STAGE4_EVIDENCE {\"details\":{\"accepted_operation\":\"51756f6f-d9f5-422a-aa70-9caa284c7ead\",\"adapter_results_equal\":true,\"candidate_id\":\"61330c57a6d073db8956aa9d2a00338fc2f6d0ccdcd0bb617f2cfa2579af93d3\",\"canonical_replay\":true,\"effect_sha256\":\"sha256:ecfebfe650282456495540bd9c837996e83cf4fcf14cb27dc064d1873ac970d8\",\"foreground_turns\":2,\"preview_sha256\":\"sha256:686d6b5f0ee39aa479adf6e7c939de642489f9b66952f2a4b059e79a571fef96\",\"quarantine_rebuild\":true,\"recovered_attempts\":2,\"replay_external_effects\":0,\"replay_model_calls\":0,\"source_session_closed\":true,\"source_sha256\":\"sha256:42b7e81be79161494a4e8441cdcf300db8d1f6166b28df2bafed03a763d9cb0f\",\"stalled_inferences\":1},\"scenario\":\"foreground_restart_closed_review_replay\",\"version\":\"memory-stage-4-conformance-v1\"}\n"}
{"Time":"2026-09-05T10:09:45.377299-04:00","Action":"output","Package":"github.com/davidadel66/evie/cmd/evie","Test":"TestStage4ForegroundRestartClosedReviewReplay","Output":"--- PASS: TestStage4ForegroundRestartClosedReviewReplay (4.65s)\n"}
{"Time":"2026-09-05T10:09:45.377317-04:00","Action":"pass","Package":"github.com/davidadel66/evie/cmd/evie","Test":"TestStage4ForegroundRestartClosedReviewReplay","Elapsed":4.65}
{"Time":"2026-09-05T10:09:45.377324-04:00","Action":"run","Package":"github.com/davidadel66/evie/cmd/evie","Test":"TestStage4HistoryGapEmptyAndGenerationConformance"}
{"Time":"2026-09-05T10:09:45.377327-04:00","Action":"output","Package":"github.com/davidadel66/evie/cmd/evie","Test":"TestStage4HistoryGapEmptyAndGenerationConformance","Output":"=== RUN   TestStage4HistoryGapEmptyAndGenerationConformance\n"}
{"Time":"2026-09-05T10:09:45.397769-04:00","Action":"output","Package":"github.com/davidadel66/evie/internal/eviedb","Test":"TestStage4StartupIndependentProcesses/fresh_1","Output":"--- PASS: TestStage4StartupIndependentProcesses/fresh_1 (1.21s)\n"}
{"Time":"2026-09-05T10:09:45.397805-04:00","Action":"pass","Package":"github.com/davidadel66/evie/internal/eviedb","Test":"TestStage4StartupIndependentProcesses/fresh_1","Elapsed":1.21}
{"Time":"2026-09-05T10:09:45.397878-04:00","Action":"run","Package":"github.com/davidadel66/evie/internal/eviedb","Test":"TestStage4StartupIndependentProcesses/existing_1"}
{"Time":"2026-09-05T10:09:45.397885-04:00","Action":"output","Package":"github.com/davidadel66/evie/internal/eviedb","Test":"TestStage4StartupIndependentProcesses/existing_1","Output":"=== RUN   TestStage4StartupIndependentProcesses/existing_1\n"}
{"Time":"2026-09-05T10:09:45.926452-04:00","Action":"output","Package":"github.com/davidadel66/evie/internal/eviedb","Test":"TestStage4StartupIndependentProcesses/existing_1","Output":"--- PASS: TestStage4StartupIndependentProcesses/existing_1 (0.53s)\n"}
{"Time":"2026-09-05T10:09:45.926483-04:00","Action":"pass","Package":"github.com/davidadel66/evie/internal/eviedb","Test":"TestStage4StartupIndependentProcesses/existing_1","Elapsed":0.53}
{"Time":"2026-09-05T10:09:45.926643-04:00","Action":"run","Package":"github.com/davidadel66/evie/internal/eviedb","Test":"TestStage4StartupIndependentProcesses/fresh_2"}
{"Time":"2026-09-05T10:09:45.926647-04:00","Action":"output","Package":"github.com/davidadel66/evie/internal/eviedb","Test":"TestStage4StartupIndependentProcesses/fresh_2","Output":"=== RUN   TestStage4StartupIndependentProcesses/fresh_2\n"}
{"Time":"2026-09-05T10:09:47.34805-04:00","Action":"output","Package":"github.com/davidadel66/evie/internal/eviedb","Test":"TestStage4StartupIndependentProcesses/fresh_2","Output":"--- PASS: TestStage4StartupIndependentProcesses/fresh_2 (1.42s)\n"}
{"Time":"2026-09-05T10:09:47.348075-04:00","Action":"pass","Package":"github.com/davidadel66/evie/internal/eviedb","Test":"TestStage4StartupIndependentProcesses/fresh_2","Elapsed":1.42}
{"Time":"2026-09-05T10:09:47.348143-04:00","Action":"run","Package":"github.com/davidadel66/evie/internal/eviedb","Test":"TestStage4StartupIndependentProcesses/existing_2"}
{"Time":"2026-09-05T10:09:47.348149-04:00","Action":"output","Package":"github.com/davidadel66/evie/internal/eviedb","Test":"TestStage4StartupIndependentProcesses/existing_2","Output":"=== RUN   TestStage4StartupIndependentProcesses/existing_2\n"}
{"Time":"2026-09-05T10:09:47.863687-04:00","Action":"output","Package":"github.com/davidadel66/evie/internal/eviedb","Test":"TestStage4StartupIndependentProcesses/existing_2","Output":"--- PASS: TestStage4StartupIndependentProcesses/existing_2 (0.52s)\n"}
{"Time":"2026-09-05T10:09:47.863706-04:00","Action":"pass","Package":"github.com/davidadel66/evie/internal/eviedb","Test":"TestStage4StartupIndependentProcesses/existing_2","Elapsed":0.52}
{"Time":"2026-09-05T10:09:47.863875-04:00","Action":"run","Package":"github.com/davidadel66/evie/internal/eviedb","Test":"TestStage4StartupIndependentProcesses/fresh_3"}
{"Time":"2026-09-05T10:09:47.863879-04:00","Action":"output","Package":"github.com/davidadel66/evie/internal/eviedb","Test":"TestStage4StartupIndependentProcesses/fresh_3","Output":"=== RUN   TestStage4StartupIndependentProcesses/fresh_3\n"}
{"Time":"2026-09-05T10:09:48.498143-04:00","Action":"output","Package":"github.com/davidadel66/evie/cmd/evie","Test":"TestStage4HistoryGapEmptyAndGenerationConformance","Output":"    memory_stage4_history_conformance_test.go:167: STAGE4_EVIDENCE {\"details\":{\"automatic_history_sweep\":false,\"canonical_replay\":true,\"contiguous_frontier\":4,\"edit_sha256\":\"c80e10310afc16e23e530cc80f64d94e1c0c30d4fb1d3041bed1bcd72d870a36\",\"empty_job_id\":\"4f837523053b59d58ae143ba6cd8463ea1a87f6ba44786bcb81f5899807e628a\",\"fresh_support_requires_review\":true,\"gap_job_id\":\"6302d2834025390596fd526deaeff91d53a4ee3859d7d661b8de205834ae6f46\",\"outside_events\":7,\"outside_root\":\"fdff686e-eb21-40be-94cc-796b7f1d182f\",\"preserved_rejection\":true,\"receipt_generation\":\"1a59ccdcc35e48534550851fb34df85a7c9752dcfff792d41ef1038dd2dcbf84\",\"repeat_generation\":\"0eecd72b2f83341f692954ffd0090c65a8dad9d3174b8ab6c46f802509f40608\",\"selected_events\":6,\"upgrade_generation\":\"5d3fc8b1a8e4b52384d35ac7046e6d7ee7713a8084937f84f9a14722b4dff2df\"},\"scenario\":\"history_gap_empty_generation_lineage\",\"version\":\"memory-stage-4-conformance-v1\"}\n"}
{"Time":"2026-09-05T10:09:48.500563-04:00","Action":"output","Package":"github.com/davidadel66/evie/cmd/evie","Test":"TestStage4HistoryGapEmptyAndGenerationConformance","Output":"--- PASS: TestStage4HistoryGapEmptyAndGenerationConformance (3.12s)\n"}
{"Time":"2026-09-05T10:09:48.500573-04:00","Action":"pass","Package":"github.com/davidadel66/evie/cmd/evie","Test":"TestStage4HistoryGapEmptyAndGenerationConformance","Elapsed":3.12}
{"Time":"2026-09-05T10:09:48.500606-04:00","Action":"run","Package":"github.com/davidadel66/evie/cmd/evie","Test":"TestStage4AtomicBatchPolicyConformance"}
{"Time":"2026-09-05T10:09:48.500611-04:00","Action":"output","Package":"github.com/davidadel66/evie/cmd/evie","Test":"TestStage4AtomicBatchPolicyConformance","Output":"=== RUN   TestStage4AtomicBatchPolicyConformance\n"}
{"Time":"2026-09-05T10:09:49.093736-04:00","Action":"output","Package":"github.com/davidadel66/evie/internal/eviedb","Test":"TestStage4StartupIndependentProcesses/fresh_3","Output":"--- PASS: TestStage4StartupIndependentProcesses/fresh_3 (1.23s)\n"}
{"Time":"2026-09-05T10:09:49.093772-04:00","Action":"pass","Package":"github.com/davidadel66/evie/internal/eviedb","Test":"TestStage4StartupIndependentProcesses/fresh_3","Elapsed":1.23}
{"Time":"2026-09-05T10:09:49.093906-04:00","Action":"run","Package":"github.com/davidadel66/evie/internal/eviedb","Test":"TestStage4StartupIndependentProcesses/existing_3"}
{"Time":"2026-09-05T10:09:49.09391-04:00","Action":"output","Package":"github.com/davidadel66/evie/internal/eviedb","Test":"TestStage4StartupIndependentProcesses/existing_3","Output":"=== RUN   TestStage4StartupIndependentProcesses/existing_3\n"}
{"Time":"2026-09-05T10:09:49.629244-04:00","Action":"output","Package":"github.com/davidadel66/evie/internal/eviedb","Test":"TestStage4StartupIndependentProcesses/existing_3","Output":"--- PASS: TestStage4StartupIndependentProcesses/existing_3 (0.54s)\n"}
{"Time":"2026-09-05T10:09:49.629266-04:00","Action":"pass","Package":"github.com/davidadel66/evie/internal/eviedb","Test":"TestStage4StartupIndependentProcesses/existing_3","Elapsed":0.54}
{"Time":"2026-09-05T10:09:49.629447-04:00","Action":"run","Package":"github.com/davidadel66/evie/internal/eviedb","Test":"TestStage4StartupIndependentProcesses/fresh_4"}
{"Time":"2026-09-05T10:09:49.629452-04:00","Action":"output","Package":"github.com/davidadel66/evie/internal/eviedb","Test":"TestStage4StartupIndependentProcesses/fresh_4","Output":"=== RUN   TestStage4StartupIndependentProcesses/fresh_4\n"}
{"Time":"2026-09-05T10:09:50.841258-04:00","Action":"output","Package":"github.com/davidadel66/evie/internal/eviedb","Test":"TestStage4StartupIndependentProcesses/fresh_4","Output":"--- PASS: TestStage4StartupIndependentProcesses/fresh_4 (1.21s)\n"}
{"Time":"2026-09-05T10:09:50.841276-04:00","Action":"pass","Package":"github.com/davidadel66/evie/internal/eviedb","Test":"TestStage4StartupIndependentProcesses/fresh_4","Elapsed":1.21}
{"Time":"2026-09-05T10:09:50.841354-04:00","Action":"run","Package":"github.com/davidadel66/evie/internal/eviedb","Test":"TestStage4StartupIndependentProcesses/existing_4"}
{"Time":"2026-09-05T10:09:50.841357-04:00","Action":"output","Package":"github.com/davidadel66/evie/internal/eviedb","Test":"TestStage4StartupIndependentProcesses/existing_4","Output":"=== RUN   TestStage4StartupIndependentProcesses/existing_4\n"}
{"Time":"2026-09-05T10:09:51.362134-04:00","Action":"output","Package":"github.com/davidadel66/evie/internal/eviedb","Test":"TestStage4StartupIndependentProcesses/existing_4","Output":"--- PASS: TestStage4StartupIndependentProcesses/existing_4 (0.52s)\n"}
{"Time":"2026-09-05T10:09:51.362333-04:00","Action":"pass","Package":"github.com/davidadel66/evie/internal/eviedb","Test":"TestStage4StartupIndependentProcesses/existing_4","Elapsed":0.52}
{"Time":"2026-09-05T10:09:51.362351-04:00","Action":"run","Package":"github.com/davidadel66/evie/internal/eviedb","Test":"TestStage4StartupIndependentProcesses/fresh_5"}
{"Time":"2026-09-05T10:09:51.362356-04:00","Action":"output","Package":"github.com/davidadel66/evie/internal/eviedb","Test":"TestStage4StartupIndependentProcesses/fresh_5","Output":"=== RUN   TestStage4StartupIndependentProcesses/fresh_5\n"}
{"Time":"2026-09-05T10:09:51.465998-04:00","Action":"output","Package":"github.com/davidadel66/evie/cmd/evie","Test":"TestStage4AtomicBatchPolicyConformance","Output":"    memory_stage4_review_conformance_test.go:190: STAGE4_EVIDENCE {\"details\":{\"accepted_truth_preserved\":true,\"atomic_claims\":2,\"atomic_effect_sha256\":\"sha256:d6ef242410bbae84cfb17a3f5e4d004ad34b10219b1b8d814ea8fcd8d7b49721\",\"canonical_replay\":true,\"duplicate_adapter_results_equal\":true,\"historical_acceptance_sha256\":\"335374355e4d538d26237e38bd56b15334a81757f2422811a078b90c4d545a1c\",\"original_source_closed\":true,\"outer_rollback\":true,\"permanent_partial_result\":true,\"preview_sha256\":\"sha256:8a6c9d47d9828494973268ae2ede26201b54bca17b7c92594d0bf93ec6bb1ee2\",\"source_policy_redacts\":true},\"scenario\":\"atomic_batch_source_policy\",\"version\":\"memory-stage-4-conformance-v1\"}\n"}
{"Time":"2026-09-05T10:09:51.472845-04:00","Action":"output","Package":"github.com/davidadel66/evie/cmd/evie","Test":"TestStage4AtomicBatchPolicyConformance","Output":"--- PASS: TestStage4AtomicBatchPolicyConformance (2.97s)\n"}
{"Time":"2026-09-05T10:09:51.472874-04:00","Action":"pass","Package":"github.com/davidadel66/evie/cmd/evie","Test":"TestStage4AtomicBatchPolicyConformance","Elapsed":2.97}
{"Time":"2026-09-05T10:09:51.472881-04:00","Action":"run","Package":"github.com/davidadel66/evie/cmd/evie","Test":"TestStage4ScopeAdapterConformance"}
{"Time":"2026-09-05T10:09:51.472883-04:00","Action":"output","Package":"github.com/davidadel66/evie/cmd/evie","Test":"TestStage4ScopeAdapterConformance","Output":"=== RUN   TestStage4ScopeAdapterConformance\n"}
{"Time":"2026-09-05T10:09:52.576594-04:00","Action":"output","Package":"github.com/davidadel66/evie/internal/eviedb","Test":"TestStage4StartupIndependentProcesses/fresh_5","Output":"--- PASS: TestStage4StartupIndependentProcesses/fresh_5 (1.21s)\n"}
{"Time":"2026-09-05T10:09:52.576612-04:00","Action":"pass","Package":"github.com/davidadel66/evie/internal/eviedb","Test":"TestStage4StartupIndependentProcesses/fresh_5","Elapsed":1.21}
{"Time":"2026-09-05T10:09:52.57667-04:00","Action":"run","Package":"github.com/davidadel66/evie/internal/eviedb","Test":"TestStage4StartupIndependentProcesses/existing_5"}
{"Time":"2026-09-05T10:09:52.576673-04:00","Action":"output","Package":"github.com/davidadel66/evie/internal/eviedb","Test":"TestStage4StartupIndependentProcesses/existing_5","Output":"=== RUN   TestStage4StartupIndependentProcesses/existing_5\n"}
{"Time":"2026-09-05T10:09:53.119976-04:00","Action":"output","Package":"github.com/davidadel66/evie/internal/eviedb","Test":"TestStage4StartupIndependentProcesses/existing_5","Output":"--- PASS: TestStage4StartupIndependentProcesses/existing_5 (0.54s)\n"}
{"Time":"2026-09-05T10:09:53.119999-04:00","Action":"pass","Package":"github.com/davidadel66/evie/internal/eviedb","Test":"TestStage4StartupIndependentProcesses/existing_5","Elapsed":0.54}
{"Time":"2026-09-05T10:09:53.1202-04:00","Action":"run","Package":"github.com/davidadel66/evie/internal/eviedb","Test":"TestStage4StartupIndependentProcesses/fresh_6"}
{"Time":"2026-09-05T10:09:53.120204-04:00","Action":"output","Package":"github.com/davidadel66/evie/internal/eviedb","Test":"TestStage4StartupIndependentProcesses/fresh_6","Output":"=== RUN   TestStage4StartupIndependentProcesses/fresh_6\n"}
{"Time":"2026-09-05T10:09:54.351891-04:00","Action":"output","Package":"github.com/davidadel66/evie/internal/eviedb","Test":"TestStage4StartupIndependentProcesses/fresh_6","Output":"--- PASS: TestStage4StartupIndependentProcesses/fresh_6 (1.23s)\n"}
{"Time":"2026-09-05T10:09:54.35192-04:00","Action":"pass","Package":"github.com/davidadel66/evie/internal/eviedb","Test":"TestStage4StartupIndependentProcesses/fresh_6","Elapsed":1.23}
{"Time":"2026-09-05T10:09:54.351986-04:00","Action":"run","Package":"github.com/davidadel66/evie/internal/eviedb","Test":"TestStage4StartupIndependentProcesses/existing_6"}
{"Time":"2026-09-05T10:09:54.351989-04:00","Action":"output","Package":"github.com/davidadel66/evie/internal/eviedb","Test":"TestStage4StartupIndependentProcesses/existing_6","Output":"=== RUN   TestStage4StartupIndependentProcesses/existing_6\n"}
{"Time":"2026-09-05T10:09:54.874076-04:00","Action":"output","Package":"github.com/davidadel66/evie/internal/eviedb","Test":"TestStage4StartupIndependentProcesses/existing_6","Output":"--- PASS: TestStage4StartupIndependentProcesses/existing_6 (0.52s)\n"}
{"Time":"2026-09-05T10:09:54.874098-04:00","Action":"pass","Package":"github.com/davidadel66/evie/internal/eviedb","Test":"TestStage4StartupIndependentProcesses/existing_6","Elapsed":0.52}
{"Time":"2026-09-05T10:09:54.874252-04:00","Action":"run","Package":"github.com/davidadel66/evie/internal/eviedb","Test":"TestStage4StartupIndependentProcesses/fresh_7"}
{"Time":"2026-09-05T10:09:54.874256-04:00","Action":"output","Package":"github.com/davidadel66/evie/internal/eviedb","Test":"TestStage4StartupIndependentProcesses/fresh_7","Output":"=== RUN   TestStage4StartupIndependentProcesses/fresh_7\n"}
{"Time":"2026-09-05T10:09:56.112405-04:00","Action":"output","Package":"github.com/davidadel66/evie/internal/eviedb","Test":"TestStage4StartupIndependentProcesses/fresh_7","Output":"--- PASS: TestStage4StartupIndependentProcesses/fresh_7 (1.24s)\n"}
{"Time":"2026-09-05T10:09:56.112424-04:00","Action":"pass","Package":"github.com/davidadel66/evie/internal/eviedb","Test":"TestStage4StartupIndependentProcesses/fresh_7","Elapsed":1.24}
{"Time":"2026-09-05T10:09:56.11249-04:00","Action":"run","Package":"github.com/davidadel66/evie/internal/eviedb","Test":"TestStage4StartupIndependentProcesses/existing_7"}
{"Time":"2026-09-05T10:09:56.112501-04:00","Action":"output","Package":"github.com/davidadel66/evie/internal/eviedb","Test":"TestStage4StartupIndependentProcesses/existing_7","Output":"=== RUN   TestStage4StartupIndependentProcesses/existing_7\n"}
{"Time":"2026-09-05T10:09:56.388412-04:00","Action":"output","Package":"github.com/davidadel66/evie/cmd/evie","Test":"TestStage4ScopeAdapterConformance","Output":"    memory_stage4_scope_conformance_test.go:151: STAGE4_EVIDENCE {\"details\":{\"canonical_replay\":true,\"closed_sources\":7,\"cross_scope_denials_per_surface\":42,\"implicit_promotion_denied\":true,\"scope_cases\":[{\"candidate_id\":\"c1aa52804a2d2e8d386cf5aa15d14d2d8389fd112204a3b74d932c2b54fc1f2e\",\"effect_sha256\":\"sha256:dac8caaa295a4663a2c327213af4dbcee6dd80b20b2b83aa8e41b9b37892a99c\",\"operation_id\":\"307cb059-97fd-4113-b6b9-0c11928db687\",\"preview_sha256\":\"sha256:5e33fe9e3eb58725c33eed064cc75c8e9556c96f1af4d719c9388c766bc28717\",\"scope\":\"global\",\"scope_family\":\"global\"},{\"candidate_id\":\"6170a9f9f8d296d9f18aeb2356df0492daac81ccca315d6afda99ad49d79a2c2\",\"effect_sha256\":\"sha256:d10066b43eca649638b9ae2368b06843c2429b4dbb90b54cb53e7eaadd281839\",\"operation_id\":\"d535ce18-3c73-48f1-93d9-f7798ca4082d\",\"preview_sha256\":\"sha256:d312e1a75b4860f87c6ec6655bd2df356168bb912365a5ccb00f84844542fc8f\",\"scope\":\"workspace:35271a85-36f6-4085-8356-cd904863c922\",\"scope_family\":\"workspace_0\"},{\"candidate_id\":\"70aa8f03ff6e5c5552ed079e9429024fcff69"}
{"Time":"2026-09-05T10:09:56.38845-04:00","Action":"output","Package":"github.com/davidadel66/evie/cmd/evie","Test":"TestStage4ScopeAdapterConformance","Output":"6b0213517121e130ca3cee01b63\",\"effect_sha256\":\"sha256:1091495c1a1e388b12fef88479cbf6ae3758f384812b009addc3c8377063a768\",\"operation_id\":\"b750cd33-9d4f-4a7d-9e7b-f8e7181bc281\",\"preview_sha256\":\"sha256:2012cdd34406d1b0e12ea80e80c71e94500d4763538a1d1f5bdaa331821b46e5\",\"scope\":\"workspace:f0237ec7-f5f1-4b10-b451-c144808bc4d1\",\"scope_family\":\"workspace_1\"},{\"candidate_id\":\"e0cb7f26d5700e003993060143c03da0136c315db59fb468f7fc163d61daa294\",\"effect_sha256\":\"sha256:e63b690a2300567b6b028c42398268ee3055d735fe3d09f0316b73ad8ac1e912\",\"operation_id\":\"d3a16d65-687a-4448-8124-438502026707\",\"preview_sha256\":\"sha256:c59e9ddb3333bec7db35e7b10f7b328a0d7bfc8bdd5dde91293360878c0fc4c4\",\"scope\":\"project:2e3c2015-4816-439b-a2b9-e295f1c60185\",\"scope_family\":\"project_0\"},{\"candidate_id\":\"959f15e8d1561fa35de2d7517f96816517278ef88dc28cdd30efbfc5ea30a183\",\"effect_sha256\":\"sha256:21a2c61727b5658f1ec636e09bd3dc1b1b2ed58b954c4744a8ffe8f12f723839\",\"operation_id\":\"3da5228b-c371-4346-9f8b-bfef5e4a5fbe\",\"preview_sha256\":\"sha256:87983706d9b0f1d39e0d"}
{"Time":"2026-09-05T10:09:56.388455-04:00","Action":"output","Package":"github.com/davidadel66/evie/cmd/evie","Test":"TestStage4ScopeAdapterConformance","Output":"f9910c295e8a7d9109f51d20ceb0990fa94baf966472\",\"scope\":\"project:1c0354e0-e7ee-4d29-b752-afcc764557c4\",\"scope_family\":\"project_1\"},{\"candidate_id\":\"44f425ee95daeb967bea36b265b0e6c47ae121690d69c63b0f78b3a26146ced5\",\"effect_sha256\":\"sha256:becb007da31303e1cc56c2b25b4c447c783ecd31d1b08f2d722781cad1574295\",\"operation_id\":\"75dac0b8-6ed7-4979-b919-3b78a130c913\",\"preview_sha256\":\"sha256:7151a5102d1be52399e32db0127b05dc0e766e3548d940b9971cda87035213fe\",\"scope\":\"session:2203ce87-babe-4234-9318-bcc3aaa3cad0\",\"scope_family\":\"session_0\"},{\"candidate_id\":\"f2f1fac20b1794b3e542219d42cc655ea40524c3cc100c810d8ec8db79a69912\",\"effect_sha256\":\"sha256:d07bd07061af8afee1df562952180b0a28147f211899849e28b50a0c6aaa8a77\",\"operation_id\":\"3293edee-57a0-4fe6-af36-dca4c8254341\",\"preview_sha256\":\"sha256:f1a15527ed897fb68fac0b15634731900511b2d805e824a116f103215e1ef1b4\",\"scope\":\"session:ff84cd6c-d55b-48cf-aa70-90353a9b991c\",\"scope_family\":\"session_1\"}]},\"scenario\":\"scope_adapter_matrix\",\"version\":\"memory-stage-4-conformance-v1\"}\n"}
{"Time":"2026-09-05T10:09:56.407332-04:00","Action":"output","Package":"github.com/davidadel66/evie/cmd/evie","Test":"TestStage4ScopeAdapterConformance","Output":"--- PASS: TestStage4ScopeAdapterConformance (4.93s)\n"}
{"Time":"2026-09-05T10:09:56.407344-04:00","Action":"pass","Package":"github.com/davidadel66/evie/cmd/evie","Test":"TestStage4ScopeAdapterConformance","Elapsed":4.93}
{"Time":"2026-09-05T10:09:56.407365-04:00","Action":"run","Package":"github.com/davidadel66/evie/cmd/evie","Test":"TestStage4GenericStorageConformance"}
{"Time":"2026-09-05T10:09:56.407369-04:00","Action":"output","Package":"github.com/davidadel66/evie/cmd/evie","Test":"TestStage4GenericStorageConformance","Output":"=== RUN   TestStage4GenericStorageConformance\n"}
{"Time":"2026-09-05T10:09:56.629454-04:00","Action":"output","Package":"github.com/davidadel66/evie/internal/eviedb","Test":"TestStage4StartupIndependentProcesses/existing_7","Output":"--- PASS: TestStage4StartupIndependentProcesses/existing_7 (0.52s)\n"}
{"Time":"2026-09-05T10:09:56.629475-04:00","Action":"pass","Package":"github.com/davidadel66/evie/internal/eviedb","Test":"TestStage4StartupIndependentProcesses/existing_7","Elapsed":0.52}
{"Time":"2026-09-05T10:09:56.629614-04:00","Action":"output","Package":"github.com/davidadel66/evie/internal/eviedb","Test":"TestStage4StartupIndependentProcesses","Output":"    sqlite_startup_test.go:201: STAGE4_EVIDENCE {\"details\":{\"busy_timeout_ms\":5000,\"file_mode\":\"0600\",\"foreign_keys\":1,\"fresh_and_existing\":true,\"independent_starts\":48,\"journal_mode\":\"wal\",\"sqlite_version\":\"3.53.2\",\"unprimed_connections\":true},\"scenario\":\"public_sqlite_startup\",\"version\":\"memory-stage-4-conformance-v1\"}\n"}
{"Time":"2026-09-05T10:09:56.631315-04:00","Action":"output","Package":"github.com/davidadel66/evie/internal/eviedb","Test":"TestStage4StartupIndependentProcesses","Output":"--- PASS: TestStage4StartupIndependentProcesses (14.19s)\n"}
{"Time":"2026-09-05T10:09:56.631342-04:00","Action":"pass","Package":"github.com/davidadel66/evie/internal/eviedb","Test":"TestStage4StartupIndependentProcesses","Elapsed":14.19}
{"Time":"2026-09-05T10:09:56.631382-04:00","Action":"run","Package":"github.com/davidadel66/evie/internal/eviedb","Test":"TestStage4StartupIncompatibleSchemaFailsWithoutRewrite"}
{"Time":"2026-09-05T10:09:56.631386-04:00","Action":"output","Package":"github.com/davidadel66/evie/internal/eviedb","Test":"TestStage4StartupIncompatibleSchemaFailsWithoutRewrite","Output":"=== RUN   TestStage4StartupIncompatibleSchemaFailsWithoutRewrite\n"}
{"Time":"2026-09-05T10:09:57.17008-04:00","Action":"output","Package":"github.com/davidadel66/evie/internal/eviedb","Test":"TestStage4StartupIncompatibleSchemaFailsWithoutRewrite","Output":"--- PASS: TestStage4StartupIncompatibleSchemaFailsWithoutRewrite (0.54s)\n"}
{"Time":"2026-09-05T10:09:57.170098-04:00","Action":"pass","Package":"github.com/davidadel66/evie/internal/eviedb","Test":"TestStage4StartupIncompatibleSchemaFailsWithoutRewrite","Elapsed":0.54}
{"Time":"2026-09-05T10:09:57.170144-04:00","Action":"run","Package":"github.com/davidadel66/evie/internal/eviedb","Test":"TestStage4ProcessConformanceWorkerRecovery"}
{"Time":"2026-09-05T10:09:57.170148-04:00","Action":"output","Package":"github.com/davidadel66/evie/internal/eviedb","Test":"TestStage4ProcessConformanceWorkerRecovery","Output":"=== RUN   TestStage4ProcessConformanceWorkerRecovery\n"}
{"Time":"2026-09-05T10:09:57.170216-04:00","Action":"run","Package":"github.com/davidadel66/evie/internal/eviedb","Test":"TestStage4ProcessConformanceWorkerRecovery/process_crash"}
{"Time":"2026-09-05T10:09:57.170238-04:00","Action":"output","Package":"github.com/davidadel66/evie/internal/eviedb","Test":"TestStage4ProcessConformanceWorkerRecovery/process_crash","Output":"=== RUN   TestStage4ProcessConformanceWorkerRecovery/process_crash\n"}
{"Time":"2026-09-05T10:09:57.548651-04:00","Action":"output","Package":"github.com/davidadel66/evie/cmd/evie","Test":"TestStage4GenericStorageConformance","Output":"    memory_stage4_scope_conformance_test.go:244: STAGE4_EVIDENCE {\"details\":{\"allowed_fixture_queries\":2,\"blocked_query_db_opens\":0,\"denied_model_queries\":308,\"exact_policy_rejections\":true,\"privileged_shell_claim\":\"unchanged documented limitation\",\"protected_tables_and_views\":77,\"unaccepted_candidate_isolated\":true,\"unquoted_direct_and_nested_queries\":true},\"scenario\":\"generic_storage_containment\",\"version\":\"memory-stage-4-conformance-v1\"}\n"}
{"Time":"2026-09-05T10:09:57.557857-04:00","Action":"output","Package":"github.com/davidadel66/evie/cmd/evie","Test":"TestStage4GenericStorageConformance","Output":"--- PASS: TestStage4GenericStorageConformance (1.15s)\n"}
{"Time":"2026-09-05T10:09:57.557867-04:00","Action":"pass","Package":"github.com/davidadel66/evie/cmd/evie","Test":"TestStage4GenericStorageConformance","Elapsed":1.15}
{"Time":"2026-09-05T10:09:57.558174-04:00","Action":"output","Package":"github.com/davidadel66/evie/cmd/evie","Output":"PASS\n"}
{"Time":"2026-09-05T10:09:58.565067-04:00","Action":"output","Package":"github.com/davidadel66/evie/cmd/evie","Output":"ok  \tgithub.com/davidadel66/evie/cmd/evie\t18.222s\n"}
{"Time":"2026-09-05T10:09:58.565105-04:00","Action":"pass","Package":"github.com/davidadel66/evie/cmd/evie","Elapsed":18.222}
{"Time":"2026-09-05T10:10:03.510021-04:00","Action":"output","Package":"github.com/davidadel66/evie/internal/eviedb","Test":"TestStage4ProcessConformanceWorkerRecovery/process_crash","Output":"    stage4_process_conformance_test.go:141: STAGE4_EVIDENCE {\"assertions\":{\"duplicate_dispatch_absent\":true,\"durable_attempts\":true,\"exact_release_verified\":true,\"exact_source_authority\":true,\"mismatched_ack_blocked\":true,\"real_processes\":true,\"single_candidate_publication\":true,\"unaccepted_graph_unchanged\":true,\"unknown_capacity_blocked\":true},\"scenario\":\"process_crash\",\"version\":\"memory-stage-4-conformance-v1\"}\n"}
{"Time":"2026-09-05T10:10:03.519691-04:00","Action":"output","Package":"github.com/davidadel66/evie/internal/eviedb","Test":"TestStage4ProcessConformanceWorkerRecovery/process_crash","Output":"--- PASS: TestStage4ProcessConformanceWorkerRecovery/process_crash (6.35s)\n"}
{"Time":"2026-09-05T10:10:03.519707-04:00","Action":"pass","Package":"github.com/davidadel66/evie/internal/eviedb","Test":"TestStage4ProcessConformanceWorkerRecovery/process_crash","Elapsed":6.35}
{"Time":"2026-09-05T10:10:03.519788-04:00","Action":"run","Package":"github.com/davidadel66/evie/internal/eviedb","Test":"TestStage4ProcessConformanceWorkerRecovery/expired_late_delivery"}
{"Time":"2026-09-05T10:10:03.519798-04:00","Action":"output","Package":"github.com/davidadel66/evie/internal/eviedb","Test":"TestStage4ProcessConformanceWorkerRecovery/expired_late_delivery","Output":"=== RUN   TestStage4ProcessConformanceWorkerRecovery/expired_late_delivery\n"}
{"Time":"2026-09-05T10:10:11.135945-04:00","Action":"output","Package":"github.com/davidadel66/evie/internal/eviedb","Test":"TestStage4ProcessConformanceWorkerRecovery/expired_late_delivery","Output":"    stage4_process_conformance_test.go:141: STAGE4_EVIDENCE {\"assertions\":{\"duplicate_dispatch_absent\":true,\"durable_attempts\":true,\"exact_release_verified\":true,\"exact_source_authority\":true,\"mismatched_ack_blocked\":true,\"real_processes\":true,\"replacement_capacity_preserved\":true,\"single_candidate_publication\":true,\"stale_delivery_fenced\":true,\"unaccepted_graph_unchanged\":true,\"unknown_capacity_blocked\":true},\"scenario\":\"expired_late_delivery\",\"version\":\"memory-stage-4-conformance-v1\"}\n"}
{"Time":"2026-09-05T10:10:11.145164-04:00","Action":"output","Package":"github.com/davidadel66/evie/internal/eviedb","Test":"TestStage4ProcessConformanceWorkerRecovery/expired_late_delivery","Output":"--- PASS: TestStage4ProcessConformanceWorkerRecovery/expired_late_delivery (7.63s)\n"}
{"Time":"2026-09-05T10:10:11.145187-04:00","Action":"pass","Package":"github.com/davidadel66/evie/internal/eviedb","Test":"TestStage4ProcessConformanceWorkerRecovery/expired_late_delivery","Elapsed":7.63}
{"Time":"2026-09-05T10:10:11.145248-04:00","Action":"run","Package":"github.com/davidadel66/evie/internal/eviedb","Test":"TestStage4ProcessConformanceWorkerRecovery/cancelled_late_delivery"}
{"Time":"2026-09-05T10:10:11.145259-04:00","Action":"output","Package":"github.com/davidadel66/evie/internal/eviedb","Test":"TestStage4ProcessConformanceWorkerRecovery/cancelled_late_delivery","Output":"=== RUN   TestStage4ProcessConformanceWorkerRecovery/cancelled_late_delivery\n"}
{"Time":"2026-09-05T10:10:18.648678-04:00","Action":"output","Package":"github.com/davidadel66/evie/internal/eviedb","Test":"TestStage4ProcessConformanceWorkerRecovery/cancelled_late_delivery","Output":"    stage4_process_conformance_test.go:141: STAGE4_EVIDENCE {\"assertions\":{\"duplicate_dispatch_absent\":true,\"durable_attempts\":true,\"exact_release_verified\":true,\"exact_source_authority\":true,\"mismatched_ack_blocked\":true,\"real_processes\":true,\"replacement_capacity_preserved\":true,\"single_candidate_publication\":true,\"stale_delivery_fenced\":true,\"unaccepted_graph_unchanged\":true,\"unknown_capacity_blocked\":true},\"scenario\":\"cancelled_late_delivery\",\"version\":\"memory-stage-4-conformance-v1\"}\n"}
{"Time":"2026-09-05T10:10:18.658259-04:00","Action":"output","Package":"github.com/davidadel66/evie/internal/eviedb","Test":"TestStage4ProcessConformanceWorkerRecovery/cancelled_late_delivery","Output":"--- PASS: TestStage4ProcessConformanceWorkerRecovery/cancelled_late_delivery (7.51s)\n"}
{"Time":"2026-09-05T10:10:18.658278-04:00","Action":"pass","Package":"github.com/davidadel66/evie/internal/eviedb","Test":"TestStage4ProcessConformanceWorkerRecovery/cancelled_late_delivery","Elapsed":7.51}
{"Time":"2026-09-05T10:10:18.658299-04:00","Action":"output","Package":"github.com/davidadel66/evie/internal/eviedb","Test":"TestStage4ProcessConformanceWorkerRecovery","Output":"--- PASS: TestStage4ProcessConformanceWorkerRecovery (21.49s)\n"}
{"Time":"2026-09-05T10:10:18.658319-04:00","Action":"pass","Package":"github.com/davidadel66/evie/internal/eviedb","Test":"TestStage4ProcessConformanceWorkerRecovery","Elapsed":21.49}
{"Time":"2026-09-05T10:10:18.658373-04:00","Action":"run","Package":"github.com/davidadel66/evie/internal/eviedb","Test":"TestStage4ProcessConformanceReviewCommitRecovery"}
{"Time":"2026-09-05T10:10:18.658379-04:00","Action":"output","Package":"github.com/davidadel66/evie/internal/eviedb","Test":"TestStage4ProcessConformanceReviewCommitRecovery","Output":"=== RUN   TestStage4ProcessConformanceReviewCommitRecovery\n"}
{"Time":"2026-09-05T10:10:18.658414-04:00","Action":"run","Package":"github.com/davidadel66/evie/internal/eviedb","Test":"TestStage4ProcessConformanceReviewCommitRecovery/before_commit"}
{"Time":"2026-09-05T10:10:18.658429-04:00","Action":"output","Package":"github.com/davidadel66/evie/internal/eviedb","Test":"TestStage4ProcessConformanceReviewCommitRecovery/before_commit","Output":"=== RUN   TestStage4ProcessConformanceReviewCommitRecovery/before_commit\n"}
{"Time":"2026-09-05T10:10:23.612553-04:00","Action":"output","Package":"github.com/davidadel66/evie/internal/eviedb","Test":"TestStage4ProcessConformanceReviewCommitRecovery/before_commit","Output":"    stage4_process_conformance_test.go:198: STAGE4_EVIDENCE {\"assertions\":{\"atomic_effects\":true,\"canonical_replay_valid\":true,\"competing_duplicate_receipts_equal\":true,\"prior_resolution_visible\":true,\"real_process_exit_at_review_commit\":true,\"single_canonical_operation\":true},\"scenario\":\"before_commit\",\"version\":\"memory-stage-4-conformance-v1\"}\n"}
{"Time":"2026-09-05T10:10:23.617745-04:00","Action":"output","Package":"github.com/davidadel66/evie/internal/eviedb","Test":"TestStage4ProcessConformanceReviewCommitRecovery/before_commit","Output":"--- PASS: TestStage4ProcessConformanceReviewCommitRecovery/before_commit (4.96s)\n"}
{"Time":"2026-09-05T10:10:23.617767-04:00","Action":"pass","Package":"github.com/davidadel66/evie/internal/eviedb","Test":"TestStage4ProcessConformanceReviewCommitRecovery/before_commit","Elapsed":4.96}
{"Time":"2026-09-05T10:10:23.617812-04:00","Action":"run","Package":"github.com/davidadel66/evie/internal/eviedb","Test":"TestStage4ProcessConformanceReviewCommitRecovery/after_commit"}
{"Time":"2026-09-05T10:10:23.617816-04:00","Action":"output","Package":"github.com/davidadel66/evie/internal/eviedb","Test":"TestStage4ProcessConformanceReviewCommitRecovery/after_commit","Output":"=== RUN   TestStage4ProcessConformanceReviewCommitRecovery/after_commit\n"}
{"Time":"2026-09-05T10:10:28.534164-04:00","Action":"output","Package":"github.com/davidadel66/evie/internal/eviedb","Test":"TestStage4ProcessConformanceReviewCommitRecovery/after_commit","Output":"    stage4_process_conformance_test.go:198: STAGE4_EVIDENCE {\"assertions\":{\"atomic_effects\":true,\"canonical_replay_valid\":true,\"competing_duplicate_receipts_equal\":true,\"prior_resolution_visible\":true,\"real_process_exit_at_review_commit\":true,\"single_canonical_operation\":true},\"scenario\":\"after_commit\",\"version\":\"memory-stage-4-conformance-v1\"}\n"}
{"Time":"2026-09-05T10:10:28.539474-04:00","Action":"output","Package":"github.com/davidadel66/evie/internal/eviedb","Test":"TestStage4ProcessConformanceReviewCommitRecovery/after_commit","Output":"--- PASS: TestStage4ProcessConformanceReviewCommitRecovery/after_commit (4.92s)\n"}
{"Time":"2026-09-05T10:10:28.539484-04:00","Action":"pass","Package":"github.com/davidadel66/evie/internal/eviedb","Test":"TestStage4ProcessConformanceReviewCommitRecovery/after_commit","Elapsed":4.92}
{"Time":"2026-09-05T10:10:28.539502-04:00","Action":"output","Package":"github.com/davidadel66/evie/internal/eviedb","Test":"TestStage4ProcessConformanceReviewCommitRecovery","Output":"--- PASS: TestStage4ProcessConformanceReviewCommitRecovery (9.88s)\n"}
{"Time":"2026-09-05T10:10:28.539518-04:00","Action":"pass","Package":"github.com/davidadel66/evie/internal/eviedb","Test":"TestStage4ProcessConformanceReviewCommitRecovery","Elapsed":9.88}
{"Time":"2026-09-05T10:10:28.540363-04:00","Action":"output","Package":"github.com/davidadel66/evie/internal/eviedb","Output":"PASS\n"}
{"Time":"2026-09-05T10:10:29.550979-04:00","Action":"output","Package":"github.com/davidadel66/evie/internal/eviedb","Output":"ok  \tgithub.com/davidadel66/evie/internal/eviedb\t47.421s\n"}
{"Time":"2026-09-05T10:10:29.551155-04:00","Action":"pass","Package":"github.com/davidadel66/evie/internal/eviedb","Elapsed":47.421}
