{"Time":"2026-09-05T09:12:01.200136-04:00","Action":"start","Package":"github.com/davidadel66/evie/cmd/evie"}
{"Time":"2026-09-05T09:12:01.528311-04:00","Action":"run","Package":"github.com/davidadel66/evie/cmd/evie","Test":"TestStage4ForegroundRestartClosedReviewReplay"}
{"Time":"2026-09-05T09:12:01.528381-04:00","Action":"output","Package":"github.com/davidadel66/evie/cmd/evie","Test":"TestStage4ForegroundRestartClosedReviewReplay","Output":"=== RUN   TestStage4ForegroundRestartClosedReviewReplay\n"}
{"Time":"2026-09-05T09:12:01.75268-04:00","Action":"output","Package":"github.com/davidadel66/evie/cmd/evie","Test":"TestStage4ForegroundRestartClosedReviewReplay","Output":"    memory_stage4_conformance_test.go:455: STAGE4_EVIDENCE {\"details\":{\"accepted_operation\":\"6808b00a-6807-42d5-9827-d72c999d37ad\",\"adapter_results_equal\":true,\"candidate_id\":\"29f4c298b8ace91215a5aa5e92c29bafbb4c18f8be7ac118580898e80866c873\",\"canonical_replay\":true,\"effect_sha256\":\"sha256:ff8c8111f8559589f723d493a5189459cc9a35e76e6570b34bacd73c64749a76\",\"foreground_turns\":2,\"preview_sha256\":\"sha256:d7e85fa8a3cd3f5b89c3f970bf299b777a10e68306a89a9a2137e6bbc4e2b1b1\",\"quarantine_rebuild\":true,\"recovered_attempts\":2,\"replay_external_effects\":0,\"replay_model_calls\":0,\"source_session_closed\":true,\"source_sha256\":\"sha256:42b7e81be79161494a4e8441cdcf300db8d1f6166b28df2bafed03a763d9cb0f\",\"stalled_inferences\":1},\"scenario\":\"foreground_restart_closed_review_replay\",\"version\":\"memory-stage-4-conformance-v1\"}\n"}
{"Time":"2026-09-05T09:12:01.754706-04:00","Action":"output","Package":"github.com/davidadel66/evie/cmd/evie","Test":"TestStage4ForegroundRestartClosedReviewReplay","Output":"--- PASS: TestStage4ForegroundRestartClosedReviewReplay (0.23s)\n"}
{"Time":"2026-09-05T09:12:01.754764-04:00","Action":"pass","Package":"github.com/davidadel66/evie/cmd/evie","Test":"TestStage4ForegroundRestartClosedReviewReplay","Elapsed":0.23}
{"Time":"2026-09-05T09:12:01.754786-04:00","Action":"run","Package":"github.com/davidadel66/evie/cmd/evie","Test":"TestStage4HistoryGapEmptyAndGenerationConformance"}
{"Time":"2026-09-05T09:12:01.754794-04:00","Action":"output","Package":"github.com/davidadel66/evie/cmd/evie","Test":"TestStage4HistoryGapEmptyAndGenerationConformance","Output":"=== RUN   TestStage4HistoryGapEmptyAndGenerationConformance\n"}
{"Time":"2026-09-05T09:12:01.906211-04:00","Action":"output","Package":"github.com/davidadel66/evie/cmd/evie","Test":"TestStage4HistoryGapEmptyAndGenerationConformance","Output":"    memory_stage4_history_conformance_test.go:167: STAGE4_EVIDENCE {\"details\":{\"automatic_history_sweep\":false,\"canonical_replay\":true,\"contiguous_frontier\":4,\"edit_sha256\":\"b080ae30866b13dc389da39f4b77b6868a3cfe8c9a068bdbcd2044956bf83d66\",\"empty_job_id\":\"4be5cc2919c481e486b4ecdde994709aa2c7d3364707befb9b023119dd6d99cb\",\"fresh_support_requires_review\":true,\"gap_job_id\":\"cf1570c8f73282578b075fa4f79068ac02412d75194fcc7ffc4d1da72cdb5a17\",\"outside_events\":7,\"outside_root\":\"0120774f-b1df-4251-a826-33dfee48f50c\",\"preserved_rejection\":true,\"receipt_generation\":\"1a59ccdcc35e48534550851fb34df85a7c9752dcfff792d41ef1038dd2dcbf84\",\"repeat_generation\":\"0eecd72b2f83341f692954ffd0090c65a8dad9d3174b8ab6c46f802509f40608\",\"selected_events\":6,\"upgrade_generation\":\"5d3fc8b1a8e4b52384d35ac7046e6d7ee7713a8084937f84f9a14722b4dff2df\"},\"scenario\":\"history_gap_empty_generation_lineage\",\"version\":\"memory-stage-4-conformance-v1\"}\n"}
{"Time":"2026-09-05T09:12:01.90781-04:00","Action":"output","Package":"github.com/davidadel66/evie/cmd/evie","Test":"TestStage4HistoryGapEmptyAndGenerationConformance","Output":"--- PASS: TestStage4HistoryGapEmptyAndGenerationConformance (0.15s)\n"}
{"Time":"2026-09-05T09:12:01.907859-04:00","Action":"pass","Package":"github.com/davidadel66/evie/cmd/evie","Test":"TestStage4HistoryGapEmptyAndGenerationConformance","Elapsed":0.15}
{"Time":"2026-09-05T09:12:01.907873-04:00","Action":"run","Package":"github.com/davidadel66/evie/cmd/evie","Test":"TestStage4AtomicBatchPolicyConformance"}
{"Time":"2026-09-05T09:12:01.907942-04:00","Action":"output","Package":"github.com/davidadel66/evie/cmd/evie","Test":"TestStage4AtomicBatchPolicyConformance","Output":"=== RUN   TestStage4AtomicBatchPolicyConformance\n"}
{"Time":"2026-09-05T09:12:02.050171-04:00","Action":"output","Package":"github.com/davidadel66/evie/cmd/evie","Test":"TestStage4AtomicBatchPolicyConformance","Output":"    memory_stage4_review_conformance_test.go:190: STAGE4_EVIDENCE {\"details\":{\"accepted_truth_preserved\":true,\"atomic_claims\":2,\"atomic_effect_sha256\":\"sha256:c6b42a78c4dd048d8e3972012246adf2d95ac3765a8a9f2f1dad5c1939f05b78\",\"canonical_replay\":true,\"duplicate_adapter_results_equal\":true,\"historical_acceptance_sha256\":\"ff31e8f1468e779be1d7987b80b233c541b6da31c8f615a670f51fa6b755d753\",\"original_source_closed\":true,\"outer_rollback\":true,\"permanent_partial_result\":true,\"preview_sha256\":\"sha256:abf4fc41b629fa66a50f54515ecc9714d6effb8d53aba8632e1f5df52bf82fc5\",\"source_policy_redacts\":true},\"scenario\":\"atomic_batch_source_policy\",\"version\":\"memory-stage-4-conformance-v1\"}\n"}
{"Time":"2026-09-05T09:12:02.051346-04:00","Action":"output","Package":"github.com/davidadel66/evie/cmd/evie","Test":"TestStage4AtomicBatchPolicyConformance","Output":"--- PASS: TestStage4AtomicBatchPolicyConformance (0.14s)\n"}
{"Time":"2026-09-05T09:12:02.051358-04:00","Action":"pass","Package":"github.com/davidadel66/evie/cmd/evie","Test":"TestStage4AtomicBatchPolicyConformance","Elapsed":0.14}
{"Time":"2026-09-05T09:12:02.051365-04:00","Action":"run","Package":"github.com/davidadel66/evie/cmd/evie","Test":"TestStage4ScopeAdapterConformance"}
{"Time":"2026-09-05T09:12:02.051368-04:00","Action":"output","Package":"github.com/davidadel66/evie/cmd/evie","Test":"TestStage4ScopeAdapterConformance","Output":"=== RUN   TestStage4ScopeAdapterConformance\n"}
{"Time":"2026-09-05T09:12:02.308887-04:00","Action":"output","Package":"github.com/davidadel66/evie/cmd/evie","Test":"TestStage4ScopeAdapterConformance","Output":"    memory_stage4_scope_conformance_test.go:151: STAGE4_EVIDENCE {\"details\":{\"canonical_replay\":true,\"closed_sources\":7,\"cross_scope_denials_per_surface\":42,\"implicit_promotion_denied\":true,\"scope_cases\":[{\"candidate_id\":\"61e89be961750a138dba6b329eec7f96fb9ee9ba9f9352f84072c4d344e79165\",\"effect_sha256\":\"sha256:a564ef5ba2c54fd52124a09947689f94d961150b51f43dba889c237dc7786884\",\"operation_id\":\"700d07fd-128e-4d53-9152-268fff2e2300\",\"preview_sha256\":\"sha256:108fc2ea94c6fff2babe4b0e1545b09759716cf961a193c2bb39ea3d01a10d92\",\"scope\":\"global\",\"scope_family\":\"global\"},{\"candidate_id\":\"b41f5fd06899635c163a9c06f7fbeca1ad9f9b8da92a815643d0557a549e6a2e\",\"effect_sha256\":\"sha256:718622c8dd3d8e0ca7e5bff2aaf0e2bffd0ccc37946ccad1df9e8b1b65f6dc12\",\"operation_id\":\"a6bbfd7b-a37b-467c-af8f-2ff94c391f6d\",\"preview_sha256\":\"sha256:d2d7c50956ea83c902d0ed4b981af4b50ef11e13d1b0bc0fef46f33932cd4c26\",\"scope\":\"workspace:0f4d3a68-2e64-4b97-ab52-be39b84a5cfd\",\"scope_family\":\"workspace_0\"},{\"candidate_id\":\"b5cdbc0056d5a82046836d0e0e41460261286"}
{"Time":"2026-09-05T09:12:02.309001-04:00","Action":"output","Package":"github.com/davidadel66/evie/cmd/evie","Test":"TestStage4ScopeAdapterConformance","Output":"b4358ab61137c3e3173a2a8a26b\",\"effect_sha256\":\"sha256:d1d0b1c00916791282e3ad62a419bd4264a17e38fd3c759fecddd11b747c1693\",\"operation_id\":\"8c6a3b6e-a5ae-4b5b-b2ea-cee34f2f11a8\",\"preview_sha256\":\"sha256:7d20177ec7f384a2f8a54c3054e0a9e01273c5749a46fdf10247fac9611b2e26\",\"scope\":\"workspace:570aa4eb-fb1a-487c-870d-f0bd1d8efcc0\",\"scope_family\":\"workspace_1\"},{\"candidate_id\":\"8c5aedbf94378c0700fc040ecb669e4541048c925cb198ea03533c236d9fef5f\",\"effect_sha256\":\"sha256:08a221fdcbdaf97cdd42d89465119a9bca9a58db60ada5edbae07e82a6ad6386\",\"operation_id\":\"a65fa69c-e71d-44e8-8a12-7cceee0d7717\",\"preview_sha256\":\"sha256:dec78b92f295f595d99e64f4d514841b2f9487041bac13862b83c86fdcd2a1aa\",\"scope\":\"project:eb5d9969-e0c7-4992-b6e8-ec910446dadd\",\"scope_family\":\"project_0\"},{\"candidate_id\":\"2d90b43a8e0d74508bc5983aebb6347be1e49658257fbb1e5cfa24dca06b72d0\",\"effect_sha256\":\"sha256:aed9196ec2ae49a7f04b64dce20124792371f969ef0a18cde428179f9706c671\",\"operation_id\":\"0b93adee-c5c2-4175-bf88-2f067d09c563\",\"preview_sha256\":\"sha256:007e1086873a96bfdbf1"}
{"Time":"2026-09-05T09:12:02.309042-04:00","Action":"output","Package":"github.com/davidadel66/evie/cmd/evie","Test":"TestStage4ScopeAdapterConformance","Output":"f78be527f3894407b09b02ad6faf66aa7062708b6329\",\"scope\":\"project:977a1668-d8d5-46f0-beb0-b385b6adaefa\",\"scope_family\":\"project_1\"},{\"candidate_id\":\"dfec9e9b2bb34f647439b723a260b8a0d2e4052bb445924e4b673bcbc7da7aba\",\"effect_sha256\":\"sha256:6966c72a144025cbbccf3d5af0ded9618492a51856cd73d2ce1b09232fa41e16\",\"operation_id\":\"5e5084b1-93da-4c63-b67e-f7118d1eae93\",\"preview_sha256\":\"sha256:20176f05a6192bda32c3ec7606fa148e3d230839fcaef08c5129aea5540d7480\",\"scope\":\"session:b7fe7bc8-c8c8-49c2-9207-343e9f626133\",\"scope_family\":\"session_0\"},{\"candidate_id\":\"bff030fcbf30520b2d76eedd0c0fa51e64a60cfad36a6bfc03fbdbe70a9e0828\",\"effect_sha256\":\"sha256:ac2faf77f496cffa63fab83b295409869ab87ef03893ff02c4bf22e53af99e9f\",\"operation_id\":\"f43ee64e-d830-4c2a-b4c1-3bac5b76dfdb\",\"preview_sha256\":\"sha256:95d649aa61213003965de4b2fe21a004dc9ffc56befeb4b761c9851ebb9a59e4\",\"scope\":\"session:6b92c2f5-07be-40f3-8c3f-4e7c7ba556a8\",\"scope_family\":\"session_1\"}]},\"scenario\":\"scope_adapter_matrix\",\"version\":\"memory-stage-4-conformance-v1\"}\n"}
{"Time":"2026-09-05T09:12:02.31895-04:00","Action":"output","Package":"github.com/davidadel66/evie/cmd/evie","Test":"TestStage4ScopeAdapterConformance","Output":"--- PASS: TestStage4ScopeAdapterConformance (0.26s)\n"}
{"Time":"2026-09-05T09:12:02.318971-04:00","Action":"pass","Package":"github.com/davidadel66/evie/cmd/evie","Test":"TestStage4ScopeAdapterConformance","Elapsed":0.26}
{"Time":"2026-09-05T09:12:02.318979-04:00","Action":"run","Package":"github.com/davidadel66/evie/cmd/evie","Test":"TestStage4GenericStorageConformance"}
{"Time":"2026-09-05T09:12:02.318983-04:00","Action":"output","Package":"github.com/davidadel66/evie/cmd/evie","Test":"TestStage4GenericStorageConformance","Output":"=== RUN   TestStage4GenericStorageConformance\n"}
{"Time":"2026-09-05T09:12:02.3705-04:00","Action":"output","Package":"github.com/davidadel66/evie/cmd/evie","Test":"TestStage4GenericStorageConformance","Output":"    memory_stage4_scope_conformance_test.go:244: STAGE4_EVIDENCE {\"details\":{\"allowed_fixture_queries\":2,\"blocked_query_db_opens\":0,\"denied_model_queries\":308,\"exact_policy_rejections\":true,\"privileged_shell_claim\":\"unchanged documented limitation\",\"protected_tables_and_views\":77,\"unaccepted_candidate_isolated\":true,\"unquoted_direct_and_nested_queries\":true},\"scenario\":\"generic_storage_containment\",\"version\":\"memory-stage-4-conformance-v1\"}\n"}
{"Time":"2026-09-05T09:12:02.374375-04:00","Action":"output","Package":"github.com/davidadel66/evie/cmd/evie","Test":"TestStage4GenericStorageConformance","Output":"--- PASS: TestStage4GenericStorageConformance (0.06s)\n"}
{"Time":"2026-09-05T09:12:02.3744-04:00","Action":"pass","Package":"github.com/davidadel66/evie/cmd/evie","Test":"TestStage4GenericStorageConformance","Elapsed":0.06}
{"Time":"2026-09-05T09:12:02.374409-04:00","Action":"output","Package":"github.com/davidadel66/evie/cmd/evie","Output":"PASS\n"}
{"Time":"2026-09-05T09:12:02.374997-04:00","Action":"output","Package":"github.com/davidadel66/evie/cmd/evie","Output":"ok  \tgithub.com/davidadel66/evie/cmd/evie\t1.175s\n"}
{"Time":"2026-09-05T09:12:02.375008-04:00","Action":"pass","Package":"github.com/davidadel66/evie/cmd/evie","Elapsed":1.175}
{"Time":"2026-09-05T09:12:02.86127-04:00","Action":"start","Package":"github.com/davidadel66/evie/internal/eviedb"}
{"Time":"2026-09-05T09:12:03.117112-04:00","Action":"run","Package":"github.com/davidadel66/evie/internal/eviedb","Test":"TestStage4StartupRetryBoundaries"}
{"Time":"2026-09-05T09:12:03.117178-04:00","Action":"output","Package":"github.com/davidadel66/evie/internal/eviedb","Test":"TestStage4StartupRetryBoundaries","Output":"=== RUN   TestStage4StartupRetryBoundaries\n"}
{"Time":"2026-09-05T09:12:03.117218-04:00","Action":"run","Package":"github.com/davidadel66/evie/internal/eviedb","Test":"TestStage4StartupRetryBoundaries/only_typed_BUSY_retries"}
{"Time":"2026-09-05T09:12:03.117226-04:00","Action":"output","Package":"github.com/davidadel66/evie/internal/eviedb","Test":"TestStage4StartupRetryBoundaries/only_typed_BUSY_retries","Output":"=== RUN   TestStage4StartupRetryBoundaries/only_typed_BUSY_retries\n"}
{"Time":"2026-09-05T09:12:03.119861-04:00","Action":"output","Package":"github.com/davidadel66/evie/internal/eviedb","Test":"TestStage4StartupRetryBoundaries/only_typed_BUSY_retries","Output":"--- PASS: TestStage4StartupRetryBoundaries/only_typed_BUSY_retries (0.00s)\n"}
{"Time":"2026-09-05T09:12:03.119872-04:00","Action":"pass","Package":"github.com/davidadel66/evie/internal/eviedb","Test":"TestStage4StartupRetryBoundaries/only_typed_BUSY_retries","Elapsed":0}
{"Time":"2026-09-05T09:12:03.119887-04:00","Action":"run","Package":"github.com/davidadel66/evie/internal/eviedb","Test":"TestStage4StartupRetryBoundaries/cancelled_before_connection"}
{"Time":"2026-09-05T09:12:03.119893-04:00","Action":"output","Package":"github.com/davidadel66/evie/internal/eviedb","Test":"TestStage4StartupRetryBoundaries/cancelled_before_connection","Output":"=== RUN   TestStage4StartupRetryBoundaries/cancelled_before_connection\n"}
{"Time":"2026-09-05T09:12:03.119905-04:00","Action":"output","Package":"github.com/davidadel66/evie/internal/eviedb","Test":"TestStage4StartupRetryBoundaries/cancelled_before_connection","Output":"--- PASS: TestStage4StartupRetryBoundaries/cancelled_before_connection (0.00s)\n"}
{"Time":"2026-09-05T09:12:03.119911-04:00","Action":"pass","Package":"github.com/davidadel66/evie/internal/eviedb","Test":"TestStage4StartupRetryBoundaries/cancelled_before_connection","Elapsed":0}
{"Time":"2026-09-05T09:12:03.119916-04:00","Action":"run","Package":"github.com/davidadel66/evie/internal/eviedb","Test":"TestStage4StartupRetryBoundaries/cancelled_between_attempts_retains_code"}
{"Time":"2026-09-05T09:12:03.119921-04:00","Action":"output","Package":"github.com/davidadel66/evie/internal/eviedb","Test":"TestStage4StartupRetryBoundaries/cancelled_between_attempts_retains_code","Output":"=== RUN   TestStage4StartupRetryBoundaries/cancelled_between_attempts_retains_code\n"}
{"Time":"2026-09-05T09:12:03.119929-04:00","Action":"output","Package":"github.com/davidadel66/evie/internal/eviedb","Test":"TestStage4StartupRetryBoundaries/cancelled_between_attempts_retains_code","Output":"--- PASS: TestStage4StartupRetryBoundaries/cancelled_between_attempts_retains_code (0.00s)\n"}
{"Time":"2026-09-05T09:12:03.119935-04:00","Action":"pass","Package":"github.com/davidadel66/evie/internal/eviedb","Test":"TestStage4StartupRetryBoundaries/cancelled_between_attempts_retains_code","Elapsed":0}
{"Time":"2026-09-05T09:12:03.11994-04:00","Action":"run","Package":"github.com/davidadel66/evie/internal/eviedb","Test":"TestStage4StartupRetryBoundaries/retry_deadline_preserves_last_BUSY"}
{"Time":"2026-09-05T09:12:03.119944-04:00","Action":"output","Package":"github.com/davidadel66/evie/internal/eviedb","Test":"TestStage4StartupRetryBoundaries/retry_deadline_preserves_last_BUSY","Output":"=== RUN   TestStage4StartupRetryBoundaries/retry_deadline_preserves_last_BUSY\n"}
{"Time":"2026-09-05T09:12:03.13102-04:00","Action":"output","Package":"github.com/davidadel66/evie/internal/eviedb","Test":"TestStage4StartupRetryBoundaries/retry_deadline_preserves_last_BUSY","Output":"--- PASS: TestStage4StartupRetryBoundaries/retry_deadline_preserves_last_BUSY (0.01s)\n"}
{"Time":"2026-09-05T09:12:03.131037-04:00","Action":"pass","Package":"github.com/davidadel66/evie/internal/eviedb","Test":"TestStage4StartupRetryBoundaries/retry_deadline_preserves_last_BUSY","Elapsed":0.01}
{"Time":"2026-09-05T09:12:03.131055-04:00","Action":"run","Package":"github.com/davidadel66/evie/internal/eviedb","Test":"TestStage4StartupRetryBoundaries/late_successful_connection_cannot_erase_cancellation"}
{"Time":"2026-09-05T09:12:03.131077-04:00","Action":"output","Package":"github.com/davidadel66/evie/internal/eviedb","Test":"TestStage4StartupRetryBoundaries/late_successful_connection_cannot_erase_cancellation","Output":"=== RUN   TestStage4StartupRetryBoundaries/late_successful_connection_cannot_erase_cancellation\n"}
{"Time":"2026-09-05T09:12:03.131085-04:00","Action":"output","Package":"github.com/davidadel66/evie/internal/eviedb","Test":"TestStage4StartupRetryBoundaries/late_successful_connection_cannot_erase_cancellation","Output":"--- PASS: TestStage4StartupRetryBoundaries/late_successful_connection_cannot_erase_cancellation (0.00s)\n"}
{"Time":"2026-09-05T09:12:03.131091-04:00","Action":"pass","Package":"github.com/davidadel66/evie/internal/eviedb","Test":"TestStage4StartupRetryBoundaries/late_successful_connection_cannot_erase_cancellation","Elapsed":0}
{"Time":"2026-09-05T09:12:03.131098-04:00","Action":"output","Package":"github.com/davidadel66/evie/internal/eviedb","Test":"TestStage4StartupRetryBoundaries","Output":"--- PASS: TestStage4StartupRetryBoundaries (0.01s)\n"}
{"Time":"2026-09-05T09:12:03.131104-04:00","Action":"pass","Package":"github.com/davidadel66/evie/internal/eviedb","Test":"TestStage4StartupRetryBoundaries","Elapsed":0.01}
{"Time":"2026-09-05T09:12:03.131112-04:00","Action":"run","Package":"github.com/davidadel66/evie/internal/eviedb","Test":"TestStage4StartupIndependentProcesses"}
{"Time":"2026-09-05T09:12:03.131117-04:00","Action":"output","Package":"github.com/davidadel66/evie/internal/eviedb","Test":"TestStage4StartupIndependentProcesses","Output":"=== RUN   TestStage4StartupIndependentProcesses\n"}
{"Time":"2026-09-05T09:12:03.131384-04:00","Action":"run","Package":"github.com/davidadel66/evie/internal/eviedb","Test":"TestStage4StartupIndependentProcesses/fresh_0"}
{"Time":"2026-09-05T09:12:03.131393-04:00","Action":"output","Package":"github.com/davidadel66/evie/internal/eviedb","Test":"TestStage4StartupIndependentProcesses/fresh_0","Output":"=== RUN   TestStage4StartupIndependentProcesses/fresh_0\n"}
{"Time":"2026-09-05T09:12:03.219905-04:00","Action":"output","Package":"github.com/davidadel66/evie/internal/eviedb","Test":"TestStage4StartupIndependentProcesses/fresh_0","Output":"--- PASS: TestStage4StartupIndependentProcesses/fresh_0 (0.09s)\n"}
{"Time":"2026-09-05T09:12:03.219926-04:00","Action":"pass","Package":"github.com/davidadel66/evie/internal/eviedb","Test":"TestStage4StartupIndependentProcesses/fresh_0","Elapsed":0.09}
{"Time":"2026-09-05T09:12:03.219933-04:00","Action":"run","Package":"github.com/davidadel66/evie/internal/eviedb","Test":"TestStage4StartupIndependentProcesses/existing_0"}
{"Time":"2026-09-05T09:12:03.219951-04:00","Action":"output","Package":"github.com/davidadel66/evie/internal/eviedb","Test":"TestStage4StartupIndependentProcesses/existing_0","Output":"=== RUN   TestStage4StartupIndependentProcesses/existing_0\n"}
{"Time":"2026-09-05T09:12:03.246294-04:00","Action":"output","Package":"github.com/davidadel66/evie/internal/eviedb","Test":"TestStage4StartupIndependentProcesses/existing_0","Output":"--- PASS: TestStage4StartupIndependentProcesses/existing_0 (0.03s)\n"}
{"Time":"2026-09-05T09:12:03.246309-04:00","Action":"pass","Package":"github.com/davidadel66/evie/internal/eviedb","Test":"TestStage4StartupIndependentProcesses/existing_0","Elapsed":0.03}
{"Time":"2026-09-05T09:12:03.246372-04:00","Action":"run","Package":"github.com/davidadel66/evie/internal/eviedb","Test":"TestStage4StartupIndependentProcesses/fresh_1"}
{"Time":"2026-09-05T09:12:03.246376-04:00","Action":"output","Package":"github.com/davidadel66/evie/internal/eviedb","Test":"TestStage4StartupIndependentProcesses/fresh_1","Output":"=== RUN   TestStage4StartupIndependentProcesses/fresh_1\n"}
{"Time":"2026-09-05T09:12:03.311544-04:00","Action":"output","Package":"github.com/davidadel66/evie/internal/eviedb","Test":"TestStage4StartupIndependentProcesses/fresh_1","Output":"--- PASS: TestStage4StartupIndependentProcesses/fresh_1 (0.07s)\n"}
{"Time":"2026-09-05T09:12:03.311563-04:00","Action":"pass","Package":"github.com/davidadel66/evie/internal/eviedb","Test":"TestStage4StartupIndependentProcesses/fresh_1","Elapsed":0.07}
{"Time":"2026-09-05T09:12:03.311579-04:00","Action":"run","Package":"github.com/davidadel66/evie/internal/eviedb","Test":"TestStage4StartupIndependentProcesses/existing_1"}
{"Time":"2026-09-05T09:12:03.311583-04:00","Action":"output","Package":"github.com/davidadel66/evie/internal/eviedb","Test":"TestStage4StartupIndependentProcesses/existing_1","Output":"=== RUN   TestStage4StartupIndependentProcesses/existing_1\n"}
{"Time":"2026-09-05T09:12:03.337121-04:00","Action":"output","Package":"github.com/davidadel66/evie/internal/eviedb","Test":"TestStage4StartupIndependentProcesses/existing_1","Output":"--- PASS: TestStage4StartupIndependentProcesses/existing_1 (0.03s)\n"}
{"Time":"2026-09-05T09:12:03.337135-04:00","Action":"pass","Package":"github.com/davidadel66/evie/internal/eviedb","Test":"TestStage4StartupIndependentProcesses/existing_1","Elapsed":0.03}
{"Time":"2026-09-05T09:12:03.337193-04:00","Action":"run","Package":"github.com/davidadel66/evie/internal/eviedb","Test":"TestStage4StartupIndependentProcesses/fresh_2"}
{"Time":"2026-09-05T09:12:03.337197-04:00","Action":"output","Package":"github.com/davidadel66/evie/internal/eviedb","Test":"TestStage4StartupIndependentProcesses/fresh_2","Output":"=== RUN   TestStage4StartupIndependentProcesses/fresh_2\n"}
{"Time":"2026-09-05T09:12:03.404198-04:00","Action":"output","Package":"github.com/davidadel66/evie/internal/eviedb","Test":"TestStage4StartupIndependentProcesses/fresh_2","Output":"--- PASS: TestStage4StartupIndependentProcesses/fresh_2 (0.07s)\n"}
{"Time":"2026-09-05T09:12:03.404219-04:00","Action":"pass","Package":"github.com/davidadel66/evie/internal/eviedb","Test":"TestStage4StartupIndependentProcesses/fresh_2","Elapsed":0.07}
{"Time":"2026-09-05T09:12:03.404226-04:00","Action":"run","Package":"github.com/davidadel66/evie/internal/eviedb","Test":"TestStage4StartupIndependentProcesses/existing_2"}
{"Time":"2026-09-05T09:12:03.404229-04:00","Action":"output","Package":"github.com/davidadel66/evie/internal/eviedb","Test":"TestStage4StartupIndependentProcesses/existing_2","Output":"=== RUN   TestStage4StartupIndependentProcesses/existing_2\n"}
{"Time":"2026-09-05T09:12:03.433681-04:00","Action":"output","Package":"github.com/davidadel66/evie/internal/eviedb","Test":"TestStage4StartupIndependentProcesses/existing_2","Output":"--- PASS: TestStage4StartupIndependentProcesses/existing_2 (0.03s)\n"}
{"Time":"2026-09-05T09:12:03.433697-04:00","Action":"pass","Package":"github.com/davidadel66/evie/internal/eviedb","Test":"TestStage4StartupIndependentProcesses/existing_2","Elapsed":0.03}
{"Time":"2026-09-05T09:12:03.433765-04:00","Action":"run","Package":"github.com/davidadel66/evie/internal/eviedb","Test":"TestStage4StartupIndependentProcesses/fresh_3"}
{"Time":"2026-09-05T09:12:03.433771-04:00","Action":"output","Package":"github.com/davidadel66/evie/internal/eviedb","Test":"TestStage4StartupIndependentProcesses/fresh_3","Output":"=== RUN   TestStage4StartupIndependentProcesses/fresh_3\n"}
{"Time":"2026-09-05T09:12:03.504111-04:00","Action":"output","Package":"github.com/davidadel66/evie/internal/eviedb","Test":"TestStage4StartupIndependentProcesses/fresh_3","Output":"--- PASS: TestStage4StartupIndependentProcesses/fresh_3 (0.07s)\n"}
{"Time":"2026-09-05T09:12:03.504131-04:00","Action":"pass","Package":"github.com/davidadel66/evie/internal/eviedb","Test":"TestStage4StartupIndependentProcesses/fresh_3","Elapsed":0.07}
{"Time":"2026-09-05T09:12:03.504137-04:00","Action":"run","Package":"github.com/davidadel66/evie/internal/eviedb","Test":"TestStage4StartupIndependentProcesses/existing_3"}
{"Time":"2026-09-05T09:12:03.50414-04:00","Action":"output","Package":"github.com/davidadel66/evie/internal/eviedb","Test":"TestStage4StartupIndependentProcesses/existing_3","Output":"=== RUN   TestStage4StartupIndependentProcesses/existing_3\n"}
{"Time":"2026-09-05T09:12:03.541564-04:00","Action":"output","Package":"github.com/davidadel66/evie/internal/eviedb","Test":"TestStage4StartupIndependentProcesses/existing_3","Output":"--- PASS: TestStage4StartupIndependentProcesses/existing_3 (0.04s)\n"}
{"Time":"2026-09-05T09:12:03.541591-04:00","Action":"pass","Package":"github.com/davidadel66/evie/internal/eviedb","Test":"TestStage4StartupIndependentProcesses/existing_3","Elapsed":0.04}
{"Time":"2026-09-05T09:12:03.541657-04:00","Action":"run","Package":"github.com/davidadel66/evie/internal/eviedb","Test":"TestStage4StartupIndependentProcesses/fresh_4"}
{"Time":"2026-09-05T09:12:03.541661-04:00","Action":"output","Package":"github.com/davidadel66/evie/internal/eviedb","Test":"TestStage4StartupIndependentProcesses/fresh_4","Output":"=== RUN   TestStage4StartupIndependentProcesses/fresh_4\n"}
{"Time":"2026-09-05T09:12:03.60804-04:00","Action":"output","Package":"github.com/davidadel66/evie/internal/eviedb","Test":"TestStage4StartupIndependentProcesses/fresh_4","Output":"--- PASS: TestStage4StartupIndependentProcesses/fresh_4 (0.07s)\n"}
{"Time":"2026-09-05T09:12:03.608058-04:00","Action":"pass","Package":"github.com/davidadel66/evie/internal/eviedb","Test":"TestStage4StartupIndependentProcesses/fresh_4","Elapsed":0.07}
{"Time":"2026-09-05T09:12:03.608065-04:00","Action":"run","Package":"github.com/davidadel66/evie/internal/eviedb","Test":"TestStage4StartupIndependentProcesses/existing_4"}
{"Time":"2026-09-05T09:12:03.608068-04:00","Action":"output","Package":"github.com/davidadel66/evie/internal/eviedb","Test":"TestStage4StartupIndependentProcesses/existing_4","Output":"=== RUN   TestStage4StartupIndependentProcesses/existing_4\n"}
{"Time":"2026-09-05T09:12:03.637189-04:00","Action":"output","Package":"github.com/davidadel66/evie/internal/eviedb","Test":"TestStage4StartupIndependentProcesses/existing_4","Output":"--- PASS: TestStage4StartupIndependentProcesses/existing_4 (0.03s)\n"}
{"Time":"2026-09-05T09:12:03.637205-04:00","Action":"pass","Package":"github.com/davidadel66/evie/internal/eviedb","Test":"TestStage4StartupIndependentProcesses/existing_4","Elapsed":0.03}
{"Time":"2026-09-05T09:12:03.63728-04:00","Action":"run","Package":"github.com/davidadel66/evie/internal/eviedb","Test":"TestStage4StartupIndependentProcesses/fresh_5"}
{"Time":"2026-09-05T09:12:03.637285-04:00","Action":"output","Package":"github.com/davidadel66/evie/internal/eviedb","Test":"TestStage4StartupIndependentProcesses/fresh_5","Output":"=== RUN   TestStage4StartupIndependentProcesses/fresh_5\n"}
{"Time":"2026-09-05T09:12:03.713944-04:00","Action":"output","Package":"github.com/davidadel66/evie/internal/eviedb","Test":"TestStage4StartupIndependentProcesses/fresh_5","Output":"--- PASS: TestStage4StartupIndependentProcesses/fresh_5 (0.08s)\n"}
{"Time":"2026-09-05T09:12:03.71396-04:00","Action":"pass","Package":"github.com/davidadel66/evie/internal/eviedb","Test":"TestStage4StartupIndependentProcesses/fresh_5","Elapsed":0.08}
{"Time":"2026-09-05T09:12:03.713986-04:00","Action":"run","Package":"github.com/davidadel66/evie/internal/eviedb","Test":"TestStage4StartupIndependentProcesses/existing_5"}
{"Time":"2026-09-05T09:12:03.71399-04:00","Action":"output","Package":"github.com/davidadel66/evie/internal/eviedb","Test":"TestStage4StartupIndependentProcesses/existing_5","Output":"=== RUN   TestStage4StartupIndependentProcesses/existing_5\n"}
{"Time":"2026-09-05T09:12:03.739685-04:00","Action":"output","Package":"github.com/davidadel66/evie/internal/eviedb","Test":"TestStage4StartupIndependentProcesses/existing_5","Output":"--- PASS: TestStage4StartupIndependentProcesses/existing_5 (0.03s)\n"}
{"Time":"2026-09-05T09:12:03.739702-04:00","Action":"pass","Package":"github.com/davidadel66/evie/internal/eviedb","Test":"TestStage4StartupIndependentProcesses/existing_5","Elapsed":0.03}
{"Time":"2026-09-05T09:12:03.739763-04:00","Action":"run","Package":"github.com/davidadel66/evie/internal/eviedb","Test":"TestStage4StartupIndependentProcesses/fresh_6"}
{"Time":"2026-09-05T09:12:03.739767-04:00","Action":"output","Package":"github.com/davidadel66/evie/internal/eviedb","Test":"TestStage4StartupIndependentProcesses/fresh_6","Output":"=== RUN   TestStage4StartupIndependentProcesses/fresh_6\n"}
{"Time":"2026-09-05T09:12:03.802183-04:00","Action":"output","Package":"github.com/davidadel66/evie/internal/eviedb","Test":"TestStage4StartupIndependentProcesses/fresh_6","Output":"--- PASS: TestStage4StartupIndependentProcesses/fresh_6 (0.06s)\n"}
{"Time":"2026-09-05T09:12:03.802199-04:00","Action":"pass","Package":"github.com/davidadel66/evie/internal/eviedb","Test":"TestStage4StartupIndependentProcesses/fresh_6","Elapsed":0.06}
{"Time":"2026-09-05T09:12:03.802205-04:00","Action":"run","Package":"github.com/davidadel66/evie/internal/eviedb","Test":"TestStage4StartupIndependentProcesses/existing_6"}
{"Time":"2026-09-05T09:12:03.802207-04:00","Action":"output","Package":"github.com/davidadel66/evie/internal/eviedb","Test":"TestStage4StartupIndependentProcesses/existing_6","Output":"=== RUN   TestStage4StartupIndependentProcesses/existing_6\n"}
{"Time":"2026-09-05T09:12:03.838872-04:00","Action":"output","Package":"github.com/davidadel66/evie/internal/eviedb","Test":"TestStage4StartupIndependentProcesses/existing_6","Output":"--- PASS: TestStage4StartupIndependentProcesses/existing_6 (0.04s)\n"}
{"Time":"2026-09-05T09:12:03.83889-04:00","Action":"pass","Package":"github.com/davidadel66/evie/internal/eviedb","Test":"TestStage4StartupIndependentProcesses/existing_6","Elapsed":0.04}
{"Time":"2026-09-05T09:12:03.838957-04:00","Action":"run","Package":"github.com/davidadel66/evie/internal/eviedb","Test":"TestStage4StartupIndependentProcesses/fresh_7"}
{"Time":"2026-09-05T09:12:03.838961-04:00","Action":"output","Package":"github.com/davidadel66/evie/internal/eviedb","Test":"TestStage4StartupIndependentProcesses/fresh_7","Output":"=== RUN   TestStage4StartupIndependentProcesses/fresh_7\n"}
{"Time":"2026-09-05T09:12:03.905822-04:00","Action":"output","Package":"github.com/davidadel66/evie/internal/eviedb","Test":"TestStage4StartupIndependentProcesses/fresh_7","Output":"--- PASS: TestStage4StartupIndependentProcesses/fresh_7 (0.07s)\n"}
{"Time":"2026-09-05T09:12:03.905838-04:00","Action":"pass","Package":"github.com/davidadel66/evie/internal/eviedb","Test":"TestStage4StartupIndependentProcesses/fresh_7","Elapsed":0.07}
{"Time":"2026-09-05T09:12:03.905844-04:00","Action":"run","Package":"github.com/davidadel66/evie/internal/eviedb","Test":"TestStage4StartupIndependentProcesses/existing_7"}
{"Time":"2026-09-05T09:12:03.905847-04:00","Action":"output","Package":"github.com/davidadel66/evie/internal/eviedb","Test":"TestStage4StartupIndependentProcesses/existing_7","Output":"=== RUN   TestStage4StartupIndependentProcesses/existing_7\n"}
{"Time":"2026-09-05T09:12:03.933786-04:00","Action":"output","Package":"github.com/davidadel66/evie/internal/eviedb","Test":"TestStage4StartupIndependentProcesses/existing_7","Output":"--- PASS: TestStage4StartupIndependentProcesses/existing_7 (0.03s)\n"}
{"Time":"2026-09-05T09:12:03.933803-04:00","Action":"pass","Package":"github.com/davidadel66/evie/internal/eviedb","Test":"TestStage4StartupIndependentProcesses/existing_7","Elapsed":0.03}
{"Time":"2026-09-05T09:12:03.933847-04:00","Action":"output","Package":"github.com/davidadel66/evie/internal/eviedb","Test":"TestStage4StartupIndependentProcesses","Output":"    sqlite_startup_test.go:201: STAGE4_EVIDENCE {\"details\":{\"busy_timeout_ms\":5000,\"file_mode\":\"0600\",\"foreign_keys\":1,\"fresh_and_existing\":true,\"independent_starts\":48,\"journal_mode\":\"wal\",\"sqlite_version\":\"3.53.2\",\"unprimed_connections\":true},\"scenario\":\"public_sqlite_startup\",\"version\":\"memory-stage-4-conformance-v1\"}\n"}
{"Time":"2026-09-05T09:12:03.934981-04:00","Action":"output","Package":"github.com/davidadel66/evie/internal/eviedb","Test":"TestStage4StartupIndependentProcesses","Output":"--- PASS: TestStage4StartupIndependentProcesses (0.80s)\n"}
{"Time":"2026-09-05T09:12:03.934988-04:00","Action":"pass","Package":"github.com/davidadel66/evie/internal/eviedb","Test":"TestStage4StartupIndependentProcesses","Elapsed":0.8}
{"Time":"2026-09-05T09:12:03.935-04:00","Action":"run","Package":"github.com/davidadel66/evie/internal/eviedb","Test":"TestStage4StartupIncompatibleSchemaFailsWithoutRewrite"}
{"Time":"2026-09-05T09:12:03.935002-04:00","Action":"output","Package":"github.com/davidadel66/evie/internal/eviedb","Test":"TestStage4StartupIncompatibleSchemaFailsWithoutRewrite","Output":"=== RUN   TestStage4StartupIncompatibleSchemaFailsWithoutRewrite\n"}
{"Time":"2026-09-05T09:12:03.979081-04:00","Action":"output","Package":"github.com/davidadel66/evie/internal/eviedb","Test":"TestStage4StartupIncompatibleSchemaFailsWithoutRewrite","Output":"--- PASS: TestStage4StartupIncompatibleSchemaFailsWithoutRewrite (0.04s)\n"}
{"Time":"2026-09-05T09:12:03.979095-04:00","Action":"pass","Package":"github.com/davidadel66/evie/internal/eviedb","Test":"TestStage4StartupIncompatibleSchemaFailsWithoutRewrite","Elapsed":0.04}
{"Time":"2026-09-05T09:12:03.979102-04:00","Action":"run","Package":"github.com/davidadel66/evie/internal/eviedb","Test":"TestStage4ProcessConformanceWorkerRecovery"}
{"Time":"2026-09-05T09:12:03.979105-04:00","Action":"output","Package":"github.com/davidadel66/evie/internal/eviedb","Test":"TestStage4ProcessConformanceWorkerRecovery","Output":"=== RUN   TestStage4ProcessConformanceWorkerRecovery\n"}
{"Time":"2026-09-05T09:12:03.979109-04:00","Action":"run","Package":"github.com/davidadel66/evie/internal/eviedb","Test":"TestStage4ProcessConformanceWorkerRecovery/process_crash"}
{"Time":"2026-09-05T09:12:03.979114-04:00","Action":"output","Package":"github.com/davidadel66/evie/internal/eviedb","Test":"TestStage4ProcessConformanceWorkerRecovery/process_crash","Output":"=== RUN   TestStage4ProcessConformanceWorkerRecovery/process_crash\n"}
{"Time":"2026-09-05T09:12:04.106503-04:00","Action":"output","Package":"github.com/davidadel66/evie/internal/eviedb","Test":"TestStage4ProcessConformanceWorkerRecovery/process_crash","Output":"    stage4_process_conformance_test.go:141: STAGE4_EVIDENCE {\"assertions\":{\"duplicate_dispatch_absent\":true,\"durable_attempts\":true,\"exact_release_verified\":true,\"exact_source_authority\":true,\"mismatched_ack_blocked\":true,\"real_processes\":true,\"single_candidate_publication\":true,\"unaccepted_graph_unchanged\":true,\"unknown_capacity_blocked\":true},\"scenario\":\"process_crash\",\"version\":\"memory-stage-4-conformance-v1\"}\n"}
{"Time":"2026-09-05T09:12:04.110658-04:00","Action":"output","Package":"github.com/davidadel66/evie/internal/eviedb","Test":"TestStage4ProcessConformanceWorkerRecovery/process_crash","Output":"--- PASS: TestStage4ProcessConformanceWorkerRecovery/process_crash (0.13s)\n"}
{"Time":"2026-09-05T09:12:04.110668-04:00","Action":"pass","Package":"github.com/davidadel66/evie/internal/eviedb","Test":"TestStage4ProcessConformanceWorkerRecovery/process_crash","Elapsed":0.13}
{"Time":"2026-09-05T09:12:04.110678-04:00","Action":"run","Package":"github.com/davidadel66/evie/internal/eviedb","Test":"TestStage4ProcessConformanceWorkerRecovery/expired_late_delivery"}
{"Time":"2026-09-05T09:12:04.110682-04:00","Action":"output","Package":"github.com/davidadel66/evie/internal/eviedb","Test":"TestStage4ProcessConformanceWorkerRecovery/expired_late_delivery","Output":"=== RUN   TestStage4ProcessConformanceWorkerRecovery/expired_late_delivery\n"}
{"Time":"2026-09-05T09:12:04.244467-04:00","Action":"output","Package":"github.com/davidadel66/evie/internal/eviedb","Test":"TestStage4ProcessConformanceWorkerRecovery/expired_late_delivery","Output":"    stage4_process_conformance_test.go:141: STAGE4_EVIDENCE {\"assertions\":{\"duplicate_dispatch_absent\":true,\"durable_attempts\":true,\"exact_release_verified\":true,\"exact_source_authority\":true,\"mismatched_ack_blocked\":true,\"real_processes\":true,\"replacement_capacity_preserved\":true,\"single_candidate_publication\":true,\"stale_delivery_fenced\":true,\"unaccepted_graph_unchanged\":true,\"unknown_capacity_blocked\":true},\"scenario\":\"expired_late_delivery\",\"version\":\"memory-stage-4-conformance-v1\"}\n"}
{"Time":"2026-09-05T09:12:04.248717-04:00","Action":"output","Package":"github.com/davidadel66/evie/internal/eviedb","Test":"TestStage4ProcessConformanceWorkerRecovery/expired_late_delivery","Output":"--- PASS: TestStage4ProcessConformanceWorkerRecovery/expired_late_delivery (0.14s)\n"}
{"Time":"2026-09-05T09:12:04.248741-04:00","Action":"pass","Package":"github.com/davidadel66/evie/internal/eviedb","Test":"TestStage4ProcessConformanceWorkerRecovery/expired_late_delivery","Elapsed":0.14}
{"Time":"2026-09-05T09:12:04.248746-04:00","Action":"run","Package":"github.com/davidadel66/evie/internal/eviedb","Test":"TestStage4ProcessConformanceWorkerRecovery/cancelled_late_delivery"}
{"Time":"2026-09-05T09:12:04.248749-04:00","Action":"output","Package":"github.com/davidadel66/evie/internal/eviedb","Test":"TestStage4ProcessConformanceWorkerRecovery/cancelled_late_delivery","Output":"=== RUN   TestStage4ProcessConformanceWorkerRecovery/cancelled_late_delivery\n"}
{"Time":"2026-09-05T09:12:04.382325-04:00","Action":"output","Package":"github.com/davidadel66/evie/internal/eviedb","Test":"TestStage4ProcessConformanceWorkerRecovery/cancelled_late_delivery","Output":"    stage4_process_conformance_test.go:141: STAGE4_EVIDENCE {\"assertions\":{\"duplicate_dispatch_absent\":true,\"durable_attempts\":true,\"exact_release_verified\":true,\"exact_source_authority\":true,\"mismatched_ack_blocked\":true,\"real_processes\":true,\"replacement_capacity_preserved\":true,\"single_candidate_publication\":true,\"stale_delivery_fenced\":true,\"unaccepted_graph_unchanged\":true,\"unknown_capacity_blocked\":true},\"scenario\":\"cancelled_late_delivery\",\"version\":\"memory-stage-4-conformance-v1\"}\n"}
{"Time":"2026-09-05T09:12:04.38653-04:00","Action":"output","Package":"github.com/davidadel66/evie/internal/eviedb","Test":"TestStage4ProcessConformanceWorkerRecovery/cancelled_late_delivery","Output":"--- PASS: TestStage4ProcessConformanceWorkerRecovery/cancelled_late_delivery (0.14s)\n"}
{"Time":"2026-09-05T09:12:04.386544-04:00","Action":"pass","Package":"github.com/davidadel66/evie/internal/eviedb","Test":"TestStage4ProcessConformanceWorkerRecovery/cancelled_late_delivery","Elapsed":0.14}
{"Time":"2026-09-05T09:12:04.38655-04:00","Action":"output","Package":"github.com/davidadel66/evie/internal/eviedb","Test":"TestStage4ProcessConformanceWorkerRecovery","Output":"--- PASS: TestStage4ProcessConformanceWorkerRecovery (0.41s)\n"}
{"Time":"2026-09-05T09:12:04.386553-04:00","Action":"pass","Package":"github.com/davidadel66/evie/internal/eviedb","Test":"TestStage4ProcessConformanceWorkerRecovery","Elapsed":0.41}
{"Time":"2026-09-05T09:12:04.386556-04:00","Action":"run","Package":"github.com/davidadel66/evie/internal/eviedb","Test":"TestStage4ProcessConformanceReviewCommitRecovery"}
{"Time":"2026-09-05T09:12:04.386561-04:00","Action":"output","Package":"github.com/davidadel66/evie/internal/eviedb","Test":"TestStage4ProcessConformanceReviewCommitRecovery","Output":"=== RUN   TestStage4ProcessConformanceReviewCommitRecovery\n"}
{"Time":"2026-09-05T09:12:04.386564-04:00","Action":"run","Package":"github.com/davidadel66/evie/internal/eviedb","Test":"TestStage4ProcessConformanceReviewCommitRecovery/before_commit"}
{"Time":"2026-09-05T09:12:04.386566-04:00","Action":"output","Package":"github.com/davidadel66/evie/internal/eviedb","Test":"TestStage4ProcessConformanceReviewCommitRecovery/before_commit","Output":"=== RUN   TestStage4ProcessConformanceReviewCommitRecovery/before_commit\n"}
{"Time":"2026-09-05T09:12:04.533016-04:00","Action":"output","Package":"github.com/davidadel66/evie/internal/eviedb","Test":"TestStage4ProcessConformanceReviewCommitRecovery/before_commit","Output":"    stage4_process_conformance_test.go:198: STAGE4_EVIDENCE {\"assertions\":{\"atomic_effects\":true,\"canonical_replay_valid\":true,\"competing_duplicate_receipts_equal\":true,\"prior_resolution_visible\":true,\"real_process_exit_at_review_commit\":true,\"single_canonical_operation\":true},\"scenario\":\"before_commit\",\"version\":\"memory-stage-4-conformance-v1\"}\n"}
{"Time":"2026-09-05T09:12:04.537098-04:00","Action":"output","Package":"github.com/davidadel66/evie/internal/eviedb","Test":"TestStage4ProcessConformanceReviewCommitRecovery/before_commit","Output":"--- PASS: TestStage4ProcessConformanceReviewCommitRecovery/before_commit (0.15s)\n"}
{"Time":"2026-09-05T09:12:04.537111-04:00","Action":"pass","Package":"github.com/davidadel66/evie/internal/eviedb","Test":"TestStage4ProcessConformanceReviewCommitRecovery/before_commit","Elapsed":0.15}
{"Time":"2026-09-05T09:12:04.537116-04:00","Action":"run","Package":"github.com/davidadel66/evie/internal/eviedb","Test":"TestStage4ProcessConformanceReviewCommitRecovery/after_commit"}
{"Time":"2026-09-05T09:12:04.537122-04:00","Action":"output","Package":"github.com/davidadel66/evie/internal/eviedb","Test":"TestStage4ProcessConformanceReviewCommitRecovery/after_commit","Output":"=== RUN   TestStage4ProcessConformanceReviewCommitRecovery/after_commit\n"}
{"Time":"2026-09-05T09:12:04.676114-04:00","Action":"output","Package":"github.com/davidadel66/evie/internal/eviedb","Test":"TestStage4ProcessConformanceReviewCommitRecovery/after_commit","Output":"    stage4_process_conformance_test.go:198: STAGE4_EVIDENCE {\"assertions\":{\"atomic_effects\":true,\"canonical_replay_valid\":true,\"competing_duplicate_receipts_equal\":true,\"prior_resolution_visible\":true,\"real_process_exit_at_review_commit\":true,\"single_canonical_operation\":true},\"scenario\":\"after_commit\",\"version\":\"memory-stage-4-conformance-v1\"}\n"}
{"Time":"2026-09-05T09:12:04.68046-04:00","Action":"output","Package":"github.com/davidadel66/evie/internal/eviedb","Test":"TestStage4ProcessConformanceReviewCommitRecovery/after_commit","Output":"--- PASS: TestStage4ProcessConformanceReviewCommitRecovery/after_commit (0.14s)\n"}
{"Time":"2026-09-05T09:12:04.680472-04:00","Action":"pass","Package":"github.com/davidadel66/evie/internal/eviedb","Test":"TestStage4ProcessConformanceReviewCommitRecovery/after_commit","Elapsed":0.14}
{"Time":"2026-09-05T09:12:04.680477-04:00","Action":"output","Package":"github.com/davidadel66/evie/internal/eviedb","Test":"TestStage4ProcessConformanceReviewCommitRecovery","Output":"--- PASS: TestStage4ProcessConformanceReviewCommitRecovery (0.29s)\n"}
{"Time":"2026-09-05T09:12:04.680481-04:00","Action":"pass","Package":"github.com/davidadel66/evie/internal/eviedb","Test":"TestStage4ProcessConformanceReviewCommitRecovery","Elapsed":0.29}
{"Time":"2026-09-05T09:12:04.680493-04:00","Action":"output","Package":"github.com/davidadel66/evie/internal/eviedb","Output":"PASS\n"}
{"Time":"2026-09-05T09:12:04.680944-04:00","Action":"output","Package":"github.com/davidadel66/evie/internal/eviedb","Output":"ok  \tgithub.com/davidadel66/evie/internal/eviedb\t1.820s\n"}
{"Time":"2026-09-05T09:12:04.680951-04:00","Action":"pass","Package":"github.com/davidadel66/evie/internal/eviedb","Elapsed":1.8199999999999998}
