{"Time":"2026-09-05T08:48:40.189414-04:00","Action":"start","Package":"github.com/davidadel66/evie/cmd/evie"}
{"Time":"2026-09-05T08:48:40.189534-04:00","Action":"start","Package":"github.com/davidadel66/evie/internal/eviedb"}
{"Time":"2026-09-05T08:48:40.441885-04:00","Action":"run","Package":"github.com/davidadel66/evie/internal/eviedb","Test":"TestStage4StartupRetryBoundaries"}
{"Time":"2026-09-05T08:48:40.441957-04:00","Action":"output","Package":"github.com/davidadel66/evie/internal/eviedb","Test":"TestStage4StartupRetryBoundaries","Output":"=== RUN   TestStage4StartupRetryBoundaries\n"}
{"Time":"2026-09-05T08:48:40.441988-04:00","Action":"run","Package":"github.com/davidadel66/evie/internal/eviedb","Test":"TestStage4StartupRetryBoundaries/only_typed_BUSY_retries"}
{"Time":"2026-09-05T08:48:40.441994-04:00","Action":"output","Package":"github.com/davidadel66/evie/internal/eviedb","Test":"TestStage4StartupRetryBoundaries/only_typed_BUSY_retries","Output":"=== RUN   TestStage4StartupRetryBoundaries/only_typed_BUSY_retries\n"}
{"Time":"2026-09-05T08:48:40.444697-04:00","Action":"output","Package":"github.com/davidadel66/evie/internal/eviedb","Test":"TestStage4StartupRetryBoundaries/only_typed_BUSY_retries","Output":"--- PASS: TestStage4StartupRetryBoundaries/only_typed_BUSY_retries (0.00s)\n"}
{"Time":"2026-09-05T08:48:40.444705-04:00","Action":"pass","Package":"github.com/davidadel66/evie/internal/eviedb","Test":"TestStage4StartupRetryBoundaries/only_typed_BUSY_retries","Elapsed":0}
{"Time":"2026-09-05T08:48:40.444719-04:00","Action":"run","Package":"github.com/davidadel66/evie/internal/eviedb","Test":"TestStage4StartupRetryBoundaries/cancelled_before_connection"}
{"Time":"2026-09-05T08:48:40.444723-04:00","Action":"output","Package":"github.com/davidadel66/evie/internal/eviedb","Test":"TestStage4StartupRetryBoundaries/cancelled_before_connection","Output":"=== RUN   TestStage4StartupRetryBoundaries/cancelled_before_connection\n"}
{"Time":"2026-09-05T08:48:40.444726-04:00","Action":"output","Package":"github.com/davidadel66/evie/internal/eviedb","Test":"TestStage4StartupRetryBoundaries/cancelled_before_connection","Output":"--- PASS: TestStage4StartupRetryBoundaries/cancelled_before_connection (0.00s)\n"}
{"Time":"2026-09-05T08:48:40.44473-04:00","Action":"pass","Package":"github.com/davidadel66/evie/internal/eviedb","Test":"TestStage4StartupRetryBoundaries/cancelled_before_connection","Elapsed":0}
{"Time":"2026-09-05T08:48:40.444733-04:00","Action":"run","Package":"github.com/davidadel66/evie/internal/eviedb","Test":"TestStage4StartupRetryBoundaries/cancelled_between_attempts_retains_code"}
{"Time":"2026-09-05T08:48:40.444736-04:00","Action":"output","Package":"github.com/davidadel66/evie/internal/eviedb","Test":"TestStage4StartupRetryBoundaries/cancelled_between_attempts_retains_code","Output":"=== RUN   TestStage4StartupRetryBoundaries/cancelled_between_attempts_retains_code\n"}
{"Time":"2026-09-05T08:48:40.444746-04:00","Action":"output","Package":"github.com/davidadel66/evie/internal/eviedb","Test":"TestStage4StartupRetryBoundaries/cancelled_between_attempts_retains_code","Output":"--- PASS: TestStage4StartupRetryBoundaries/cancelled_between_attempts_retains_code (0.00s)\n"}
{"Time":"2026-09-05T08:48:40.444749-04:00","Action":"pass","Package":"github.com/davidadel66/evie/internal/eviedb","Test":"TestStage4StartupRetryBoundaries/cancelled_between_attempts_retains_code","Elapsed":0}
{"Time":"2026-09-05T08:48:40.444752-04:00","Action":"run","Package":"github.com/davidadel66/evie/internal/eviedb","Test":"TestStage4StartupRetryBoundaries/retry_deadline_preserves_last_BUSY"}
{"Time":"2026-09-05T08:48:40.444755-04:00","Action":"output","Package":"github.com/davidadel66/evie/internal/eviedb","Test":"TestStage4StartupRetryBoundaries/retry_deadline_preserves_last_BUSY","Output":"=== RUN   TestStage4StartupRetryBoundaries/retry_deadline_preserves_last_BUSY\n"}
{"Time":"2026-09-05T08:48:40.456793-04:00","Action":"output","Package":"github.com/davidadel66/evie/internal/eviedb","Test":"TestStage4StartupRetryBoundaries/retry_deadline_preserves_last_BUSY","Output":"--- PASS: TestStage4StartupRetryBoundaries/retry_deadline_preserves_last_BUSY (0.01s)\n"}
{"Time":"2026-09-05T08:48:40.456831-04:00","Action":"pass","Package":"github.com/davidadel66/evie/internal/eviedb","Test":"TestStage4StartupRetryBoundaries/retry_deadline_preserves_last_BUSY","Elapsed":0.01}
{"Time":"2026-09-05T08:48:40.456853-04:00","Action":"run","Package":"github.com/davidadel66/evie/internal/eviedb","Test":"TestStage4StartupRetryBoundaries/late_successful_connection_cannot_erase_cancellation"}
{"Time":"2026-09-05T08:48:40.456856-04:00","Action":"output","Package":"github.com/davidadel66/evie/internal/eviedb","Test":"TestStage4StartupRetryBoundaries/late_successful_connection_cannot_erase_cancellation","Output":"=== RUN   TestStage4StartupRetryBoundaries/late_successful_connection_cannot_erase_cancellation\n"}
{"Time":"2026-09-05T08:48:40.456866-04:00","Action":"output","Package":"github.com/davidadel66/evie/internal/eviedb","Test":"TestStage4StartupRetryBoundaries/late_successful_connection_cannot_erase_cancellation","Output":"--- PASS: TestStage4StartupRetryBoundaries/late_successful_connection_cannot_erase_cancellation (0.00s)\n"}
{"Time":"2026-09-05T08:48:40.456869-04:00","Action":"pass","Package":"github.com/davidadel66/evie/internal/eviedb","Test":"TestStage4StartupRetryBoundaries/late_successful_connection_cannot_erase_cancellation","Elapsed":0}
{"Time":"2026-09-05T08:48:40.456872-04:00","Action":"output","Package":"github.com/davidadel66/evie/internal/eviedb","Test":"TestStage4StartupRetryBoundaries","Output":"--- PASS: TestStage4StartupRetryBoundaries (0.01s)\n"}
{"Time":"2026-09-05T08:48:40.456875-04:00","Action":"pass","Package":"github.com/davidadel66/evie/internal/eviedb","Test":"TestStage4StartupRetryBoundaries","Elapsed":0.01}
{"Time":"2026-09-05T08:48:40.456888-04:00","Action":"run","Package":"github.com/davidadel66/evie/internal/eviedb","Test":"TestStage4StartupIndependentProcesses"}
{"Time":"2026-09-05T08:48:40.456891-04:00","Action":"output","Package":"github.com/davidadel66/evie/internal/eviedb","Test":"TestStage4StartupIndependentProcesses","Output":"=== RUN   TestStage4StartupIndependentProcesses\n"}
{"Time":"2026-09-05T08:48:40.457011-04:00","Action":"run","Package":"github.com/davidadel66/evie/internal/eviedb","Test":"TestStage4StartupIndependentProcesses/fresh_0"}
{"Time":"2026-09-05T08:48:40.457015-04:00","Action":"output","Package":"github.com/davidadel66/evie/internal/eviedb","Test":"TestStage4StartupIndependentProcesses/fresh_0","Output":"=== RUN   TestStage4StartupIndependentProcesses/fresh_0\n"}
{"Time":"2026-09-05T08:48:40.531714-04:00","Action":"output","Package":"github.com/davidadel66/evie/internal/eviedb","Test":"TestStage4StartupIndependentProcesses/fresh_0","Output":"--- PASS: TestStage4StartupIndependentProcesses/fresh_0 (0.07s)\n"}
{"Time":"2026-09-05T08:48:40.531732-04:00","Action":"pass","Package":"github.com/davidadel66/evie/internal/eviedb","Test":"TestStage4StartupIndependentProcesses/fresh_0","Elapsed":0.07}
{"Time":"2026-09-05T08:48:40.531738-04:00","Action":"run","Package":"github.com/davidadel66/evie/internal/eviedb","Test":"TestStage4StartupIndependentProcesses/existing_0"}
{"Time":"2026-09-05T08:48:40.531741-04:00","Action":"output","Package":"github.com/davidadel66/evie/internal/eviedb","Test":"TestStage4StartupIndependentProcesses/existing_0","Output":"=== RUN   TestStage4StartupIndependentProcesses/existing_0\n"}
{"Time":"2026-09-05T08:48:40.57165-04:00","Action":"output","Package":"github.com/davidadel66/evie/internal/eviedb","Test":"TestStage4StartupIndependentProcesses/existing_0","Output":"--- PASS: TestStage4StartupIndependentProcesses/existing_0 (0.04s)\n"}
{"Time":"2026-09-05T08:48:40.571667-04:00","Action":"pass","Package":"github.com/davidadel66/evie/internal/eviedb","Test":"TestStage4StartupIndependentProcesses/existing_0","Elapsed":0.04}
{"Time":"2026-09-05T08:48:40.57174-04:00","Action":"run","Package":"github.com/davidadel66/evie/internal/eviedb","Test":"TestStage4StartupIndependentProcesses/fresh_1"}
{"Time":"2026-09-05T08:48:40.571744-04:00","Action":"output","Package":"github.com/davidadel66/evie/internal/eviedb","Test":"TestStage4StartupIndependentProcesses/fresh_1","Output":"=== RUN   TestStage4StartupIndependentProcesses/fresh_1\n"}
{"Time":"2026-09-05T08:48:40.64842-04:00","Action":"output","Package":"github.com/davidadel66/evie/internal/eviedb","Test":"TestStage4StartupIndependentProcesses/fresh_1","Output":"--- PASS: TestStage4StartupIndependentProcesses/fresh_1 (0.08s)\n"}
{"Time":"2026-09-05T08:48:40.648446-04:00","Action":"pass","Package":"github.com/davidadel66/evie/internal/eviedb","Test":"TestStage4StartupIndependentProcesses/fresh_1","Elapsed":0.08}
{"Time":"2026-09-05T08:48:40.648453-04:00","Action":"run","Package":"github.com/davidadel66/evie/internal/eviedb","Test":"TestStage4StartupIndependentProcesses/existing_1"}
{"Time":"2026-09-05T08:48:40.648456-04:00","Action":"output","Package":"github.com/davidadel66/evie/internal/eviedb","Test":"TestStage4StartupIndependentProcesses/existing_1","Output":"=== RUN   TestStage4StartupIndependentProcesses/existing_1\n"}
{"Time":"2026-09-05T08:48:40.67675-04:00","Action":"output","Package":"github.com/davidadel66/evie/internal/eviedb","Test":"TestStage4StartupIndependentProcesses/existing_1","Output":"--- PASS: TestStage4StartupIndependentProcesses/existing_1 (0.03s)\n"}
{"Time":"2026-09-05T08:48:40.676768-04:00","Action":"pass","Package":"github.com/davidadel66/evie/internal/eviedb","Test":"TestStage4StartupIndependentProcesses/existing_1","Elapsed":0.03}
{"Time":"2026-09-05T08:48:40.676836-04:00","Action":"run","Package":"github.com/davidadel66/evie/internal/eviedb","Test":"TestStage4StartupIndependentProcesses/fresh_2"}
{"Time":"2026-09-05T08:48:40.676842-04:00","Action":"output","Package":"github.com/davidadel66/evie/internal/eviedb","Test":"TestStage4StartupIndependentProcesses/fresh_2","Output":"=== RUN   TestStage4StartupIndependentProcesses/fresh_2\n"}
{"Time":"2026-09-05T08:48:40.713677-04:00","Action":"run","Package":"github.com/davidadel66/evie/cmd/evie","Test":"TestStage4ForegroundRestartClosedReviewReplay"}
{"Time":"2026-09-05T08:48:40.713708-04:00","Action":"output","Package":"github.com/davidadel66/evie/cmd/evie","Test":"TestStage4ForegroundRestartClosedReviewReplay","Output":"=== RUN   TestStage4ForegroundRestartClosedReviewReplay\n"}
{"Time":"2026-09-05T08:48:40.743671-04:00","Action":"output","Package":"github.com/davidadel66/evie/internal/eviedb","Test":"TestStage4StartupIndependentProcesses/fresh_2","Output":"--- PASS: TestStage4StartupIndependentProcesses/fresh_2 (0.07s)\n"}
{"Time":"2026-09-05T08:48:40.743686-04:00","Action":"pass","Package":"github.com/davidadel66/evie/internal/eviedb","Test":"TestStage4StartupIndependentProcesses/fresh_2","Elapsed":0.07}
{"Time":"2026-09-05T08:48:40.743692-04:00","Action":"run","Package":"github.com/davidadel66/evie/internal/eviedb","Test":"TestStage4StartupIndependentProcesses/existing_2"}
{"Time":"2026-09-05T08:48:40.743696-04:00","Action":"output","Package":"github.com/davidadel66/evie/internal/eviedb","Test":"TestStage4StartupIndependentProcesses/existing_2","Output":"=== RUN   TestStage4StartupIndependentProcesses/existing_2\n"}
{"Time":"2026-09-05T08:48:40.772951-04:00","Action":"output","Package":"github.com/davidadel66/evie/internal/eviedb","Test":"TestStage4StartupIndependentProcesses/existing_2","Output":"--- PASS: TestStage4StartupIndependentProcesses/existing_2 (0.03s)\n"}
{"Time":"2026-09-05T08:48:40.772968-04:00","Action":"pass","Package":"github.com/davidadel66/evie/internal/eviedb","Test":"TestStage4StartupIndependentProcesses/existing_2","Elapsed":0.03}
{"Time":"2026-09-05T08:48:40.773073-04:00","Action":"run","Package":"github.com/davidadel66/evie/internal/eviedb","Test":"TestStage4StartupIndependentProcesses/fresh_3"}
{"Time":"2026-09-05T08:48:40.773077-04:00","Action":"output","Package":"github.com/davidadel66/evie/internal/eviedb","Test":"TestStage4StartupIndependentProcesses/fresh_3","Output":"=== RUN   TestStage4StartupIndependentProcesses/fresh_3\n"}
{"Time":"2026-09-05T08:48:40.85013-04:00","Action":"output","Package":"github.com/davidadel66/evie/internal/eviedb","Test":"TestStage4StartupIndependentProcesses/fresh_3","Output":"--- PASS: TestStage4StartupIndependentProcesses/fresh_3 (0.08s)\n"}
{"Time":"2026-09-05T08:48:40.850161-04:00","Action":"pass","Package":"github.com/davidadel66/evie/internal/eviedb","Test":"TestStage4StartupIndependentProcesses/fresh_3","Elapsed":0.08}
{"Time":"2026-09-05T08:48:40.850169-04:00","Action":"run","Package":"github.com/davidadel66/evie/internal/eviedb","Test":"TestStage4StartupIndependentProcesses/existing_3"}
{"Time":"2026-09-05T08:48:40.850187-04:00","Action":"output","Package":"github.com/davidadel66/evie/internal/eviedb","Test":"TestStage4StartupIndependentProcesses/existing_3","Output":"=== RUN   TestStage4StartupIndependentProcesses/existing_3\n"}
{"Time":"2026-09-05T08:48:40.880966-04:00","Action":"output","Package":"github.com/davidadel66/evie/internal/eviedb","Test":"TestStage4StartupIndependentProcesses/existing_3","Output":"--- PASS: TestStage4StartupIndependentProcesses/existing_3 (0.03s)\n"}
{"Time":"2026-09-05T08:48:40.880983-04:00","Action":"pass","Package":"github.com/davidadel66/evie/internal/eviedb","Test":"TestStage4StartupIndependentProcesses/existing_3","Elapsed":0.03}
{"Time":"2026-09-05T08:48:40.881063-04:00","Action":"run","Package":"github.com/davidadel66/evie/internal/eviedb","Test":"TestStage4StartupIndependentProcesses/fresh_4"}
{"Time":"2026-09-05T08:48:40.881069-04:00","Action":"output","Package":"github.com/davidadel66/evie/internal/eviedb","Test":"TestStage4StartupIndependentProcesses/fresh_4","Output":"=== RUN   TestStage4StartupIndependentProcesses/fresh_4\n"}
{"Time":"2026-09-05T08:48:40.905935-04:00","Action":"output","Package":"github.com/davidadel66/evie/cmd/evie","Test":"TestStage4ForegroundRestartClosedReviewReplay","Output":"    memory_stage4_conformance_test.go:455: STAGE4_EVIDENCE {\"details\":{\"accepted_operation\":\"bf43f3e3-822c-4943-b056-6b428e19140f\",\"adapter_results_equal\":true,\"candidate_id\":\"67f753f6fabef8e8814d6a6401f415a6328a5019bed2e1727de0f3e85d79bb7a\",\"canonical_replay\":true,\"effect_sha256\":\"sha256:63eff16720c53aaa559db0b797b856a8720e5e93e15dfb0d0448ca2a2d59b8c7\",\"foreground_turns\":2,\"preview_sha256\":\"sha256:58e1e6fec6615201b3b83acc141ded223a64d1201533634d05d7639d1b08329d\",\"quarantine_rebuild\":true,\"recovered_attempts\":2,\"replay_external_effects\":0,\"replay_model_calls\":0,\"source_session_closed\":true,\"source_sha256\":\"sha256:42b7e81be79161494a4e8441cdcf300db8d1f6166b28df2bafed03a763d9cb0f\",\"stalled_inferences\":1},\"scenario\":\"foreground_restart_closed_review_replay\",\"version\":\"memory-stage-4-conformance-v1\"}\n"}
{"Time":"2026-09-05T08:48:40.907441-04:00","Action":"output","Package":"github.com/davidadel66/evie/cmd/evie","Test":"TestStage4ForegroundRestartClosedReviewReplay","Output":"--- PASS: TestStage4ForegroundRestartClosedReviewReplay (0.19s)\n"}
{"Time":"2026-09-05T08:48:40.907454-04:00","Action":"pass","Package":"github.com/davidadel66/evie/cmd/evie","Test":"TestStage4ForegroundRestartClosedReviewReplay","Elapsed":0.19}
{"Time":"2026-09-05T08:48:40.90746-04:00","Action":"run","Package":"github.com/davidadel66/evie/cmd/evie","Test":"TestStage4HistoryGapEmptyAndGenerationConformance"}
{"Time":"2026-09-05T08:48:40.907464-04:00","Action":"output","Package":"github.com/davidadel66/evie/cmd/evie","Test":"TestStage4HistoryGapEmptyAndGenerationConformance","Output":"=== RUN   TestStage4HistoryGapEmptyAndGenerationConformance\n"}
{"Time":"2026-09-05T08:48:40.946055-04:00","Action":"output","Package":"github.com/davidadel66/evie/internal/eviedb","Test":"TestStage4StartupIndependentProcesses/fresh_4","Output":"--- PASS: TestStage4StartupIndependentProcesses/fresh_4 (0.06s)\n"}
{"Time":"2026-09-05T08:48:40.946072-04:00","Action":"pass","Package":"github.com/davidadel66/evie/internal/eviedb","Test":"TestStage4StartupIndependentProcesses/fresh_4","Elapsed":0.06}
{"Time":"2026-09-05T08:48:40.946078-04:00","Action":"run","Package":"github.com/davidadel66/evie/internal/eviedb","Test":"TestStage4StartupIndependentProcesses/existing_4"}
{"Time":"2026-09-05T08:48:40.946088-04:00","Action":"output","Package":"github.com/davidadel66/evie/internal/eviedb","Test":"TestStage4StartupIndependentProcesses/existing_4","Output":"=== RUN   TestStage4StartupIndependentProcesses/existing_4\n"}
{"Time":"2026-09-05T08:48:40.983574-04:00","Action":"output","Package":"github.com/davidadel66/evie/internal/eviedb","Test":"TestStage4StartupIndependentProcesses/existing_4","Output":"--- PASS: TestStage4StartupIndependentProcesses/existing_4 (0.04s)\n"}
{"Time":"2026-09-05T08:48:40.983601-04:00","Action":"pass","Package":"github.com/davidadel66/evie/internal/eviedb","Test":"TestStage4StartupIndependentProcesses/existing_4","Elapsed":0.04}
{"Time":"2026-09-05T08:48:40.98369-04:00","Action":"run","Package":"github.com/davidadel66/evie/internal/eviedb","Test":"TestStage4StartupIndependentProcesses/fresh_5"}
{"Time":"2026-09-05T08:48:40.983696-04:00","Action":"output","Package":"github.com/davidadel66/evie/internal/eviedb","Test":"TestStage4StartupIndependentProcesses/fresh_5","Output":"=== RUN   TestStage4StartupIndependentProcesses/fresh_5\n"}
{"Time":"2026-09-05T08:48:41.040377-04:00","Action":"output","Package":"github.com/davidadel66/evie/cmd/evie","Test":"TestStage4HistoryGapEmptyAndGenerationConformance","Output":"    memory_stage4_history_conformance_test.go:167: STAGE4_EVIDENCE {\"details\":{\"automatic_history_sweep\":false,\"canonical_replay\":true,\"contiguous_frontier\":4,\"edit_sha256\":\"0a3e16829013befd55f95245b2da5728bc07babc779ace2fd62278daad8b080b\",\"empty_job_id\":\"21cb55f84d374277c80b0c20af09e023533a5dfcadef3798a4d056c9839fee20\",\"fresh_support_requires_review\":true,\"gap_job_id\":\"f68966b014516e9bd1818a31513bf1bfae263227064452e0e5d5a2de7ccb52f5\",\"outside_events\":7,\"outside_root\":\"3e42d3ec-ba9b-4368-ae5a-90c88d217c6d\",\"preserved_rejection\":true,\"receipt_generation\":\"1a59ccdcc35e48534550851fb34df85a7c9752dcfff792d41ef1038dd2dcbf84\",\"repeat_generation\":\"0eecd72b2f83341f692954ffd0090c65a8dad9d3174b8ab6c46f802509f40608\",\"selected_events\":6,\"upgrade_generation\":\"5d3fc8b1a8e4b52384d35ac7046e6d7ee7713a8084937f84f9a14722b4dff2df\"},\"scenario\":\"history_gap_empty_generation_lineage\",\"version\":\"memory-stage-4-conformance-v1\"}\n"}
{"Time":"2026-09-05T08:48:41.041989-04:00","Action":"output","Package":"github.com/davidadel66/evie/cmd/evie","Test":"TestStage4HistoryGapEmptyAndGenerationConformance","Output":"--- PASS: TestStage4HistoryGapEmptyAndGenerationConformance (0.13s)\n"}
{"Time":"2026-09-05T08:48:41.041999-04:00","Action":"pass","Package":"github.com/davidadel66/evie/cmd/evie","Test":"TestStage4HistoryGapEmptyAndGenerationConformance","Elapsed":0.13}
{"Time":"2026-09-05T08:48:41.042006-04:00","Action":"run","Package":"github.com/davidadel66/evie/cmd/evie","Test":"TestStage4AtomicBatchPolicyConformance"}
{"Time":"2026-09-05T08:48:41.04201-04:00","Action":"output","Package":"github.com/davidadel66/evie/cmd/evie","Test":"TestStage4AtomicBatchPolicyConformance","Output":"=== RUN   TestStage4AtomicBatchPolicyConformance\n"}
{"Time":"2026-09-05T08:48:41.053044-04:00","Action":"output","Package":"github.com/davidadel66/evie/internal/eviedb","Test":"TestStage4StartupIndependentProcesses/fresh_5","Output":"--- PASS: TestStage4StartupIndependentProcesses/fresh_5 (0.07s)\n"}
{"Time":"2026-09-05T08:48:41.053056-04:00","Action":"pass","Package":"github.com/davidadel66/evie/internal/eviedb","Test":"TestStage4StartupIndependentProcesses/fresh_5","Elapsed":0.07}
{"Time":"2026-09-05T08:48:41.053068-04:00","Action":"run","Package":"github.com/davidadel66/evie/internal/eviedb","Test":"TestStage4StartupIndependentProcesses/existing_5"}
{"Time":"2026-09-05T08:48:41.053071-04:00","Action":"output","Package":"github.com/davidadel66/evie/internal/eviedb","Test":"TestStage4StartupIndependentProcesses/existing_5","Output":"=== RUN   TestStage4StartupIndependentProcesses/existing_5\n"}
{"Time":"2026-09-05T08:48:41.08495-04:00","Action":"output","Package":"github.com/davidadel66/evie/internal/eviedb","Test":"TestStage4StartupIndependentProcesses/existing_5","Output":"--- PASS: TestStage4StartupIndependentProcesses/existing_5 (0.03s)\n"}
{"Time":"2026-09-05T08:48:41.084974-04:00","Action":"pass","Package":"github.com/davidadel66/evie/internal/eviedb","Test":"TestStage4StartupIndependentProcesses/existing_5","Elapsed":0.03}
{"Time":"2026-09-05T08:48:41.085047-04:00","Action":"run","Package":"github.com/davidadel66/evie/internal/eviedb","Test":"TestStage4StartupIndependentProcesses/fresh_6"}
{"Time":"2026-09-05T08:48:41.085051-04:00","Action":"output","Package":"github.com/davidadel66/evie/internal/eviedb","Test":"TestStage4StartupIndependentProcesses/fresh_6","Output":"=== RUN   TestStage4StartupIndependentProcesses/fresh_6\n"}
{"Time":"2026-09-05T08:48:41.175622-04:00","Action":"output","Package":"github.com/davidadel66/evie/internal/eviedb","Test":"TestStage4StartupIndependentProcesses/fresh_6","Output":"--- PASS: TestStage4StartupIndependentProcesses/fresh_6 (0.09s)\n"}
{"Time":"2026-09-05T08:48:41.175639-04:00","Action":"pass","Package":"github.com/davidadel66/evie/internal/eviedb","Test":"TestStage4StartupIndependentProcesses/fresh_6","Elapsed":0.09}
{"Time":"2026-09-05T08:48:41.175645-04:00","Action":"run","Package":"github.com/davidadel66/evie/internal/eviedb","Test":"TestStage4StartupIndependentProcesses/existing_6"}
{"Time":"2026-09-05T08:48:41.175648-04:00","Action":"output","Package":"github.com/davidadel66/evie/internal/eviedb","Test":"TestStage4StartupIndependentProcesses/existing_6","Output":"=== RUN   TestStage4StartupIndependentProcesses/existing_6\n"}
{"Time":"2026-09-05T08:48:41.179537-04:00","Action":"output","Package":"github.com/davidadel66/evie/cmd/evie","Test":"TestStage4AtomicBatchPolicyConformance","Output":"    memory_stage4_review_conformance_test.go:190: STAGE4_EVIDENCE {\"details\":{\"accepted_truth_preserved\":true,\"atomic_claims\":2,\"atomic_effect_sha256\":\"sha256:e68758d90585bdae5097aa90addf6fb206d6b250ba49fa0de5fe358c04abfd9e\",\"canonical_replay\":true,\"duplicate_adapter_results_equal\":true,\"historical_acceptance_sha256\":\"2e63c40f77c0e5ff096bee0545b51be7698d8f22fc078b05ca1f6d7fd63707aa\",\"original_source_closed\":true,\"outer_rollback\":true,\"permanent_partial_result\":true,\"preview_sha256\":\"sha256:236ed4858daada2d75bcfb8ca07ac0018a7e5483512487393a406081b95796ee\",\"source_policy_redacts\":true},\"scenario\":\"atomic_batch_source_policy\",\"version\":\"memory-stage-4-conformance-v1\"}\n"}
{"Time":"2026-09-05T08:48:41.181051-04:00","Action":"output","Package":"github.com/davidadel66/evie/cmd/evie","Test":"TestStage4AtomicBatchPolicyConformance","Output":"--- PASS: TestStage4AtomicBatchPolicyConformance (0.14s)\n"}
{"Time":"2026-09-05T08:48:41.181065-04:00","Action":"pass","Package":"github.com/davidadel66/evie/cmd/evie","Test":"TestStage4AtomicBatchPolicyConformance","Elapsed":0.14}
{"Time":"2026-09-05T08:48:41.181072-04:00","Action":"run","Package":"github.com/davidadel66/evie/cmd/evie","Test":"TestStage4ScopeAdapterConformance"}
{"Time":"2026-09-05T08:48:41.181075-04:00","Action":"output","Package":"github.com/davidadel66/evie/cmd/evie","Test":"TestStage4ScopeAdapterConformance","Output":"=== RUN   TestStage4ScopeAdapterConformance\n"}
{"Time":"2026-09-05T08:48:41.204996-04:00","Action":"output","Package":"github.com/davidadel66/evie/internal/eviedb","Test":"TestStage4StartupIndependentProcesses/existing_6","Output":"--- PASS: TestStage4StartupIndependentProcesses/existing_6 (0.03s)\n"}
{"Time":"2026-09-05T08:48:41.205013-04:00","Action":"pass","Package":"github.com/davidadel66/evie/internal/eviedb","Test":"TestStage4StartupIndependentProcesses/existing_6","Elapsed":0.03}
{"Time":"2026-09-05T08:48:41.205084-04:00","Action":"run","Package":"github.com/davidadel66/evie/internal/eviedb","Test":"TestStage4StartupIndependentProcesses/fresh_7"}
{"Time":"2026-09-05T08:48:41.205088-04:00","Action":"output","Package":"github.com/davidadel66/evie/internal/eviedb","Test":"TestStage4StartupIndependentProcesses/fresh_7","Output":"=== RUN   TestStage4StartupIndependentProcesses/fresh_7\n"}
{"Time":"2026-09-05T08:48:41.280867-04:00","Action":"output","Package":"github.com/davidadel66/evie/internal/eviedb","Test":"TestStage4StartupIndependentProcesses/fresh_7","Output":"--- PASS: TestStage4StartupIndependentProcesses/fresh_7 (0.08s)\n"}
{"Time":"2026-09-05T08:48:41.280892-04:00","Action":"pass","Package":"github.com/davidadel66/evie/internal/eviedb","Test":"TestStage4StartupIndependentProcesses/fresh_7","Elapsed":0.08}
{"Time":"2026-09-05T08:48:41.280899-04:00","Action":"run","Package":"github.com/davidadel66/evie/internal/eviedb","Test":"TestStage4StartupIndependentProcesses/existing_7"}
{"Time":"2026-09-05T08:48:41.280902-04:00","Action":"output","Package":"github.com/davidadel66/evie/internal/eviedb","Test":"TestStage4StartupIndependentProcesses/existing_7","Output":"=== RUN   TestStage4StartupIndependentProcesses/existing_7\n"}
{"Time":"2026-09-05T08:48:41.318518-04:00","Action":"output","Package":"github.com/davidadel66/evie/internal/eviedb","Test":"TestStage4StartupIndependentProcesses/existing_7","Output":"--- PASS: TestStage4StartupIndependentProcesses/existing_7 (0.04s)\n"}
{"Time":"2026-09-05T08:48:41.31854-04:00","Action":"pass","Package":"github.com/davidadel66/evie/internal/eviedb","Test":"TestStage4StartupIndependentProcesses/existing_7","Elapsed":0.04}
{"Time":"2026-09-05T08:48:41.318592-04:00","Action":"output","Package":"github.com/davidadel66/evie/internal/eviedb","Test":"TestStage4StartupIndependentProcesses","Output":"    sqlite_startup_test.go:201: STAGE4_EVIDENCE {\"details\":{\"busy_timeout_ms\":5000,\"file_mode\":\"0600\",\"foreign_keys\":1,\"fresh_and_existing\":true,\"independent_starts\":48,\"journal_mode\":\"wal\",\"sqlite_version\":\"3.53.2\",\"unprimed_connections\":true},\"scenario\":\"public_sqlite_startup\",\"version\":\"memory-stage-4-conformance-v1\"}\n"}
{"Time":"2026-09-05T08:48:41.319989-04:00","Action":"output","Package":"github.com/davidadel66/evie/internal/eviedb","Test":"TestStage4StartupIndependentProcesses","Output":"--- PASS: TestStage4StartupIndependentProcesses (0.86s)\n"}
{"Time":"2026-09-05T08:48:41.320013-04:00","Action":"pass","Package":"github.com/davidadel66/evie/internal/eviedb","Test":"TestStage4StartupIndependentProcesses","Elapsed":0.86}
{"Time":"2026-09-05T08:48:41.320019-04:00","Action":"run","Package":"github.com/davidadel66/evie/internal/eviedb","Test":"TestStage4StartupIncompatibleSchemaFailsWithoutRewrite"}
{"Time":"2026-09-05T08:48:41.320022-04:00","Action":"output","Package":"github.com/davidadel66/evie/internal/eviedb","Test":"TestStage4StartupIncompatibleSchemaFailsWithoutRewrite","Output":"=== RUN   TestStage4StartupIncompatibleSchemaFailsWithoutRewrite\n"}
{"Time":"2026-09-05T08:48:41.350741-04:00","Action":"output","Package":"github.com/davidadel66/evie/internal/eviedb","Test":"TestStage4StartupIncompatibleSchemaFailsWithoutRewrite","Output":"--- PASS: TestStage4StartupIncompatibleSchemaFailsWithoutRewrite (0.03s)\n"}
{"Time":"2026-09-05T08:48:41.350783-04:00","Action":"pass","Package":"github.com/davidadel66/evie/internal/eviedb","Test":"TestStage4StartupIncompatibleSchemaFailsWithoutRewrite","Elapsed":0.03}
{"Time":"2026-09-05T08:48:41.350797-04:00","Action":"run","Package":"github.com/davidadel66/evie/internal/eviedb","Test":"TestStage4ProcessConformanceWorkerRecovery"}
{"Time":"2026-09-05T08:48:41.350802-04:00","Action":"output","Package":"github.com/davidadel66/evie/internal/eviedb","Test":"TestStage4ProcessConformanceWorkerRecovery","Output":"=== RUN   TestStage4ProcessConformanceWorkerRecovery\n"}
{"Time":"2026-09-05T08:48:41.350806-04:00","Action":"run","Package":"github.com/davidadel66/evie/internal/eviedb","Test":"TestStage4ProcessConformanceWorkerRecovery/process_crash"}
{"Time":"2026-09-05T08:48:41.350809-04:00","Action":"output","Package":"github.com/davidadel66/evie/internal/eviedb","Test":"TestStage4ProcessConformanceWorkerRecovery/process_crash","Output":"=== RUN   TestStage4ProcessConformanceWorkerRecovery/process_crash\n"}
{"Time":"2026-09-05T08:48:41.398502-04:00","Action":"output","Package":"github.com/davidadel66/evie/cmd/evie","Test":"TestStage4ScopeAdapterConformance","Output":"    memory_stage4_scope_conformance_test.go:148: STAGE4_EVIDENCE {\"details\":{\"canonical_replay\":true,\"closed_sources\":7,\"cross_scope_denials_per_surface\":42,\"implicit_promotion_denied\":true,\"scope_cases\":[{\"candidate_id\":\"8129aafa4db28ffba341b4b0deb12b8b310f79e38d3495276e7eeeeb634918b5\",\"effect_sha256\":\"sha256:8853d0c95c4999cd639276628ceb8abdc179a2b4c1245b1e7e59d380d00a3230\",\"operation_id\":\"665a648e-151b-4ac7-aca8-1388dcca7cb2\",\"preview_sha256\":\"sha256:2784c54dfcec1817ddde756b8424a6ac60579e6267155354d6f4bd885505d2e3\",\"scope\":\"global\",\"scope_family\":\"global\"},{\"candidate_id\":\"c65e4ab6ff27cf792c25dc156bc76e81e130393197d89ec84969ff179f15b316\",\"effect_sha256\":\"sha256:45618cb1e97a932d47860b53ae7f7ea123ca160fc7d95a11516ea0950211be83\",\"operation_id\":\"344deb26-6906-408e-8afd-81f748bedfea\",\"preview_sha256\":\"sha256:b13cf3dbea767a1d112c6a58f5b4a6313274bdf0e26049a364948942eb7add33\",\"scope\":\"workspace:0b5b9aec-070e-4a8e-8e99-f5ab8625a493\",\"scope_family\":\"workspace_0\"},{\"candidate_id\":\"4dc29e95726d92652da5b382b22ad4098549a"}
{"Time":"2026-09-05T08:48:41.398553-04:00","Action":"output","Package":"github.com/davidadel66/evie/cmd/evie","Test":"TestStage4ScopeAdapterConformance","Output":"4f5cf88317c67379447e3bda513\",\"effect_sha256\":\"sha256:a5e191d934d667144888ffc3738446fca79b07c1856cdf184868c6c63efc0369\",\"operation_id\":\"72517d35-5493-4f1d-9980-c879b81de0c7\",\"preview_sha256\":\"sha256:b432c8ccb81c8a516e8c77184f3941d8506a3a745bdfe7a7b83a8fed8f39b9f6\",\"scope\":\"workspace:91a1288d-8d33-4bf1-a3ad-e4f5bb834434\",\"scope_family\":\"workspace_1\"},{\"candidate_id\":\"bf0c7bb0b53bcbceaa9259cc4ac49492df9e0c22150da56370e4e35b4930d29a\",\"effect_sha256\":\"sha256:95c1dc89622c6238deeb80a0e8bfd9aa17aea711c483d1f02605208ff2f42674\",\"operation_id\":\"fab3dfe6-eaad-49b8-bcd7-f084b8dc3f9b\",\"preview_sha256\":\"sha256:d79f55fad643bf77094630dafad49c823d13c1697e24563652eb8c9daefed6f0\",\"scope\":\"project:6e32d2f2-4100-4d2a-9ca9-c190af5f2d41\",\"scope_family\":\"project_0\"},{\"candidate_id\":\"4e71763785226e943124c9d0fa556d8c3973e7e5fb3b8995a94773837b32f809\",\"effect_sha256\":\"sha256:ee0d51644073e752b22d80dfe43539ee905c5c8a78c4f135187c239ec3d364e2\",\"operation_id\":\"3d026f10-f360-4b77-a514-c5c3b91b1d60\",\"preview_sha256\":\"sha256:25d352ea3075d0aa720a"}
{"Time":"2026-09-05T08:48:41.398558-04:00","Action":"output","Package":"github.com/davidadel66/evie/cmd/evie","Test":"TestStage4ScopeAdapterConformance","Output":"df19b058e3292830cee71c817f82e1c584d6aeabd140\",\"scope\":\"project:5623056e-5434-44a3-a244-6195cd952032\",\"scope_family\":\"project_1\"},{\"candidate_id\":\"584909542eb22b8b2c77cc4a6110a613f879da573164633942cbb017c4982273\",\"effect_sha256\":\"sha256:df1e92e4f0959f14f554b67ab5ff9f0b9df4e687a81e783eb53c5359b1dba102\",\"operation_id\":\"c1118156-f92d-478a-abd5-2b2c5fd60332\",\"preview_sha256\":\"sha256:ac127924760c5247059fdfee93c98067efc7a0ab2c58c086c8f3a844a0fae4a9\",\"scope\":\"session:23c81a8e-1bb3-4c3d-bc54-3164b0fb441f\",\"scope_family\":\"session_0\"},{\"candidate_id\":\"1f59c2fa29e79dd7866f6ebe0236f54b976f4d9a38351a621d48e2b58d5e7f33\",\"effect_sha256\":\"sha256:35a9425aa24fa59cfcefde7317c4445c205500b9f0f26e5ab4de1a7c5c540c8c\",\"operation_id\":\"ff6a7552-56f1-492e-b39f-3f76d08c032f\",\"preview_sha256\":\"sha256:6fe0c50a9365bd8e8612dae7b5ed4e61dc8092af85cfe75f44606ce73fd290f3\",\"scope\":\"session:2c2995f4-eee3-433e-bc97-29028e9ac7bc\",\"scope_family\":\"session_1\"}]},\"scenario\":\"scope_adapter_matrix\",\"version\":\"memory-stage-4-conformance-v1\"}\n"}
{"Time":"2026-09-05T08:48:41.405269-04:00","Action":"output","Package":"github.com/davidadel66/evie/cmd/evie","Test":"TestStage4ScopeAdapterConformance","Output":"--- PASS: TestStage4ScopeAdapterConformance (0.22s)\n"}
{"Time":"2026-09-05T08:48:41.405289-04:00","Action":"pass","Package":"github.com/davidadel66/evie/cmd/evie","Test":"TestStage4ScopeAdapterConformance","Elapsed":0.22}
{"Time":"2026-09-05T08:48:41.405295-04:00","Action":"run","Package":"github.com/davidadel66/evie/cmd/evie","Test":"TestStage4GenericStorageConformance"}
{"Time":"2026-09-05T08:48:41.405304-04:00","Action":"output","Package":"github.com/davidadel66/evie/cmd/evie","Test":"TestStage4GenericStorageConformance","Output":"=== RUN   TestStage4GenericStorageConformance\n"}
{"Time":"2026-09-05T08:48:41.452261-04:00","Action":"output","Package":"github.com/davidadel66/evie/cmd/evie","Test":"TestStage4GenericStorageConformance","Output":"    memory_stage4_scope_conformance_test.go:191: STAGE4_EVIDENCE {\"details\":{\"denied_model_queries\":154,\"privileged_shell_claim\":\"unchanged documented limitation\",\"protected_tables_and_views\":77,\"unaccepted_candidate_isolated\":true},\"scenario\":\"generic_storage_containment\",\"version\":\"memory-stage-4-conformance-v1\"}\n"}
{"Time":"2026-09-05T08:48:41.455818-04:00","Action":"output","Package":"github.com/davidadel66/evie/cmd/evie","Test":"TestStage4GenericStorageConformance","Output":"--- PASS: TestStage4GenericStorageConformance (0.05s)\n"}
{"Time":"2026-09-05T08:48:41.455829-04:00","Action":"pass","Package":"github.com/davidadel66/evie/cmd/evie","Test":"TestStage4GenericStorageConformance","Elapsed":0.05}
{"Time":"2026-09-05T08:48:41.45584-04:00","Action":"output","Package":"github.com/davidadel66/evie/cmd/evie","Output":"PASS\n"}
{"Time":"2026-09-05T08:48:41.456333-04:00","Action":"output","Package":"github.com/davidadel66/evie/cmd/evie","Output":"ok  \tgithub.com/davidadel66/evie/cmd/evie\t1.267s\n"}
{"Time":"2026-09-05T08:48:41.456352-04:00","Action":"pass","Package":"github.com/davidadel66/evie/cmd/evie","Elapsed":1.267}
{"Time":"2026-09-05T08:48:41.487053-04:00","Action":"output","Package":"github.com/davidadel66/evie/internal/eviedb","Test":"TestStage4ProcessConformanceWorkerRecovery/process_crash","Output":"    stage4_process_conformance_test.go:141: STAGE4_EVIDENCE {\"assertions\":{\"duplicate_dispatch_absent\":true,\"durable_attempts\":true,\"exact_release_verified\":true,\"exact_source_authority\":true,\"mismatched_ack_blocked\":true,\"real_processes\":true,\"single_candidate_publication\":true,\"unaccepted_graph_unchanged\":true,\"unknown_capacity_blocked\":true},\"scenario\":\"process_crash\",\"version\":\"memory-stage-4-conformance-v1\"}\n"}
{"Time":"2026-09-05T08:48:41.491124-04:00","Action":"output","Package":"github.com/davidadel66/evie/internal/eviedb","Test":"TestStage4ProcessConformanceWorkerRecovery/process_crash","Output":"--- PASS: TestStage4ProcessConformanceWorkerRecovery/process_crash (0.14s)\n"}
{"Time":"2026-09-05T08:48:41.491137-04:00","Action":"pass","Package":"github.com/davidadel66/evie/internal/eviedb","Test":"TestStage4ProcessConformanceWorkerRecovery/process_crash","Elapsed":0.14}
{"Time":"2026-09-05T08:48:41.491144-04:00","Action":"run","Package":"github.com/davidadel66/evie/internal/eviedb","Test":"TestStage4ProcessConformanceWorkerRecovery/expired_late_delivery"}
{"Time":"2026-09-05T08:48:41.491147-04:00","Action":"output","Package":"github.com/davidadel66/evie/internal/eviedb","Test":"TestStage4ProcessConformanceWorkerRecovery/expired_late_delivery","Output":"=== RUN   TestStage4ProcessConformanceWorkerRecovery/expired_late_delivery\n"}
{"Time":"2026-09-05T08:48:41.632198-04:00","Action":"output","Package":"github.com/davidadel66/evie/internal/eviedb","Test":"TestStage4ProcessConformanceWorkerRecovery/expired_late_delivery","Output":"    stage4_process_conformance_test.go:141: STAGE4_EVIDENCE {\"assertions\":{\"duplicate_dispatch_absent\":true,\"durable_attempts\":true,\"exact_release_verified\":true,\"exact_source_authority\":true,\"mismatched_ack_blocked\":true,\"real_processes\":true,\"replacement_capacity_preserved\":true,\"single_candidate_publication\":true,\"stale_delivery_fenced\":true,\"unaccepted_graph_unchanged\":true,\"unknown_capacity_blocked\":true},\"scenario\":\"expired_late_delivery\",\"version\":\"memory-stage-4-conformance-v1\"}\n"}
{"Time":"2026-09-05T08:48:41.636526-04:00","Action":"output","Package":"github.com/davidadel66/evie/internal/eviedb","Test":"TestStage4ProcessConformanceWorkerRecovery/expired_late_delivery","Output":"--- PASS: TestStage4ProcessConformanceWorkerRecovery/expired_late_delivery (0.15s)\n"}
{"Time":"2026-09-05T08:48:41.636542-04:00","Action":"pass","Package":"github.com/davidadel66/evie/internal/eviedb","Test":"TestStage4ProcessConformanceWorkerRecovery/expired_late_delivery","Elapsed":0.15}
{"Time":"2026-09-05T08:48:41.636548-04:00","Action":"run","Package":"github.com/davidadel66/evie/internal/eviedb","Test":"TestStage4ProcessConformanceWorkerRecovery/cancelled_late_delivery"}
{"Time":"2026-09-05T08:48:41.636552-04:00","Action":"output","Package":"github.com/davidadel66/evie/internal/eviedb","Test":"TestStage4ProcessConformanceWorkerRecovery/cancelled_late_delivery","Output":"=== RUN   TestStage4ProcessConformanceWorkerRecovery/cancelled_late_delivery\n"}
{"Time":"2026-09-05T08:48:41.776616-04:00","Action":"output","Package":"github.com/davidadel66/evie/internal/eviedb","Test":"TestStage4ProcessConformanceWorkerRecovery/cancelled_late_delivery","Output":"    stage4_process_conformance_test.go:141: STAGE4_EVIDENCE {\"assertions\":{\"duplicate_dispatch_absent\":true,\"durable_attempts\":true,\"exact_release_verified\":true,\"exact_source_authority\":true,\"mismatched_ack_blocked\":true,\"real_processes\":true,\"replacement_capacity_preserved\":true,\"single_candidate_publication\":true,\"stale_delivery_fenced\":true,\"unaccepted_graph_unchanged\":true,\"unknown_capacity_blocked\":true},\"scenario\":\"cancelled_late_delivery\",\"version\":\"memory-stage-4-conformance-v1\"}\n"}
{"Time":"2026-09-05T08:48:41.780867-04:00","Action":"output","Package":"github.com/davidadel66/evie/internal/eviedb","Test":"TestStage4ProcessConformanceWorkerRecovery/cancelled_late_delivery","Output":"--- PASS: TestStage4ProcessConformanceWorkerRecovery/cancelled_late_delivery (0.14s)\n"}
{"Time":"2026-09-05T08:48:41.780883-04:00","Action":"pass","Package":"github.com/davidadel66/evie/internal/eviedb","Test":"TestStage4ProcessConformanceWorkerRecovery/cancelled_late_delivery","Elapsed":0.14}
{"Time":"2026-09-05T08:48:41.780889-04:00","Action":"output","Package":"github.com/davidadel66/evie/internal/eviedb","Test":"TestStage4ProcessConformanceWorkerRecovery","Output":"--- PASS: TestStage4ProcessConformanceWorkerRecovery (0.43s)\n"}
{"Time":"2026-09-05T08:48:41.780892-04:00","Action":"pass","Package":"github.com/davidadel66/evie/internal/eviedb","Test":"TestStage4ProcessConformanceWorkerRecovery","Elapsed":0.43}
{"Time":"2026-09-05T08:48:41.780896-04:00","Action":"run","Package":"github.com/davidadel66/evie/internal/eviedb","Test":"TestStage4ProcessConformanceReviewCommitRecovery"}
{"Time":"2026-09-05T08:48:41.7809-04:00","Action":"output","Package":"github.com/davidadel66/evie/internal/eviedb","Test":"TestStage4ProcessConformanceReviewCommitRecovery","Output":"=== RUN   TestStage4ProcessConformanceReviewCommitRecovery\n"}
{"Time":"2026-09-05T08:48:41.780904-04:00","Action":"run","Package":"github.com/davidadel66/evie/internal/eviedb","Test":"TestStage4ProcessConformanceReviewCommitRecovery/before_commit"}
{"Time":"2026-09-05T08:48:41.780906-04:00","Action":"output","Package":"github.com/davidadel66/evie/internal/eviedb","Test":"TestStage4ProcessConformanceReviewCommitRecovery/before_commit","Output":"=== RUN   TestStage4ProcessConformanceReviewCommitRecovery/before_commit\n"}
{"Time":"2026-09-05T08:48:41.922843-04:00","Action":"output","Package":"github.com/davidadel66/evie/internal/eviedb","Test":"TestStage4ProcessConformanceReviewCommitRecovery/before_commit","Output":"    stage4_process_conformance_test.go:198: STAGE4_EVIDENCE {\"assertions\":{\"atomic_effects\":true,\"canonical_replay_valid\":true,\"competing_duplicate_receipts_equal\":true,\"prior_resolution_visible\":true,\"real_process_exit_at_review_commit\":true,\"single_canonical_operation\":true},\"scenario\":\"before_commit\",\"version\":\"memory-stage-4-conformance-v1\"}\n"}
{"Time":"2026-09-05T08:48:41.927011-04:00","Action":"output","Package":"github.com/davidadel66/evie/internal/eviedb","Test":"TestStage4ProcessConformanceReviewCommitRecovery/before_commit","Output":"--- PASS: TestStage4ProcessConformanceReviewCommitRecovery/before_commit (0.15s)\n"}
{"Time":"2026-09-05T08:48:41.927025-04:00","Action":"pass","Package":"github.com/davidadel66/evie/internal/eviedb","Test":"TestStage4ProcessConformanceReviewCommitRecovery/before_commit","Elapsed":0.15}
{"Time":"2026-09-05T08:48:41.927031-04:00","Action":"run","Package":"github.com/davidadel66/evie/internal/eviedb","Test":"TestStage4ProcessConformanceReviewCommitRecovery/after_commit"}
{"Time":"2026-09-05T08:48:41.927033-04:00","Action":"output","Package":"github.com/davidadel66/evie/internal/eviedb","Test":"TestStage4ProcessConformanceReviewCommitRecovery/after_commit","Output":"=== RUN   TestStage4ProcessConformanceReviewCommitRecovery/after_commit\n"}
{"Time":"2026-09-05T08:48:42.065366-04:00","Action":"output","Package":"github.com/davidadel66/evie/internal/eviedb","Test":"TestStage4ProcessConformanceReviewCommitRecovery/after_commit","Output":"    stage4_process_conformance_test.go:198: STAGE4_EVIDENCE {\"assertions\":{\"atomic_effects\":true,\"canonical_replay_valid\":true,\"competing_duplicate_receipts_equal\":true,\"prior_resolution_visible\":true,\"real_process_exit_at_review_commit\":true,\"single_canonical_operation\":true},\"scenario\":\"after_commit\",\"version\":\"memory-stage-4-conformance-v1\"}\n"}
{"Time":"2026-09-05T08:48:42.069422-04:00","Action":"output","Package":"github.com/davidadel66/evie/internal/eviedb","Test":"TestStage4ProcessConformanceReviewCommitRecovery/after_commit","Output":"--- PASS: TestStage4ProcessConformanceReviewCommitRecovery/after_commit (0.14s)\n"}
{"Time":"2026-09-05T08:48:42.069439-04:00","Action":"pass","Package":"github.com/davidadel66/evie/internal/eviedb","Test":"TestStage4ProcessConformanceReviewCommitRecovery/after_commit","Elapsed":0.14}
{"Time":"2026-09-05T08:48:42.069444-04:00","Action":"output","Package":"github.com/davidadel66/evie/internal/eviedb","Test":"TestStage4ProcessConformanceReviewCommitRecovery","Output":"--- PASS: TestStage4ProcessConformanceReviewCommitRecovery (0.29s)\n"}
{"Time":"2026-09-05T08:48:42.069448-04:00","Action":"pass","Package":"github.com/davidadel66/evie/internal/eviedb","Test":"TestStage4ProcessConformanceReviewCommitRecovery","Elapsed":0.29}
{"Time":"2026-09-05T08:48:42.069476-04:00","Action":"output","Package":"github.com/davidadel66/evie/internal/eviedb","Output":"PASS\n"}
{"Time":"2026-09-05T08:48:42.069945-04:00","Action":"output","Package":"github.com/davidadel66/evie/internal/eviedb","Output":"ok  \tgithub.com/davidadel66/evie/internal/eviedb\t1.880s\n"}
{"Time":"2026-09-05T08:48:42.069953-04:00","Action":"pass","Package":"github.com/davidadel66/evie/internal/eviedb","Elapsed":1.88}
