{"Time":"2026-09-05T09:14:20.294669-04:00","Action":"start","Package":"github.com/davidadel66/evie/cmd/evie"}
{"Time":"2026-09-05T09:14:20.609374-04:00","Action":"run","Package":"github.com/davidadel66/evie/cmd/evie","Test":"TestStage4ForegroundRestartClosedReviewReplay"}
{"Time":"2026-09-05T09:14:20.609436-04:00","Action":"output","Package":"github.com/davidadel66/evie/cmd/evie","Test":"TestStage4ForegroundRestartClosedReviewReplay","Output":"=== RUN   TestStage4ForegroundRestartClosedReviewReplay\n"}
{"Time":"2026-09-05T09:14:20.829554-04:00","Action":"output","Package":"github.com/davidadel66/evie/cmd/evie","Test":"TestStage4ForegroundRestartClosedReviewReplay","Output":"    memory_stage4_conformance_test.go:455: STAGE4_EVIDENCE {\"details\":{\"accepted_operation\":\"5504adfd-7b06-4032-a8af-5a0d9abcc87c\",\"adapter_results_equal\":true,\"candidate_id\":\"e0f6932bf9968f0ac0c8d1bdc803934fe7fbaf9aee4683aef918cffd8bacfc2e\",\"canonical_replay\":true,\"effect_sha256\":\"sha256:f917a95d8daa57768ff49b0ec98046d9ff0678dcec0751cf49d90dad9ef8b6b8\",\"foreground_turns\":2,\"preview_sha256\":\"sha256:2a668128a47c56593719594452b410881f91ac5724be96198deef67b0e6d1254\",\"quarantine_rebuild\":true,\"recovered_attempts\":2,\"replay_external_effects\":0,\"replay_model_calls\":0,\"source_session_closed\":true,\"source_sha256\":\"sha256:42b7e81be79161494a4e8441cdcf300db8d1f6166b28df2bafed03a763d9cb0f\",\"stalled_inferences\":1},\"scenario\":\"foreground_restart_closed_review_replay\",\"version\":\"memory-stage-4-conformance-v1\"}\n"}
{"Time":"2026-09-05T09:14:20.83169-04:00","Action":"output","Package":"github.com/davidadel66/evie/cmd/evie","Test":"TestStage4ForegroundRestartClosedReviewReplay","Output":"--- PASS: TestStage4ForegroundRestartClosedReviewReplay (0.22s)\n"}
{"Time":"2026-09-05T09:14:20.831738-04:00","Action":"pass","Package":"github.com/davidadel66/evie/cmd/evie","Test":"TestStage4ForegroundRestartClosedReviewReplay","Elapsed":0.22}
{"Time":"2026-09-05T09:14:20.83176-04:00","Action":"run","Package":"github.com/davidadel66/evie/cmd/evie","Test":"TestStage4HistoryGapEmptyAndGenerationConformance"}
{"Time":"2026-09-05T09:14:20.831772-04:00","Action":"output","Package":"github.com/davidadel66/evie/cmd/evie","Test":"TestStage4HistoryGapEmptyAndGenerationConformance","Output":"=== RUN   TestStage4HistoryGapEmptyAndGenerationConformance\n"}
{"Time":"2026-09-05T09:14:20.984642-04:00","Action":"output","Package":"github.com/davidadel66/evie/cmd/evie","Test":"TestStage4HistoryGapEmptyAndGenerationConformance","Output":"    memory_stage4_history_conformance_test.go:167: STAGE4_EVIDENCE {\"details\":{\"automatic_history_sweep\":false,\"canonical_replay\":true,\"contiguous_frontier\":4,\"edit_sha256\":\"6082b8cfdbe8b3e0830688f4e8e11029a9fe15426b1e55a5a7dea4a27143b5fd\",\"empty_job_id\":\"a455309db83058ee7a52ac1c360ccb119a6cd6b51fa4a3f7df0a168d15559ec0\",\"fresh_support_requires_review\":true,\"gap_job_id\":\"97ebe1bf65c77c02cbd639d5f49628f1351663b2ebb6183ac277e597c105cebd\",\"outside_events\":7,\"outside_root\":\"0b01b0c8-a09c-45e2-a9c2-7a9f8d1a0de7\",\"preserved_rejection\":true,\"receipt_generation\":\"1a59ccdcc35e48534550851fb34df85a7c9752dcfff792d41ef1038dd2dcbf84\",\"repeat_generation\":\"0eecd72b2f83341f692954ffd0090c65a8dad9d3174b8ab6c46f802509f40608\",\"selected_events\":6,\"upgrade_generation\":\"5d3fc8b1a8e4b52384d35ac7046e6d7ee7713a8084937f84f9a14722b4dff2df\"},\"scenario\":\"history_gap_empty_generation_lineage\",\"version\":\"memory-stage-4-conformance-v1\"}\n"}
{"Time":"2026-09-05T09:14:20.986428-04:00","Action":"output","Package":"github.com/davidadel66/evie/cmd/evie","Test":"TestStage4HistoryGapEmptyAndGenerationConformance","Output":"--- PASS: TestStage4HistoryGapEmptyAndGenerationConformance (0.15s)\n"}
{"Time":"2026-09-05T09:14:20.98648-04:00","Action":"pass","Package":"github.com/davidadel66/evie/cmd/evie","Test":"TestStage4HistoryGapEmptyAndGenerationConformance","Elapsed":0.15}
{"Time":"2026-09-05T09:14:20.986495-04:00","Action":"run","Package":"github.com/davidadel66/evie/cmd/evie","Test":"TestStage4AtomicBatchPolicyConformance"}
{"Time":"2026-09-05T09:14:20.986636-04:00","Action":"output","Package":"github.com/davidadel66/evie/cmd/evie","Test":"TestStage4AtomicBatchPolicyConformance","Output":"=== RUN   TestStage4AtomicBatchPolicyConformance\n"}
{"Time":"2026-09-05T09:14:21.161409-04:00","Action":"output","Package":"github.com/davidadel66/evie/cmd/evie","Test":"TestStage4AtomicBatchPolicyConformance","Output":"    memory_stage4_review_conformance_test.go:190: STAGE4_EVIDENCE {\"details\":{\"accepted_truth_preserved\":true,\"atomic_claims\":2,\"atomic_effect_sha256\":\"sha256:c77d955df05ad54ae33ca63fce67f4da2c067640f49eacfebd35c3535096497f\",\"canonical_replay\":true,\"duplicate_adapter_results_equal\":true,\"historical_acceptance_sha256\":\"42f496cfaafbff849cd5cc0274a196a965a73c642dad07e7736010bac720729e\",\"original_source_closed\":true,\"outer_rollback\":true,\"permanent_partial_result\":true,\"preview_sha256\":\"sha256:4ef1401c12802dee163593644383e90731ca848b29fab7a60ee08a7b8d5fa7c0\",\"source_policy_redacts\":true},\"scenario\":\"atomic_batch_source_policy\",\"version\":\"memory-stage-4-conformance-v1\"}\n"}
{"Time":"2026-09-05T09:14:21.162522-04:00","Action":"output","Package":"github.com/davidadel66/evie/cmd/evie","Test":"TestStage4AtomicBatchPolicyConformance","Output":"--- PASS: TestStage4AtomicBatchPolicyConformance (0.18s)\n"}
{"Time":"2026-09-05T09:14:21.162531-04:00","Action":"pass","Package":"github.com/davidadel66/evie/cmd/evie","Test":"TestStage4AtomicBatchPolicyConformance","Elapsed":0.18}
{"Time":"2026-09-05T09:14:21.162537-04:00","Action":"run","Package":"github.com/davidadel66/evie/cmd/evie","Test":"TestStage4ScopeAdapterConformance"}
{"Time":"2026-09-05T09:14:21.162541-04:00","Action":"output","Package":"github.com/davidadel66/evie/cmd/evie","Test":"TestStage4ScopeAdapterConformance","Output":"=== RUN   TestStage4ScopeAdapterConformance\n"}
{"Time":"2026-09-05T09:14:21.385626-04:00","Action":"output","Package":"github.com/davidadel66/evie/cmd/evie","Test":"TestStage4ScopeAdapterConformance","Output":"    memory_stage4_scope_conformance_test.go:151: STAGE4_EVIDENCE {\"details\":{\"canonical_replay\":true,\"closed_sources\":7,\"cross_scope_denials_per_surface\":42,\"implicit_promotion_denied\":true,\"scope_cases\":[{\"candidate_id\":\"468a81acc80886674a41e4b03a53eb26a3420499cbbe01814e9a7c2b7c348942\",\"effect_sha256\":\"sha256:c4741b7db8a5a019d503942a39fb79b0d8abfa0f825739fbd7c38de7b8f1ed54\",\"operation_id\":\"ce36fc53-8e0f-435c-a456-ebbec7b44481\",\"preview_sha256\":\"sha256:0318fa152dd8334ae042e4a9193b89e7b151f4576eb37be53e98fa4b0646717a\",\"scope\":\"global\",\"scope_family\":\"global\"},{\"candidate_id\":\"dbd0e316473cf861c6a61df760eb057e20d3b245cfa8fe40adb240092ee0bd0f\",\"effect_sha256\":\"sha256:7327457c4b0fc315d5bd3ad04b55c98ce29b9f314ec343cecf0a5fc92af48d99\",\"operation_id\":\"151b8c51-19c6-4625-a312-be1fd3201911\",\"preview_sha256\":\"sha256:c4790f4f64916da4b8f2f21388b1e74b4ea7837e7d44ac19cae3b0bf4b82f3f9\",\"scope\":\"workspace:fa214bfa-cca1-4d32-8aca-e799bb7e4cba\",\"scope_family\":\"workspace_0\"},{\"candidate_id\":\"34dd5088decd919fc85891bb216347f7e530c"}
{"Time":"2026-09-05T09:14:21.385667-04:00","Action":"output","Package":"github.com/davidadel66/evie/cmd/evie","Test":"TestStage4ScopeAdapterConformance","Output":"7b6b28b6688326fcc02b5d5cad3\",\"effect_sha256\":\"sha256:593a554ead23f9a0f94d50723c0bb3a3514c746fbfdb81e4991c1e7e05df9a9c\",\"operation_id\":\"d1cc9de0-28e0-42ce-8001-16fd725c749d\",\"preview_sha256\":\"sha256:85029b84a5e7fc6b01a351d34bf485eb53435e5475d7b461eca462e6b7a04ae0\",\"scope\":\"workspace:7b586025-15b2-4356-9ab3-2f268187908a\",\"scope_family\":\"workspace_1\"},{\"candidate_id\":\"a762194bf95812d454615cf2745334c606f832674eba9f3d6f8eb31d9290673b\",\"effect_sha256\":\"sha256:6b696d2a72b0b3fdba8a76fd238a2e99f9bbadfcf9d1f77e585b1458879ffa82\",\"operation_id\":\"10d9f832-4069-4c2b-aff6-36bedfb16628\",\"preview_sha256\":\"sha256:c545e5884a90efb38d908be326f6ad5ada2356b1d8b9245bae2bcb0904bd24e0\",\"scope\":\"project:a3b4863c-111e-48fc-b18d-910d991a6971\",\"scope_family\":\"project_0\"},{\"candidate_id\":\"b730b95a455c683e289fef4f4ba4011eb90e3ac6ecdbee0b7bf7e8d94d861af4\",\"effect_sha256\":\"sha256:d126feb42bb14005d7b1502f913f82edcdb0736d9ec1b38c98c2cdfe5370f54c\",\"operation_id\":\"349102f8-5c14-4e54-919c-da1f92f6f24c\",\"preview_sha256\":\"sha256:098fc7cf7519ef315cf6"}
{"Time":"2026-09-05T09:14:21.385683-04:00","Action":"output","Package":"github.com/davidadel66/evie/cmd/evie","Test":"TestStage4ScopeAdapterConformance","Output":"49a7dc7f9842cff532e94bb4fd6f5c90b7f1077aeabb\",\"scope\":\"project:f9bc713d-884a-4cc2-81a1-d2e67afb2c4d\",\"scope_family\":\"project_1\"},{\"candidate_id\":\"63f92dd298075348ff3fe0d03d744aa1d57e4fe0304a91cc6073f9ea7ae30883\",\"effect_sha256\":\"sha256:c69b489d87de46fc3951705143ac92294ce96dd01f9516abab4d8274395cc997\",\"operation_id\":\"7d5cf2a1-ed21-4d11-a95c-f78862ea55c1\",\"preview_sha256\":\"sha256:8a2d3df1f63826266acd5b2796d1fde1ccae8a37813359ca6dc62def00b4798d\",\"scope\":\"session:895ed80e-ed57-4b99-9ed9-7e5a7803ed90\",\"scope_family\":\"session_0\"},{\"candidate_id\":\"a69ee5fc24809ea8d92a4a8e760eb8ede61289a5639dba474144ae5111e9b581\",\"effect_sha256\":\"sha256:6f47cd35cdee76e24c2f5cb804d2df324eb174feb593c190df23232f1c1f08d1\",\"operation_id\":\"ce4fa438-1c71-4641-be10-9ccab48b7e0c\",\"preview_sha256\":\"sha256:3af4781c72e2d39134a74a44f70575d9440856739a6f1496f3833b98f46c7c37\",\"scope\":\"session:aed94c0b-8592-49c6-bed4-0c1154c1d18e\",\"scope_family\":\"session_1\"}]},\"scenario\":\"scope_adapter_matrix\",\"version\":\"memory-stage-4-conformance-v1\"}\n"}
{"Time":"2026-09-05T09:14:21.393052-04:00","Action":"output","Package":"github.com/davidadel66/evie/cmd/evie","Test":"TestStage4ScopeAdapterConformance","Output":"--- PASS: TestStage4ScopeAdapterConformance (0.23s)\n"}
{"Time":"2026-09-05T09:14:21.393079-04:00","Action":"pass","Package":"github.com/davidadel66/evie/cmd/evie","Test":"TestStage4ScopeAdapterConformance","Elapsed":0.23}
{"Time":"2026-09-05T09:14:21.3931-04:00","Action":"run","Package":"github.com/davidadel66/evie/cmd/evie","Test":"TestStage4GenericStorageConformance"}
{"Time":"2026-09-05T09:14:21.393108-04:00","Action":"output","Package":"github.com/davidadel66/evie/cmd/evie","Test":"TestStage4GenericStorageConformance","Output":"=== RUN   TestStage4GenericStorageConformance\n"}
{"Time":"2026-09-05T09:14:21.447951-04:00","Action":"output","Package":"github.com/davidadel66/evie/cmd/evie","Test":"TestStage4GenericStorageConformance","Output":"    memory_stage4_scope_conformance_test.go:244: STAGE4_EVIDENCE {\"details\":{\"allowed_fixture_queries\":2,\"blocked_query_db_opens\":0,\"denied_model_queries\":308,\"exact_policy_rejections\":true,\"privileged_shell_claim\":\"unchanged documented limitation\",\"protected_tables_and_views\":77,\"unaccepted_candidate_isolated\":true,\"unquoted_direct_and_nested_queries\":true},\"scenario\":\"generic_storage_containment\",\"version\":\"memory-stage-4-conformance-v1\"}\n"}
{"Time":"2026-09-05T09:14:21.44852-04:00","Action":"output","Package":"github.com/davidadel66/evie/cmd/evie","Test":"TestStage4GenericStorageConformance","Output":"--- PASS: TestStage4GenericStorageConformance (0.06s)\n"}
{"Time":"2026-09-05T09:14:21.448583-04:00","Action":"pass","Package":"github.com/davidadel66/evie/cmd/evie","Test":"TestStage4GenericStorageConformance","Elapsed":0.06}
{"Time":"2026-09-05T09:14:21.448596-04:00","Action":"output","Package":"github.com/davidadel66/evie/cmd/evie","Output":"PASS\n"}
{"Time":"2026-09-05T09:14:21.449125-04:00","Action":"output","Package":"github.com/davidadel66/evie/cmd/evie","Output":"ok  \tgithub.com/davidadel66/evie/cmd/evie\t1.154s\n"}
{"Time":"2026-09-05T09:14:21.449138-04:00","Action":"pass","Package":"github.com/davidadel66/evie/cmd/evie","Elapsed":1.154}
{"Time":"2026-09-05T09:14:22.034022-04:00","Action":"start","Package":"github.com/davidadel66/evie/internal/eviedb"}
{"Time":"2026-09-05T09:14:22.298667-04:00","Action":"run","Package":"github.com/davidadel66/evie/internal/eviedb","Test":"TestStage4StartupRetryBoundaries"}
{"Time":"2026-09-05T09:14:22.29875-04:00","Action":"output","Package":"github.com/davidadel66/evie/internal/eviedb","Test":"TestStage4StartupRetryBoundaries","Output":"=== RUN   TestStage4StartupRetryBoundaries\n"}
{"Time":"2026-09-05T09:14:22.298791-04:00","Action":"run","Package":"github.com/davidadel66/evie/internal/eviedb","Test":"TestStage4StartupRetryBoundaries/only_typed_BUSY_retries"}
{"Time":"2026-09-05T09:14:22.298807-04:00","Action":"output","Package":"github.com/davidadel66/evie/internal/eviedb","Test":"TestStage4StartupRetryBoundaries/only_typed_BUSY_retries","Output":"=== RUN   TestStage4StartupRetryBoundaries/only_typed_BUSY_retries\n"}
{"Time":"2026-09-05T09:14:22.301464-04:00","Action":"output","Package":"github.com/davidadel66/evie/internal/eviedb","Test":"TestStage4StartupRetryBoundaries/only_typed_BUSY_retries","Output":"--- PASS: TestStage4StartupRetryBoundaries/only_typed_BUSY_retries (0.00s)\n"}
{"Time":"2026-09-05T09:14:22.301487-04:00","Action":"pass","Package":"github.com/davidadel66/evie/internal/eviedb","Test":"TestStage4StartupRetryBoundaries/only_typed_BUSY_retries","Elapsed":0}
{"Time":"2026-09-05T09:14:22.301507-04:00","Action":"run","Package":"github.com/davidadel66/evie/internal/eviedb","Test":"TestStage4StartupRetryBoundaries/cancelled_before_connection"}
{"Time":"2026-09-05T09:14:22.301513-04:00","Action":"output","Package":"github.com/davidadel66/evie/internal/eviedb","Test":"TestStage4StartupRetryBoundaries/cancelled_before_connection","Output":"=== RUN   TestStage4StartupRetryBoundaries/cancelled_before_connection\n"}
{"Time":"2026-09-05T09:14:22.30152-04:00","Action":"output","Package":"github.com/davidadel66/evie/internal/eviedb","Test":"TestStage4StartupRetryBoundaries/cancelled_before_connection","Output":"--- PASS: TestStage4StartupRetryBoundaries/cancelled_before_connection (0.00s)\n"}
{"Time":"2026-09-05T09:14:22.301533-04:00","Action":"pass","Package":"github.com/davidadel66/evie/internal/eviedb","Test":"TestStage4StartupRetryBoundaries/cancelled_before_connection","Elapsed":0}
{"Time":"2026-09-05T09:14:22.301539-04:00","Action":"run","Package":"github.com/davidadel66/evie/internal/eviedb","Test":"TestStage4StartupRetryBoundaries/cancelled_between_attempts_retains_code"}
{"Time":"2026-09-05T09:14:22.301544-04:00","Action":"output","Package":"github.com/davidadel66/evie/internal/eviedb","Test":"TestStage4StartupRetryBoundaries/cancelled_between_attempts_retains_code","Output":"=== RUN   TestStage4StartupRetryBoundaries/cancelled_between_attempts_retains_code\n"}
{"Time":"2026-09-05T09:14:22.301556-04:00","Action":"output","Package":"github.com/davidadel66/evie/internal/eviedb","Test":"TestStage4StartupRetryBoundaries/cancelled_between_attempts_retains_code","Output":"--- PASS: TestStage4StartupRetryBoundaries/cancelled_between_attempts_retains_code (0.00s)\n"}
{"Time":"2026-09-05T09:14:22.301563-04:00","Action":"pass","Package":"github.com/davidadel66/evie/internal/eviedb","Test":"TestStage4StartupRetryBoundaries/cancelled_between_attempts_retains_code","Elapsed":0}
{"Time":"2026-09-05T09:14:22.301568-04:00","Action":"run","Package":"github.com/davidadel66/evie/internal/eviedb","Test":"TestStage4StartupRetryBoundaries/retry_deadline_preserves_last_BUSY"}
{"Time":"2026-09-05T09:14:22.301573-04:00","Action":"output","Package":"github.com/davidadel66/evie/internal/eviedb","Test":"TestStage4StartupRetryBoundaries/retry_deadline_preserves_last_BUSY","Output":"=== RUN   TestStage4StartupRetryBoundaries/retry_deadline_preserves_last_BUSY\n"}
{"Time":"2026-09-05T09:14:22.312673-04:00","Action":"output","Package":"github.com/davidadel66/evie/internal/eviedb","Test":"TestStage4StartupRetryBoundaries/retry_deadline_preserves_last_BUSY","Output":"--- PASS: TestStage4StartupRetryBoundaries/retry_deadline_preserves_last_BUSY (0.01s)\n"}
{"Time":"2026-09-05T09:14:22.312684-04:00","Action":"pass","Package":"github.com/davidadel66/evie/internal/eviedb","Test":"TestStage4StartupRetryBoundaries/retry_deadline_preserves_last_BUSY","Elapsed":0.01}
{"Time":"2026-09-05T09:14:22.312705-04:00","Action":"run","Package":"github.com/davidadel66/evie/internal/eviedb","Test":"TestStage4StartupRetryBoundaries/late_successful_connection_cannot_erase_cancellation"}
{"Time":"2026-09-05T09:14:22.312727-04:00","Action":"output","Package":"github.com/davidadel66/evie/internal/eviedb","Test":"TestStage4StartupRetryBoundaries/late_successful_connection_cannot_erase_cancellation","Output":"=== RUN   TestStage4StartupRetryBoundaries/late_successful_connection_cannot_erase_cancellation\n"}
{"Time":"2026-09-05T09:14:22.31274-04:00","Action":"output","Package":"github.com/davidadel66/evie/internal/eviedb","Test":"TestStage4StartupRetryBoundaries/late_successful_connection_cannot_erase_cancellation","Output":"--- PASS: TestStage4StartupRetryBoundaries/late_successful_connection_cannot_erase_cancellation (0.00s)\n"}
{"Time":"2026-09-05T09:14:22.312746-04:00","Action":"pass","Package":"github.com/davidadel66/evie/internal/eviedb","Test":"TestStage4StartupRetryBoundaries/late_successful_connection_cannot_erase_cancellation","Elapsed":0}
{"Time":"2026-09-05T09:14:22.312753-04:00","Action":"output","Package":"github.com/davidadel66/evie/internal/eviedb","Test":"TestStage4StartupRetryBoundaries","Output":"--- PASS: TestStage4StartupRetryBoundaries (0.01s)\n"}
{"Time":"2026-09-05T09:14:22.31276-04:00","Action":"pass","Package":"github.com/davidadel66/evie/internal/eviedb","Test":"TestStage4StartupRetryBoundaries","Elapsed":0.01}
{"Time":"2026-09-05T09:14:22.312769-04:00","Action":"run","Package":"github.com/davidadel66/evie/internal/eviedb","Test":"TestStage4StartupIndependentProcesses"}
{"Time":"2026-09-05T09:14:22.312774-04:00","Action":"output","Package":"github.com/davidadel66/evie/internal/eviedb","Test":"TestStage4StartupIndependentProcesses","Output":"=== RUN   TestStage4StartupIndependentProcesses\n"}
{"Time":"2026-09-05T09:14:22.313152-04:00","Action":"run","Package":"github.com/davidadel66/evie/internal/eviedb","Test":"TestStage4StartupIndependentProcesses/fresh_0"}
{"Time":"2026-09-05T09:14:22.313161-04:00","Action":"output","Package":"github.com/davidadel66/evie/internal/eviedb","Test":"TestStage4StartupIndependentProcesses/fresh_0","Output":"=== RUN   TestStage4StartupIndependentProcesses/fresh_0\n"}
{"Time":"2026-09-05T09:14:22.398091-04:00","Action":"output","Package":"github.com/davidadel66/evie/internal/eviedb","Test":"TestStage4StartupIndependentProcesses/fresh_0","Output":"--- PASS: TestStage4StartupIndependentProcesses/fresh_0 (0.08s)\n"}
{"Time":"2026-09-05T09:14:22.398116-04:00","Action":"pass","Package":"github.com/davidadel66/evie/internal/eviedb","Test":"TestStage4StartupIndependentProcesses/fresh_0","Elapsed":0.08}
{"Time":"2026-09-05T09:14:22.398124-04:00","Action":"run","Package":"github.com/davidadel66/evie/internal/eviedb","Test":"TestStage4StartupIndependentProcesses/existing_0"}
{"Time":"2026-09-05T09:14:22.398127-04:00","Action":"output","Package":"github.com/davidadel66/evie/internal/eviedb","Test":"TestStage4StartupIndependentProcesses/existing_0","Output":"=== RUN   TestStage4StartupIndependentProcesses/existing_0\n"}
{"Time":"2026-09-05T09:14:22.425575-04:00","Action":"output","Package":"github.com/davidadel66/evie/internal/eviedb","Test":"TestStage4StartupIndependentProcesses/existing_0","Output":"--- PASS: TestStage4StartupIndependentProcesses/existing_0 (0.03s)\n"}
{"Time":"2026-09-05T09:14:22.425593-04:00","Action":"pass","Package":"github.com/davidadel66/evie/internal/eviedb","Test":"TestStage4StartupIndependentProcesses/existing_0","Elapsed":0.03}
{"Time":"2026-09-05T09:14:22.425648-04:00","Action":"run","Package":"github.com/davidadel66/evie/internal/eviedb","Test":"TestStage4StartupIndependentProcesses/fresh_1"}
{"Time":"2026-09-05T09:14:22.425652-04:00","Action":"output","Package":"github.com/davidadel66/evie/internal/eviedb","Test":"TestStage4StartupIndependentProcesses/fresh_1","Output":"=== RUN   TestStage4StartupIndependentProcesses/fresh_1\n"}
{"Time":"2026-09-05T09:14:22.495081-04:00","Action":"output","Package":"github.com/davidadel66/evie/internal/eviedb","Test":"TestStage4StartupIndependentProcesses/fresh_1","Output":"--- PASS: TestStage4StartupIndependentProcesses/fresh_1 (0.07s)\n"}
{"Time":"2026-09-05T09:14:22.495102-04:00","Action":"pass","Package":"github.com/davidadel66/evie/internal/eviedb","Test":"TestStage4StartupIndependentProcesses/fresh_1","Elapsed":0.07}
{"Time":"2026-09-05T09:14:22.495108-04:00","Action":"run","Package":"github.com/davidadel66/evie/internal/eviedb","Test":"TestStage4StartupIndependentProcesses/existing_1"}
{"Time":"2026-09-05T09:14:22.49511-04:00","Action":"output","Package":"github.com/davidadel66/evie/internal/eviedb","Test":"TestStage4StartupIndependentProcesses/existing_1","Output":"=== RUN   TestStage4StartupIndependentProcesses/existing_1\n"}
{"Time":"2026-09-05T09:14:22.521817-04:00","Action":"output","Package":"github.com/davidadel66/evie/internal/eviedb","Test":"TestStage4StartupIndependentProcesses/existing_1","Output":"--- PASS: TestStage4StartupIndependentProcesses/existing_1 (0.03s)\n"}
{"Time":"2026-09-05T09:14:22.521835-04:00","Action":"pass","Package":"github.com/davidadel66/evie/internal/eviedb","Test":"TestStage4StartupIndependentProcesses/existing_1","Elapsed":0.03}
{"Time":"2026-09-05T09:14:22.521911-04:00","Action":"run","Package":"github.com/davidadel66/evie/internal/eviedb","Test":"TestStage4StartupIndependentProcesses/fresh_2"}
{"Time":"2026-09-05T09:14:22.521915-04:00","Action":"output","Package":"github.com/davidadel66/evie/internal/eviedb","Test":"TestStage4StartupIndependentProcesses/fresh_2","Output":"=== RUN   TestStage4StartupIndependentProcesses/fresh_2\n"}
{"Time":"2026-09-05T09:14:22.581321-04:00","Action":"output","Package":"github.com/davidadel66/evie/internal/eviedb","Test":"TestStage4StartupIndependentProcesses/fresh_2","Output":"--- PASS: TestStage4StartupIndependentProcesses/fresh_2 (0.06s)\n"}
{"Time":"2026-09-05T09:14:22.581336-04:00","Action":"pass","Package":"github.com/davidadel66/evie/internal/eviedb","Test":"TestStage4StartupIndependentProcesses/fresh_2","Elapsed":0.06}
{"Time":"2026-09-05T09:14:22.581352-04:00","Action":"run","Package":"github.com/davidadel66/evie/internal/eviedb","Test":"TestStage4StartupIndependentProcesses/existing_2"}
{"Time":"2026-09-05T09:14:22.581355-04:00","Action":"output","Package":"github.com/davidadel66/evie/internal/eviedb","Test":"TestStage4StartupIndependentProcesses/existing_2","Output":"=== RUN   TestStage4StartupIndependentProcesses/existing_2\n"}
{"Time":"2026-09-05T09:14:22.609156-04:00","Action":"output","Package":"github.com/davidadel66/evie/internal/eviedb","Test":"TestStage4StartupIndependentProcesses/existing_2","Output":"--- PASS: TestStage4StartupIndependentProcesses/existing_2 (0.03s)\n"}
{"Time":"2026-09-05T09:14:22.609175-04:00","Action":"pass","Package":"github.com/davidadel66/evie/internal/eviedb","Test":"TestStage4StartupIndependentProcesses/existing_2","Elapsed":0.03}
{"Time":"2026-09-05T09:14:22.609251-04:00","Action":"run","Package":"github.com/davidadel66/evie/internal/eviedb","Test":"TestStage4StartupIndependentProcesses/fresh_3"}
{"Time":"2026-09-05T09:14:22.609256-04:00","Action":"output","Package":"github.com/davidadel66/evie/internal/eviedb","Test":"TestStage4StartupIndependentProcesses/fresh_3","Output":"=== RUN   TestStage4StartupIndependentProcesses/fresh_3\n"}
{"Time":"2026-09-05T09:14:22.673005-04:00","Action":"output","Package":"github.com/davidadel66/evie/internal/eviedb","Test":"TestStage4StartupIndependentProcesses/fresh_3","Output":"--- PASS: TestStage4StartupIndependentProcesses/fresh_3 (0.06s)\n"}
{"Time":"2026-09-05T09:14:22.673024-04:00","Action":"pass","Package":"github.com/davidadel66/evie/internal/eviedb","Test":"TestStage4StartupIndependentProcesses/fresh_3","Elapsed":0.06}
{"Time":"2026-09-05T09:14:22.673031-04:00","Action":"run","Package":"github.com/davidadel66/evie/internal/eviedb","Test":"TestStage4StartupIndependentProcesses/existing_3"}
{"Time":"2026-09-05T09:14:22.673034-04:00","Action":"output","Package":"github.com/davidadel66/evie/internal/eviedb","Test":"TestStage4StartupIndependentProcesses/existing_3","Output":"=== RUN   TestStage4StartupIndependentProcesses/existing_3\n"}
{"Time":"2026-09-05T09:14:22.699913-04:00","Action":"output","Package":"github.com/davidadel66/evie/internal/eviedb","Test":"TestStage4StartupIndependentProcesses/existing_3","Output":"--- PASS: TestStage4StartupIndependentProcesses/existing_3 (0.03s)\n"}
{"Time":"2026-09-05T09:14:22.699937-04:00","Action":"pass","Package":"github.com/davidadel66/evie/internal/eviedb","Test":"TestStage4StartupIndependentProcesses/existing_3","Elapsed":0.03}
{"Time":"2026-09-05T09:14:22.700012-04:00","Action":"run","Package":"github.com/davidadel66/evie/internal/eviedb","Test":"TestStage4StartupIndependentProcesses/fresh_4"}
{"Time":"2026-09-05T09:14:22.700018-04:00","Action":"output","Package":"github.com/davidadel66/evie/internal/eviedb","Test":"TestStage4StartupIndependentProcesses/fresh_4","Output":"=== RUN   TestStage4StartupIndependentProcesses/fresh_4\n"}
{"Time":"2026-09-05T09:14:22.769064-04:00","Action":"output","Package":"github.com/davidadel66/evie/internal/eviedb","Test":"TestStage4StartupIndependentProcesses/fresh_4","Output":"--- PASS: TestStage4StartupIndependentProcesses/fresh_4 (0.07s)\n"}
{"Time":"2026-09-05T09:14:22.769084-04:00","Action":"pass","Package":"github.com/davidadel66/evie/internal/eviedb","Test":"TestStage4StartupIndependentProcesses/fresh_4","Elapsed":0.07}
{"Time":"2026-09-05T09:14:22.769091-04:00","Action":"run","Package":"github.com/davidadel66/evie/internal/eviedb","Test":"TestStage4StartupIndependentProcesses/existing_4"}
{"Time":"2026-09-05T09:14:22.769094-04:00","Action":"output","Package":"github.com/davidadel66/evie/internal/eviedb","Test":"TestStage4StartupIndependentProcesses/existing_4","Output":"=== RUN   TestStage4StartupIndependentProcesses/existing_4\n"}
{"Time":"2026-09-05T09:14:22.805722-04:00","Action":"output","Package":"github.com/davidadel66/evie/internal/eviedb","Test":"TestStage4StartupIndependentProcesses/existing_4","Output":"--- PASS: TestStage4StartupIndependentProcesses/existing_4 (0.04s)\n"}
{"Time":"2026-09-05T09:14:22.80574-04:00","Action":"pass","Package":"github.com/davidadel66/evie/internal/eviedb","Test":"TestStage4StartupIndependentProcesses/existing_4","Elapsed":0.04}
{"Time":"2026-09-05T09:14:22.805804-04:00","Action":"run","Package":"github.com/davidadel66/evie/internal/eviedb","Test":"TestStage4StartupIndependentProcesses/fresh_5"}
{"Time":"2026-09-05T09:14:22.805808-04:00","Action":"output","Package":"github.com/davidadel66/evie/internal/eviedb","Test":"TestStage4StartupIndependentProcesses/fresh_5","Output":"=== RUN   TestStage4StartupIndependentProcesses/fresh_5\n"}
{"Time":"2026-09-05T09:14:22.883378-04:00","Action":"output","Package":"github.com/davidadel66/evie/internal/eviedb","Test":"TestStage4StartupIndependentProcesses/fresh_5","Output":"--- PASS: TestStage4StartupIndependentProcesses/fresh_5 (0.08s)\n"}
{"Time":"2026-09-05T09:14:22.883396-04:00","Action":"pass","Package":"github.com/davidadel66/evie/internal/eviedb","Test":"TestStage4StartupIndependentProcesses/fresh_5","Elapsed":0.08}
{"Time":"2026-09-05T09:14:22.883407-04:00","Action":"run","Package":"github.com/davidadel66/evie/internal/eviedb","Test":"TestStage4StartupIndependentProcesses/existing_5"}
{"Time":"2026-09-05T09:14:22.883411-04:00","Action":"output","Package":"github.com/davidadel66/evie/internal/eviedb","Test":"TestStage4StartupIndependentProcesses/existing_5","Output":"=== RUN   TestStage4StartupIndependentProcesses/existing_5\n"}
{"Time":"2026-09-05T09:14:22.912114-04:00","Action":"output","Package":"github.com/davidadel66/evie/internal/eviedb","Test":"TestStage4StartupIndependentProcesses/existing_5","Output":"--- PASS: TestStage4StartupIndependentProcesses/existing_5 (0.03s)\n"}
{"Time":"2026-09-05T09:14:22.912136-04:00","Action":"pass","Package":"github.com/davidadel66/evie/internal/eviedb","Test":"TestStage4StartupIndependentProcesses/existing_5","Elapsed":0.03}
{"Time":"2026-09-05T09:14:22.912207-04:00","Action":"run","Package":"github.com/davidadel66/evie/internal/eviedb","Test":"TestStage4StartupIndependentProcesses/fresh_6"}
{"Time":"2026-09-05T09:14:22.912216-04:00","Action":"output","Package":"github.com/davidadel66/evie/internal/eviedb","Test":"TestStage4StartupIndependentProcesses/fresh_6","Output":"=== RUN   TestStage4StartupIndependentProcesses/fresh_6\n"}
{"Time":"2026-09-05T09:14:22.97695-04:00","Action":"output","Package":"github.com/davidadel66/evie/internal/eviedb","Test":"TestStage4StartupIndependentProcesses/fresh_6","Output":"--- PASS: TestStage4StartupIndependentProcesses/fresh_6 (0.06s)\n"}
{"Time":"2026-09-05T09:14:22.976971-04:00","Action":"pass","Package":"github.com/davidadel66/evie/internal/eviedb","Test":"TestStage4StartupIndependentProcesses/fresh_6","Elapsed":0.06}
{"Time":"2026-09-05T09:14:22.976978-04:00","Action":"run","Package":"github.com/davidadel66/evie/internal/eviedb","Test":"TestStage4StartupIndependentProcesses/existing_6"}
{"Time":"2026-09-05T09:14:22.976981-04:00","Action":"output","Package":"github.com/davidadel66/evie/internal/eviedb","Test":"TestStage4StartupIndependentProcesses/existing_6","Output":"=== RUN   TestStage4StartupIndependentProcesses/existing_6\n"}
{"Time":"2026-09-05T09:14:23.008183-04:00","Action":"output","Package":"github.com/davidadel66/evie/internal/eviedb","Test":"TestStage4StartupIndependentProcesses/existing_6","Output":"--- PASS: TestStage4StartupIndependentProcesses/existing_6 (0.03s)\n"}
{"Time":"2026-09-05T09:14:23.008201-04:00","Action":"pass","Package":"github.com/davidadel66/evie/internal/eviedb","Test":"TestStage4StartupIndependentProcesses/existing_6","Elapsed":0.03}
{"Time":"2026-09-05T09:14:23.008274-04:00","Action":"run","Package":"github.com/davidadel66/evie/internal/eviedb","Test":"TestStage4StartupIndependentProcesses/fresh_7"}
{"Time":"2026-09-05T09:14:23.008279-04:00","Action":"output","Package":"github.com/davidadel66/evie/internal/eviedb","Test":"TestStage4StartupIndependentProcesses/fresh_7","Output":"=== RUN   TestStage4StartupIndependentProcesses/fresh_7\n"}
{"Time":"2026-09-05T09:14:23.098183-04:00","Action":"output","Package":"github.com/davidadel66/evie/internal/eviedb","Test":"TestStage4StartupIndependentProcesses/fresh_7","Output":"--- PASS: TestStage4StartupIndependentProcesses/fresh_7 (0.09s)\n"}
{"Time":"2026-09-05T09:14:23.098202-04:00","Action":"pass","Package":"github.com/davidadel66/evie/internal/eviedb","Test":"TestStage4StartupIndependentProcesses/fresh_7","Elapsed":0.09}
{"Time":"2026-09-05T09:14:23.098209-04:00","Action":"run","Package":"github.com/davidadel66/evie/internal/eviedb","Test":"TestStage4StartupIndependentProcesses/existing_7"}
{"Time":"2026-09-05T09:14:23.098212-04:00","Action":"output","Package":"github.com/davidadel66/evie/internal/eviedb","Test":"TestStage4StartupIndependentProcesses/existing_7","Output":"=== RUN   TestStage4StartupIndependentProcesses/existing_7\n"}
{"Time":"2026-09-05T09:14:23.124573-04:00","Action":"output","Package":"github.com/davidadel66/evie/internal/eviedb","Test":"TestStage4StartupIndependentProcesses/existing_7","Output":"--- PASS: TestStage4StartupIndependentProcesses/existing_7 (0.03s)\n"}
{"Time":"2026-09-05T09:14:23.124594-04:00","Action":"pass","Package":"github.com/davidadel66/evie/internal/eviedb","Test":"TestStage4StartupIndependentProcesses/existing_7","Elapsed":0.03}
{"Time":"2026-09-05T09:14:23.124639-04:00","Action":"output","Package":"github.com/davidadel66/evie/internal/eviedb","Test":"TestStage4StartupIndependentProcesses","Output":"    sqlite_startup_test.go:201: STAGE4_EVIDENCE {\"details\":{\"busy_timeout_ms\":5000,\"file_mode\":\"0600\",\"foreign_keys\":1,\"fresh_and_existing\":true,\"independent_starts\":48,\"journal_mode\":\"wal\",\"sqlite_version\":\"3.53.2\",\"unprimed_connections\":true},\"scenario\":\"public_sqlite_startup\",\"version\":\"memory-stage-4-conformance-v1\"}\n"}
{"Time":"2026-09-05T09:14:23.12574-04:00","Action":"output","Package":"github.com/davidadel66/evie/internal/eviedb","Test":"TestStage4StartupIndependentProcesses","Output":"--- PASS: TestStage4StartupIndependentProcesses (0.81s)\n"}
{"Time":"2026-09-05T09:14:23.125746-04:00","Action":"pass","Package":"github.com/davidadel66/evie/internal/eviedb","Test":"TestStage4StartupIndependentProcesses","Elapsed":0.81}
{"Time":"2026-09-05T09:14:23.125757-04:00","Action":"run","Package":"github.com/davidadel66/evie/internal/eviedb","Test":"TestStage4StartupIncompatibleSchemaFailsWithoutRewrite"}
{"Time":"2026-09-05T09:14:23.12576-04:00","Action":"output","Package":"github.com/davidadel66/evie/internal/eviedb","Test":"TestStage4StartupIncompatibleSchemaFailsWithoutRewrite","Output":"=== RUN   TestStage4StartupIncompatibleSchemaFailsWithoutRewrite\n"}
{"Time":"2026-09-05T09:14:23.153377-04:00","Action":"output","Package":"github.com/davidadel66/evie/internal/eviedb","Test":"TestStage4StartupIncompatibleSchemaFailsWithoutRewrite","Output":"--- PASS: TestStage4StartupIncompatibleSchemaFailsWithoutRewrite (0.03s)\n"}
{"Time":"2026-09-05T09:14:23.153392-04:00","Action":"pass","Package":"github.com/davidadel66/evie/internal/eviedb","Test":"TestStage4StartupIncompatibleSchemaFailsWithoutRewrite","Elapsed":0.03}
{"Time":"2026-09-05T09:14:23.153397-04:00","Action":"run","Package":"github.com/davidadel66/evie/internal/eviedb","Test":"TestStage4ProcessConformanceWorkerRecovery"}
{"Time":"2026-09-05T09:14:23.1534-04:00","Action":"output","Package":"github.com/davidadel66/evie/internal/eviedb","Test":"TestStage4ProcessConformanceWorkerRecovery","Output":"=== RUN   TestStage4ProcessConformanceWorkerRecovery\n"}
{"Time":"2026-09-05T09:14:23.153412-04:00","Action":"run","Package":"github.com/davidadel66/evie/internal/eviedb","Test":"TestStage4ProcessConformanceWorkerRecovery/process_crash"}
{"Time":"2026-09-05T09:14:23.153416-04:00","Action":"output","Package":"github.com/davidadel66/evie/internal/eviedb","Test":"TestStage4ProcessConformanceWorkerRecovery/process_crash","Output":"=== RUN   TestStage4ProcessConformanceWorkerRecovery/process_crash\n"}
{"Time":"2026-09-05T09:14:23.28067-04:00","Action":"output","Package":"github.com/davidadel66/evie/internal/eviedb","Test":"TestStage4ProcessConformanceWorkerRecovery/process_crash","Output":"    stage4_process_conformance_test.go:141: STAGE4_EVIDENCE {\"assertions\":{\"duplicate_dispatch_absent\":true,\"durable_attempts\":true,\"exact_release_verified\":true,\"exact_source_authority\":true,\"mismatched_ack_blocked\":true,\"real_processes\":true,\"single_candidate_publication\":true,\"unaccepted_graph_unchanged\":true,\"unknown_capacity_blocked\":true},\"scenario\":\"process_crash\",\"version\":\"memory-stage-4-conformance-v1\"}\n"}
{"Time":"2026-09-05T09:14:23.284527-04:00","Action":"output","Package":"github.com/davidadel66/evie/internal/eviedb","Test":"TestStage4ProcessConformanceWorkerRecovery/process_crash","Output":"--- PASS: TestStage4ProcessConformanceWorkerRecovery/process_crash (0.13s)\n"}
{"Time":"2026-09-05T09:14:23.284534-04:00","Action":"pass","Package":"github.com/davidadel66/evie/internal/eviedb","Test":"TestStage4ProcessConformanceWorkerRecovery/process_crash","Elapsed":0.13}
{"Time":"2026-09-05T09:14:23.28454-04:00","Action":"run","Package":"github.com/davidadel66/evie/internal/eviedb","Test":"TestStage4ProcessConformanceWorkerRecovery/expired_late_delivery"}
{"Time":"2026-09-05T09:14:23.284543-04:00","Action":"output","Package":"github.com/davidadel66/evie/internal/eviedb","Test":"TestStage4ProcessConformanceWorkerRecovery/expired_late_delivery","Output":"=== RUN   TestStage4ProcessConformanceWorkerRecovery/expired_late_delivery\n"}
{"Time":"2026-09-05T09:14:23.421264-04:00","Action":"output","Package":"github.com/davidadel66/evie/internal/eviedb","Test":"TestStage4ProcessConformanceWorkerRecovery/expired_late_delivery","Output":"    stage4_process_conformance_test.go:141: STAGE4_EVIDENCE {\"assertions\":{\"duplicate_dispatch_absent\":true,\"durable_attempts\":true,\"exact_release_verified\":true,\"exact_source_authority\":true,\"mismatched_ack_blocked\":true,\"real_processes\":true,\"replacement_capacity_preserved\":true,\"single_candidate_publication\":true,\"stale_delivery_fenced\":true,\"unaccepted_graph_unchanged\":true,\"unknown_capacity_blocked\":true},\"scenario\":\"expired_late_delivery\",\"version\":\"memory-stage-4-conformance-v1\"}\n"}
{"Time":"2026-09-05T09:14:23.425444-04:00","Action":"output","Package":"github.com/davidadel66/evie/internal/eviedb","Test":"TestStage4ProcessConformanceWorkerRecovery/expired_late_delivery","Output":"--- PASS: TestStage4ProcessConformanceWorkerRecovery/expired_late_delivery (0.14s)\n"}
{"Time":"2026-09-05T09:14:23.425457-04:00","Action":"pass","Package":"github.com/davidadel66/evie/internal/eviedb","Test":"TestStage4ProcessConformanceWorkerRecovery/expired_late_delivery","Elapsed":0.14}
{"Time":"2026-09-05T09:14:23.425465-04:00","Action":"run","Package":"github.com/davidadel66/evie/internal/eviedb","Test":"TestStage4ProcessConformanceWorkerRecovery/cancelled_late_delivery"}
{"Time":"2026-09-05T09:14:23.425468-04:00","Action":"output","Package":"github.com/davidadel66/evie/internal/eviedb","Test":"TestStage4ProcessConformanceWorkerRecovery/cancelled_late_delivery","Output":"=== RUN   TestStage4ProcessConformanceWorkerRecovery/cancelled_late_delivery\n"}
{"Time":"2026-09-05T09:14:23.558355-04:00","Action":"output","Package":"github.com/davidadel66/evie/internal/eviedb","Test":"TestStage4ProcessConformanceWorkerRecovery/cancelled_late_delivery","Output":"    stage4_process_conformance_test.go:141: STAGE4_EVIDENCE {\"assertions\":{\"duplicate_dispatch_absent\":true,\"durable_attempts\":true,\"exact_release_verified\":true,\"exact_source_authority\":true,\"mismatched_ack_blocked\":true,\"real_processes\":true,\"replacement_capacity_preserved\":true,\"single_candidate_publication\":true,\"stale_delivery_fenced\":true,\"unaccepted_graph_unchanged\":true,\"unknown_capacity_blocked\":true},\"scenario\":\"cancelled_late_delivery\",\"version\":\"memory-stage-4-conformance-v1\"}\n"}
{"Time":"2026-09-05T09:14:23.562701-04:00","Action":"output","Package":"github.com/davidadel66/evie/internal/eviedb","Test":"TestStage4ProcessConformanceWorkerRecovery/cancelled_late_delivery","Output":"--- PASS: TestStage4ProcessConformanceWorkerRecovery/cancelled_late_delivery (0.14s)\n"}
{"Time":"2026-09-05T09:14:23.562717-04:00","Action":"pass","Package":"github.com/davidadel66/evie/internal/eviedb","Test":"TestStage4ProcessConformanceWorkerRecovery/cancelled_late_delivery","Elapsed":0.14}
{"Time":"2026-09-05T09:14:23.562726-04:00","Action":"output","Package":"github.com/davidadel66/evie/internal/eviedb","Test":"TestStage4ProcessConformanceWorkerRecovery","Output":"--- PASS: TestStage4ProcessConformanceWorkerRecovery (0.41s)\n"}
{"Time":"2026-09-05T09:14:23.56273-04:00","Action":"pass","Package":"github.com/davidadel66/evie/internal/eviedb","Test":"TestStage4ProcessConformanceWorkerRecovery","Elapsed":0.41}
{"Time":"2026-09-05T09:14:23.562736-04:00","Action":"run","Package":"github.com/davidadel66/evie/internal/eviedb","Test":"TestStage4ProcessConformanceReviewCommitRecovery"}
{"Time":"2026-09-05T09:14:23.562739-04:00","Action":"output","Package":"github.com/davidadel66/evie/internal/eviedb","Test":"TestStage4ProcessConformanceReviewCommitRecovery","Output":"=== RUN   TestStage4ProcessConformanceReviewCommitRecovery\n"}
{"Time":"2026-09-05T09:14:23.562741-04:00","Action":"run","Package":"github.com/davidadel66/evie/internal/eviedb","Test":"TestStage4ProcessConformanceReviewCommitRecovery/before_commit"}
{"Time":"2026-09-05T09:14:23.562744-04:00","Action":"output","Package":"github.com/davidadel66/evie/internal/eviedb","Test":"TestStage4ProcessConformanceReviewCommitRecovery/before_commit","Output":"=== RUN   TestStage4ProcessConformanceReviewCommitRecovery/before_commit\n"}
{"Time":"2026-09-05T09:14:23.709012-04:00","Action":"output","Package":"github.com/davidadel66/evie/internal/eviedb","Test":"TestStage4ProcessConformanceReviewCommitRecovery/before_commit","Output":"    stage4_process_conformance_test.go:198: STAGE4_EVIDENCE {\"assertions\":{\"atomic_effects\":true,\"canonical_replay_valid\":true,\"competing_duplicate_receipts_equal\":true,\"prior_resolution_visible\":true,\"real_process_exit_at_review_commit\":true,\"single_canonical_operation\":true},\"scenario\":\"before_commit\",\"version\":\"memory-stage-4-conformance-v1\"}\n"}
{"Time":"2026-09-05T09:14:23.713129-04:00","Action":"output","Package":"github.com/davidadel66/evie/internal/eviedb","Test":"TestStage4ProcessConformanceReviewCommitRecovery/before_commit","Output":"--- PASS: TestStage4ProcessConformanceReviewCommitRecovery/before_commit (0.15s)\n"}
{"Time":"2026-09-05T09:14:23.713145-04:00","Action":"pass","Package":"github.com/davidadel66/evie/internal/eviedb","Test":"TestStage4ProcessConformanceReviewCommitRecovery/before_commit","Elapsed":0.15}
{"Time":"2026-09-05T09:14:23.713151-04:00","Action":"run","Package":"github.com/davidadel66/evie/internal/eviedb","Test":"TestStage4ProcessConformanceReviewCommitRecovery/after_commit"}
{"Time":"2026-09-05T09:14:23.713154-04:00","Action":"output","Package":"github.com/davidadel66/evie/internal/eviedb","Test":"TestStage4ProcessConformanceReviewCommitRecovery/after_commit","Output":"=== RUN   TestStage4ProcessConformanceReviewCommitRecovery/after_commit\n"}
{"Time":"2026-09-05T09:14:23.876907-04:00","Action":"output","Package":"github.com/davidadel66/evie/internal/eviedb","Test":"TestStage4ProcessConformanceReviewCommitRecovery/after_commit","Output":"    stage4_process_conformance_test.go:198: STAGE4_EVIDENCE {\"assertions\":{\"atomic_effects\":true,\"canonical_replay_valid\":true,\"competing_duplicate_receipts_equal\":true,\"prior_resolution_visible\":true,\"real_process_exit_at_review_commit\":true,\"single_canonical_operation\":true},\"scenario\":\"after_commit\",\"version\":\"memory-stage-4-conformance-v1\"}\n"}
{"Time":"2026-09-05T09:14:23.881404-04:00","Action":"output","Package":"github.com/davidadel66/evie/internal/eviedb","Test":"TestStage4ProcessConformanceReviewCommitRecovery/after_commit","Output":"--- PASS: TestStage4ProcessConformanceReviewCommitRecovery/after_commit (0.17s)\n"}
{"Time":"2026-09-05T09:14:23.881415-04:00","Action":"pass","Package":"github.com/davidadel66/evie/internal/eviedb","Test":"TestStage4ProcessConformanceReviewCommitRecovery/after_commit","Elapsed":0.17}
{"Time":"2026-09-05T09:14:23.88142-04:00","Action":"output","Package":"github.com/davidadel66/evie/internal/eviedb","Test":"TestStage4ProcessConformanceReviewCommitRecovery","Output":"--- PASS: TestStage4ProcessConformanceReviewCommitRecovery (0.32s)\n"}
{"Time":"2026-09-05T09:14:23.881424-04:00","Action":"pass","Package":"github.com/davidadel66/evie/internal/eviedb","Test":"TestStage4ProcessConformanceReviewCommitRecovery","Elapsed":0.32}
{"Time":"2026-09-05T09:14:23.881451-04:00","Action":"output","Package":"github.com/davidadel66/evie/internal/eviedb","Output":"PASS\n"}
{"Time":"2026-09-05T09:14:23.881924-04:00","Action":"output","Package":"github.com/davidadel66/evie/internal/eviedb","Output":"ok  \tgithub.com/davidadel66/evie/internal/eviedb\t1.848s\n"}
{"Time":"2026-09-05T09:14:23.881933-04:00","Action":"pass","Package":"github.com/davidadel66/evie/internal/eviedb","Elapsed":1.8479999999999999}
